Component: ARM Compiler 5.06 update 1 (build 61) Tool: armlink [4d35a8]

==============================================================================

Section Cross References

    flashb.o(i.bFlashAutoSelect) refers to flashb.o(i.bFlashWrite) for bFlashWrite
    flashb.o(i.bFlashAutoSelect) refers to flashb.o(i.bFlashRead) for bFlashRead
    flashb.o(i.bFlashAutoSelect) refers to flashb.o(.constdata) for BlockOffset
    flashb.o(i.bFlashBlockErase) refers to flashb.o(i.bFlashAutoSelect) for bFlashAutoSelect
    flashb.o(i.bFlashBlockErase) refers to flashb.o(i.bFlashWrite) for bFlashWrite
    flashb.o(i.bFlashBlockErase) refers to flashb.o(i.bFlashRead) for bFlashRead
    flashb.o(i.bFlashBlockErase) refers to flashb.o(i.bFlashDataToggle) for bFlashDataToggle
    flashb.o(i.bFlashBlockErase) refers to flashb.o(i.bFlashReadReset) for bFlashReadReset
    flashb.o(i.bFlashBlockErase) refers to flashb.o(.constdata) for BlockOffset
    flashb.o(i.bFlashChipErase) refers to flashb.o(i.bFlashAutoSelect) for bFlashAutoSelect
    flashb.o(i.bFlashChipErase) refers to flashb.o(i.bFlashWrite) for bFlashWrite
    flashb.o(i.bFlashChipErase) refers to flashb.o(i.bFlashDataToggle) for bFlashDataToggle
    flashb.o(i.bFlashChipErase) refers to flashb.o(i.bFlashReadReset) for bFlashReadReset
    flashb.o(i.bFlashDataToggle) refers to flashb.o(i.bFlashRead) for bFlashRead
    flashb.o(i.bFlashMBlockErase) refers to flashb.o(i.bFlashAutoSelect) for bFlashAutoSelect
    flashb.o(i.bFlashMBlockErase) refers to flashb.o(i.bFlashWrite) for bFlashWrite
    flashb.o(i.bFlashMBlockErase) refers to flashb.o(i.bFlashRead) for bFlashRead
    flashb.o(i.bFlashMBlockErase) refers to flashb.o(i.bFlashDataToggle) for bFlashDataToggle
    flashb.o(i.bFlashMBlockErase) refers to flashb.o(i.bFlashReadReset) for bFlashReadReset
    flashb.o(i.bFlashMBlockErase) refers to flashb.o(.constdata) for BlockOffset
    flashb.o(i.bFlashProgram) refers to flashb.o(i.bFlashAutoSelect) for bFlashAutoSelect
    flashb.o(i.bFlashProgram) refers to flashb.o(i.wFlashProgramAWord) for wFlashProgramAWord
    flashb.o(i.bFlashProgram) refers to flashb.o(.constdata) for BlockOffset
    flashb.o(i.bFlashReadReset) refers to flashb.o(i.bFlashWrite) for bFlashWrite
    flashb.o(i.bFlashReadReset) refers to flashb.o(i.bFlashPause) for bFlashPause
    flashb.o(i.wFlashProgramAWord) refers to flashb.o(i.bFlashWrite) for bFlashWrite
    flashb.o(i.wFlashProgramAWord) refers to flashb.o(i.wFlashWrite) for wFlashWrite
    flashb.o(i.wFlashProgramAWord) refers to flashb.o(i.bFlashDataToggle) for bFlashDataToggle
    flashb.o(i.wFlashProgramAWord) refers to flashb.o(i.bFlashReadReset) for bFlashReadReset
    fsmc_sram.o(i.FSMC_IOInit) refers to stm32f10x_rcc.o(i.RCC_APB2PeriphClockCmd) for RCC_APB2PeriphClockCmd
    fsmc_sram.o(i.FSMC_IOInit) refers to stm32f10x_gpio.o(i.GPIO_Init) for GPIO_Init
    fsmc_sram.o(i.FSMC_Init) refers to stm32f10x_rcc.o(i.RCC_AHBPeriphClockCmd) for RCC_AHBPeriphClockCmd
    fsmc_sram.o(i.FSMC_Init) refers to fsmc_sram.o(i.FSMC_IOInit) for FSMC_IOInit
    fsmc_sram.o(i.FSMC_Init) refers to stm32f10x_fsmc.o(i.FSMC_NORSRAMInit) for FSMC_NORSRAMInit
    fsmc_sram.o(i.FSMC_Init) refers to stm32f10x_fsmc.o(i.FSMC_NORSRAMCmd) for FSMC_NORSRAMCmd
    fsmc_sram.o(i.SRAM_ReadBuffer) refers to memcpya.o(.text) for __aeabi_memcpy
    fsmc_sram.o(i.SRAM_WriteBuffer) refers to memcpya.o(.text) for __aeabi_memcpy
    interface.o(i.Beep) refers to keyboard.o(.data) for beep_len
    interface.o(i.Bell) refers to interface.o(i.Beep) for Beep
    interface.o(i.Bios) refers to print_main.o(i.RSPrint) for RSPrint
    interface.o(i.Bios) refers to strlen.o(.text) for strlen
    interface.o(i.Bios) refers to usart.o(i.USART_printf) for USART_printf
    interface.o(i.Bios) refers to memory.o(.bss) for ApplVar
    interface.o(i.Bios_1) refers to print_main.o(i.Get_Printer_status) for Get_Printer_status
    interface.o(i.Bios_1) refers to print_main.o(i.RSPrint) for RSPrint
    interface.o(i.Bios_1) refers to led_customer.o(i.LED_On) for LED_On
    interface.o(i.Bios_1) refers to led_customer.o(i.PutsO_Saved) for PutsO_Saved
    interface.o(i.Bios_1) refers to led_customer.o(i.LED_Off) for LED_Off
    interface.o(i.Bios_1) refers to keyboard.o(i.EnableBeep) for EnableBeep
    interface.o(i.Bios_1) refers to interface.o(i.Beep) for Beep
    interface.o(i.Bios_1) refers to rtc.o(i.rtc_gettime) for rtc_gettime
    interface.o(i.Bios_1) refers to rtc.o(i.rtc_settime) for rtc_settime
    interface.o(i.Bios_1) refers to keyboard.o(i.CheckKeyboard) for CheckKeyboard
    interface.o(i.Bios_1) refers to usart.o(i.USART_printf) for USART_printf
    interface.o(i.Bios_1) refers to print_def.o(.data) for Printer_Status
    interface.o(i.Bios_1) refers to memory.o(.bss) for ApplVar
    interface.o(i.Bios_1) refers to interface.o(.data) for rtc_date
[...]
    0x0800ff22   0x00000002   PAD
    0x0800ff24   0x00000090   Code   RO         8205    i.GPIO_PinRemapConfig  stm32f10x_gpio.o
    0x0800ffb4   0x00000004   Code   RO         8211    i.GPIO_SetBits      stm32f10x_gpio.o
    0x0800ffb8   0x000000fc   Code   RO         3847    i.GPRSCheckACK      gprs.o
    0x080100b4   0x00000058   Code   RO         3848    i.GPRSCloseTCPIP    gprs.o
    0x0801010c   0x0000008c   Code   RO         3849    i.GPRSConnectAPN    gprs.o
    0x08010198   0x000000f8   Code   RO         3850    i.GPRSConnect_TCPIP  gprs.o
    0x08010290   0x000000c4   Code   RO         3851    i.GPRSDecodeECRRecord  gprs.o
    0x08010354   0x000003cc   Code   RO         3852    i.GPRSDownloadEcrPLUData  gprs.o
    0x08010720   0x0000002c   Code   RO         3853    i.GPRSHand          gprs.o
    0x0801074c   0x00000064   Code   RO         3854    i.GPRSReadAString   gprs.o
    0x080107b0   0x00000090   Code   RO         3856    i.GPRSRegisterTCPIP  gprs.o
    0x08010840   0x00000064   Code   RO         3857    i.GPRSReset         gprs.o
    0x080108a4   0x00000084   Code   RO         3858    i.GPRSSIM_Exist     gprs.o
    0x08010928   0x00000026   Code   RO         3859    i.GPRSSendAString   gprs.o
    0x0801094e   0x00000010   Code   RO         3860    i.GPRSSendByte      gprs.o
    0x0801095e   0x00000002   PAD
    0x08010960   0x000000f4   Code   RO         3861    i.GPRSSendECRData   gprs.o
    0x08010a54   0x000000b8   Code   RO         3862    i.GPRSSendECR_HeartBeat  gprs.o
    0x08010b0c   0x000002fc   Code   RO         3863    i.GPRSSendECR_LOG   gprs.o
    0x08010e08   0x00000054   Code   RO         3864    i.GPRSSendECR_LOG_All  gprs.o
    0x08010e5c   0x0000003c   Code   RO         3865    i.GPRSSendHEX       gprs.o
    0x08010e98   0x00000020   Code   RO         3867    i.GPRSSend_ATE0     gprs.o
    0x08010eb8   0x00000040   Code   RO         3869    i.GPRSSkipReceived  gprs.o
    0x08010ef8   0x000001a4   Code   RO         3870    i.GPRSStartGprs     gprs.o
    0x0801109c   0x000000a0   Code   RO         3871    i.GPRSWaitForOK     gprs.o
    0x0801113c   0x0000018c   Code   RO         3872    i.GPRSWaitForReady  gprs.o
    0x080112c8   0x0000001c   Code   RO         3873    i.GPRS_DownloadALL  gprs.o
    0x080112e4   0x00000024   Code   RO         3874    i.GPRS_DownloadCLERK  gprs.o
    0x08011308   0x00000024   Code   RO         3875    i.GPRS_DownloadDEPT  gprs.o
    0x0801132c   0x0000001c   Code   RO         3876    i.GPRS_DownloadHEAD  gprs.o
    0x08011348   0x00000024   Code   RO         3877    i.GPRS_DownloadPLU  gprs.o
    0x0801136c   0x0000001c   Code   RO         3878    i.GPRS_DownloadPTRAIL  gprs.o
    0x08011388   0x000000ac   Code   RO         3879    i.GPRS_DrawSignal   gprs.o
    0x08011434   0x00000e74   Code   RO         3880    i.GPRS_ProcessRecord  gprs.o
    0x080122a8   0x00000028   Code   RO         3881    i.GPRS_Restart      gprs.o
    0x080122d0   0x000000f0   Code   RO         3882    i.GPRS_SetSendMode  gprs.o
    0x080123c0   0x00000008   Code   RO         4729    i.GetActiveItemStr  menu.o
    0x080123c8   0x00000158   Code   RO         5420    i.GetBCDValue       program.o
    0x08012520   0x00000070   Code   RO         5359    i.GetByte           progopt.o
    0x08012590   0x00000034   Code   RO         5421    i.GetByteValue      program.o
    0x080125c4   0x00000024   Code   RO         2214    i.GetClerkOffSet    clerk.o
    0x080125e8   0x00000020   Code   RO         2334    i.GetCorrecOffSet   correc.o
    0x08012608   0x00000020   Code   RO         2376    i.GetCurrOffSet     currency.o
    0x08012628   0x000000c8   Code   RO         2377    i.GetCurrency       currency.o
    0x080126f0   0x000000ac   Code   RO         2612    i.GetDaysFrom1900   extmodules.o
    0x0801279c   0x00000020   Code   RO         2417    i.GetDeptOffSet     depart.o
    0x080127bc   0x000000a0   Code   RO         5360    i.GetDevicePort     progopt.o
    0x0801285c   0x00000020   Code   RO         2468    i.GetDiscOffSet     discount.o
    0x0801287c   0x00000020   Code   RO         2516    i.GetDrawerOffSet   drawer.o
    0x0801289c   0x00000020   Code   RO        10371    i.GetEPRxAddr       usb_regs.o
    0x080128bc   0x00000024   Code   RO        10372    i.GetEPRxCount      usb_regs.o
    0x080128e0   0x00000020   Code   RO        10374    i.GetEPTxAddr       usb_regs.o
    0x08012900   0x00000040   Code   RO         4615    i.GetEntry          main.o
    0x08012940   0x00000020   Code   RO         3222    i.GetFirmkeyID      firmkey.o
    0x08012960   0x00000020   Code   RO         4110    i.GetGroupOffSet    group.o
    0x08012980   0x0000014c   Code   RO         5422    i.GetHEXValue       program.o
    0x08012acc   0x00000044   Code   RO         5361    i.GetHexBytes       progopt.o
    0x08012b10   0x0000001c   Code   RO         4325    i.GetICBlockOffSet  iccardblock.o
    0x08012b2c   0x000000d8   Code   RO         5423    i.GetIP             program.o
    0x08012c04   0x00000064   Code   RO         4730    i.GetInputByListItems  menu.o
    0x08012c68   0x00000118   Code   RO         3223    i.GetInputForMenu   firmkey.o
    0x08012d80   0x00000058   Code   RO         5053    i.GetLinkNumber     plu.o
    0x08012dd8   0x00000020   Code   RO         4857    i.GetModiOffSet     modifier.o
    0x08012df8   0x00000190   Code   RO         4858    i.GetModifier       modifier.o
    0x08012f88   0x00000070   Code   RO         2123    i.GetNumric         chninput.o
    0x08012ff8   0x00000020   Code   RO         4887    i.GetOFFPriceOffSet  offprice.o
    0x08013018   0x00000840   Code   RO         5362    i.GetOpt            progopt.o
    0x08013858   0x00000020   Code   RO         4926    i.GetPbFOffSet      pb.o
    0x08013878   0x00000174   Code   RO         4927    i.GetPbNumber       pb.o
    0x080139ec   0x0000002c   Code   RO         4928    i.GetPbtOffSet      pb.o
    0x08013a18   0x00000034   Code   RO         5054    i.GetPluNumber      plu.o
    0x08013a4c   0x00000020   Code   RO         5055    i.GetPluOffSet      plu.o
    0x08013a6c   0x000000ec   Code   RO         2418    i.GetPluPrint       depart.o
    0x08013b58   0x00000020   Code   RO         5152    i.GetPoRaOffSet     pora.o
    0x08013b78   0x00000084   Code   RO         5363    i.GetPortRate       progopt.o
    0x08013bfc   0x00000080   Code   RO         3307    i.GetReceiptNumber  fiscal.o
    0x08013c7c   0x00000508   Code   RO         4698    i.GetRecordSize     memory.o
    0x08014184   0x00000448   Code   RO         5868    i.GetReport         report.o
    0x080145cc   0x0000003c   Code   RO         1974    i.GetStrFr          chndisp.o
    0x08014608   0x00000130   Code   RO         2614    i.GetStrFrKBD       extmodules.o
    0x08014738   0x00000180   Code   RO         5424    i.GetString         program.o
    0x080148b8   0x000001c4   Code   RO         2124    i.GetStringCHN      chninput.o
    0x08014a7c   0x0000017c   Code   RO         5869    i.GetSystemReport   report.o
    0x08014bf8   0x000001f0   Code   RO         6309    i.GetTaskFromPool   print_main.o
    0x08014de8   0x00000020   Code   RO         6140    i.GetTaxOffSet      tax.o
    0x08014e08   0x00000020   Code   RO         6196    i.GetTenderOffSet   tender.o
    0x08014e28   0x00000074   Code   RO         2615    i.GetTimeDate       extmodules.o
    0x08014e9c   0x000000d0   Code   RO         6232    i.GetTimeZones      timer.o
    0x08014f6c   0x00000038   Code   RO         2616    i.GetWeekDay        extmodules.o
    0x08014fa4   0x0000003c   Code   RO         3709    i.GetWordEntry      general.o
    0x08014fe0   0x00000094   Code   RO         5425    i.GetWordValue      program.o
    0x08015074   0x00000098   Code   RO         6310    i.Get_Printer_status  print_main.o
    0x0801510c   0x00000034   Code   RO        10065    i.Get_SerialNum     hw_config.o
    0x08015140   0x00000060   Code   RO          607    i.Getch             keyboard.o
    0x080151a0   0x0000003c   Code   RO         1976    i.GotoXY            chndisp.o
    0x080151dc   0x0000006c   Code   RO         1431    i.GregorianDay      rtc.o
    0x08015248   0x0000004c   Code   RO         2617    i.HEXtoASC          extmodules.o
    0x08015294   0x00000070   Code   RO         2618    i.HEXtoASCX0        extmodules.o
    0x08015304   0x000000cc   Code   RO          283    i.HW_GPIOInit       interface.o
    0x080153d0   0x00000004   Code   RO          932    i.HardFault_Handler  stm32f10x_it.o
    0x080153d4   0x000002c0   Code   RO         4141    i.HardTest          hardtest.o
    0x08015694   0x0000005e   Code   RO         5426    i.IPToNum           program.o
    0x080156f2   0x00000002   PAD
    0x080156f4   0x00000070   Code   RO        10739    i.In0_Process       usb_core.o
    0x08015764   0x00000012   Code   RO         4731    i.IncRecIndex       menu.o
    0x08015776   0x00000002   Code   RO         4368    i.InitAgree         initappl.o
    0x08015778   0x00000af0   Code   RO         4369    i.InitApplication   initappl.o
    0x08016268   0x00000068   Code   RO         4370    i.InitClerk         initappl.o
    0x080162d0   0x00000050   Code   RO         4371    i.InitCorrec        initappl.o
    0x08016320   0x00000054   Code   RO         4372    i.InitCurr          initappl.o
    0x08016374   0x000000fc   Code   RO         4373    i.InitDept          initappl.o
    0x08016470   0x00000054   Code   RO         4374    i.InitDisc          initappl.o
    0x080164c4   0x00000050   Code   RO         4375    i.InitDrawer        initappl.o
    0x08016514   0x00000024   Code   RO         4256    i.InitECRVIP        iccard.o
    0x08016538   0x00000030   Code   RO         4376    i.InitGraph         initappl.o
    0x08016568   0x0000007c   Code   RO         4377    i.InitGroup         initappl.o
    0x080165e4   0x00000050   Code   RO         4378    i.InitKeyMacro      initappl.o
    0x08016634   0x0000006c   Code   RO         4379    i.InitModifier      initappl.o
    0x080166a0   0x00000044   Code   RO          684    i.InitMonitor       monitor.o
    0x080166e4   0x00000058   Code   RO         4380    i.InitOFFPrice      initappl.o
    0x0801673c   0x00000108   Code   RO         4381    i.InitPbF           initappl.o
    0x08016844   0x00000124   Code   RO         4382    i.InitPlu           initappl.o
    0x08016968   0x00000050   Code   RO         4383    i.InitPoRa          initappl.o
    0x080169b8   0x0000004c   Code   RO         4384    i.InitPort          initappl.o
    0x08016a04   0x00000002   Code   RO         4385    i.InitSalPer        initappl.o
    0x08016a06   0x00000002   PAD
    0x08016a08   0x000000a0   Code   RO         5427    i.InitSysFlag       program.o
    0x08016aa8   0x00000050   Code   RO         4386    i.InitTax           initappl.o
    0x08016af8   0x00000054   Code   RO         4387    i.InitTender        initappl.o
    0x08016b4c   0x0000005c   Code   RO         3406    i.Init_Flow         flowbill.o
    0x08016ba8   0x00000144   Code   RO         4388    i.Initial_DateTime  initappl.o
    0x08016cec   0x000000a0   Code   RO         2126    i.InputEXASCII      chninput.o
    0x08016d8c   0x00000094   Code   RO         2620    i.InputWord         extmodules.o
    0x08016e20   0x000000bc   Code   RO         2621    i.InputYesNo        extmodules.o
    0x08016edc   0x0000003e   Code   RO        10066    i.IntToUnicode      hw_config.o
    0x08016f1a   0x00000002   PAD
    0x08016f1c   0x0000008c   Code   RO         5364    i.InvertBit         progopt.o
    0x08016fa8   0x000001c4   Code   RO         4544    i.IssueKp           kp.o
    0x0801716c   0x0000000c   Code   RO         2622    i.JFeed             extmodules.o
    0x08017178   0x00000060   Code   RO         4616    i.KbHit             main.o
    0x080171d8   0x0000000c   Code   RO          608    i.KeyBoardDeInit    keyboard.o
    0x080171e4   0x00000010   Code   RO          609    i.KeyBoardInit      keyboard.o
    0x080171f4   0x00000324   Code   RO         4617    i.KeyInput          main.o
    0x08017518   0x00000068   Code   RO         4545    i.KpEnd             kp.o
    0x08017580   0x0000018c   Code   RO         4546    i.KpHeader          kp.o
    0x0801770c   0x0000000e   Code   RO         1495    i.LED_Delay         led_customer.o
    0x0801771a   0x00000002   PAD
    0x0801771c   0x00000064   Code   RO         1496    i.LED_Init          led_customer.o
    0x08017780   0x00000028   Code   RO         1497    i.LED_Off           led_customer.o
    0x080177a8   0x0000000c   Code   RO         1498    i.LED_On            led_customer.o
    0x080177b4   0x00000068   Code   RO         1499    i.LED_Refresh       led_customer.o
    0x0801781c   0x00000040   Code   RO         1500    i.LED_SendBit       led_customer.o
    0x0801785c   0x00000070   Code   RO         1501    i.LED_SendData      led_customer.o
    0x080178cc   0x00000024   Code   RO        10067    i.Leave_LowPowerMode  hw_config.o
    0x080178f0   0x000000b4   Code   RO         2623    i.LeftShiftBCD      extmodules.o
    0x080179a4   0x0000077c   Code   RO         2127    i.LineEditor        chninput.o
    0x08018120   0x0000001c   Code   RO         4326    i.ListICBlock       iccardblock.o
    0x0801813c   0x000009ec   Code   RO         4732    i.ListItems         menu.o
    0x08018b28   0x00000330   Code   RO         3407    i.LoadReceipLog     flowbill.o
    0x08018e58   0x00000160   Code   RO         5056    i.LookPlu           plu.o
    0x08018fb8   0x000001f8   Code   RO         2624    i.MGFunctions       extmodules.o
    0x080191b0   0x000000a0   Code   RO         5800    i.MakeTime          report2.o
    0x08019250   0x00000004   Code   RO          933    i.MemManage_Handler  stm32f10x_it.o
    0x08019254   0x0000024c   Code   RO         4733    i.MenuMain          menu.o
    0x080194a0   0x00000030   Code   RO         6312    i.Move_Motor        print_main.o
    0x080194d0   0x00000288   Code   RO         2625    i.Multiply          extmodules.o
    0x08019758   0x00000002   Code   RO          934    i.NMI_Handler       stm32f10x_it.o
    0x0801975a   0x00000002   Code   RO        10740    i.NOP_Process       usb_core.o
    0x0801975c   0x00000070   Code   RO         7052    i.NVIC_Init         misc.o
    0x080197cc   0x00000014   Code   RO         7053    i.NVIC_PriorityGroupConfig  misc.o
    0x080197e0   0x00000028   Code   RO         1194    i.NVIC_SDConfiguration  sdio_sd.o
    0x08019808   0x0000026c   Code   RO         5428    i.NewProgSysFlag    program.o
    0x08019a74   0x00000038   Code   RO         3326    i.NewReceipt        fixed.o
    0x08019aac   0x00000338   Code   RO         6233    i.NewTimeDate       timer.o
    0x08019de4   0x00000138   Code   RO        10741    i.NoData_Setup0     usb_core.o
    0x08019f1c   0x00000084   Code   RO         5429    i.NumToIP           program.o
    0x08019fa0   0x00000014   Code   RO         2517    i.OpenDrawer        drawer.o
    0x08019fb4   0x00000030   Code   RO         1977    i.OpenMess          chndisp.o
    0x08019fe4   0x00000050   Code   RO        10742    i.Out0_Process      usb_core.o
    0x0801a034   0x00000026   Code   RO         4618    i.OutPrint          main.o
    0x0801a05a   0x00000002   PAD
    0x0801a05c   0x0000003c   Code   RO         4619    i.OutPrintEx        main.o
    0x0801a098   0x00000028   Code   RO        10908    i.PMAToUserBufferCopy  usb_mem.o
    0x0801a0c0   0x000000a4   Code   RO         6313    i.PRNDataPort_Init  print_main.o
    0x0801a164   0x00000002   Code   RO         6314    i.PRNFeedPort_Init  print_main.o
    0x0801a166   0x00000002   PAD
    0x0801a168   0x00000054   Code   RO         6315    i.PRNPePwPort_Init  print_main.o
    0x0801a1bc   0x000000e0   Code   RO         6316    i.PRNTIMER_Init     print_main.o
    0x0801a29c   0x00000074   Code   RO         6317    i.PRNTempPort_Init  print_main.o
    0x0801a310   0x0000000c   Code   RO         8557    i.PWR_BackupAccessCmd  stm32f10x_pwr.o
    0x0801a31c   0x00000388   Code   RO         5153    i.PaidOutRa         pora.o
    0x0801a6a4   0x000002c8   Code   RO         5013    i.PbBuffer          pbbuffer.o
    0x0801a96c   0x000013a0   Code   RO         4929    i.PbFunction        pb.o
    0x0801bd0c   0x00000264   Code   RO         4930    i.PbTotal           pb.o
    0x0801bf70   0x00000002   Code   RO          935    i.PendSV_Handler    stm32f10x_it.o
    0x0801bf72   0x00000022   Code   RO         5870    i.PeriodSkip        report.o
    0x0801bf94   0x000000f0   Code   RO         5871    i.Plu_XReport       report.o
    0x0801c084   0x000001ac   Code   RO         4257    i.PointsByECRVIP    iccard.o
    0x0801c230   0x00000028   Code   RO         2627    i.PosOfFuncKey      extmodules.o
    0x0801c258   0x00000048   Code   RO        10743    i.Post0_Process     usb_core.o
    0x0801c2a0   0x00000040   Code   RO        10020    i.PowerOn           usb_pwr.o
    0x0801c2e0   0x0000007c   Code   RO         5222    i.PrePrintHead      print.o
    0x0801c35c   0x00000740   Code   RO         5223    i.PrintAllons       print.o
    0x0801ca9c   0x00000014   Code   RO         5224    i.PrintAmt          print.o
    0x0801cab0   0x00000260   Code   RO         4547    i.PrintArticle      kp.o
    0x0801cd10   0x000004b8   Code   RO         4142    i.PrintConfInf      hardtest.o
    0x0801d1c8   0x000000d4   Code   RO         5872    i.PrintCorrec       report.o
    0x0801d29c   0x00000040   Code   RO         5873    i.PrintCorrecReport  report.o
    0x0801d2dc   0x00000040   Code   RO         5874    i.PrintCurrReport   report.o
    0x0801d31c   0x00000084   Code   RO         5875    i.PrintCurrency     report.o
    0x0801d3a0   0x000000a8   Code   RO         5876    i.PrintDept         report.o
    0x0801d448   0x00000040   Code   RO         5877    i.PrintDeptReport   report.o
    0x0801d488   0x00000380   Code   RO         5057    i.PrintDept_PLU     plu.o
    0x0801d808   0x00000074   Code   RO         5878    i.PrintDisc         report.o
    0x0801d87c   0x00000040   Code   RO         5879    i.PrintDiscReport   report.o
    0x0801d8bc   0x00000040   Code   RO         5880    i.PrintDrawReport   report.o
    0x0801d8fc   0x00000084   Code   RO         5881    i.PrintDrawer       report.o
    0x0801d980   0x000002b0   Code   RO         4258    i.PrintECRVIP       iccard.o
    0x0801dc30   0x000000cc   Code   RO         3408    i.PrintFlowQtyAmt   flowbill.o
    0x0801dcfc   0x00000070   Code   RO         2629    i.PrintGraphics     extmodules.o
    0x0801dd6c   0x00000084   Code   RO         5882    i.PrintGroup        report.o
    0x0801ddf0   0x00000040   Code   RO         5883    i.PrintGroupReport  report.o
    0x0801de30   0x0000007c   Code   RO         5225    i.PrintHead1        print.o
    0x0801deac   0x00000002   Code   RO         4259    i.PrintICMessage    iccard.o
    0x0801deae   0x00000002   PAD
    0x0801deb0   0x000000a0   Code   RO         2630    i.PrintKeyboard     extmodules.o
    0x0801df50   0x00000168   Code   RO         4548    i.PrintKp           kp.o
    0x0801e0b8   0x00000024   Code   RO         5226    i.PrintLine         print.o
    0x0801e0dc   0x0000003c   Code   RO         4143    i.PrintLine2        hardtest.o
    0x0801e118   0x000000b0   Code   RO         4734    i.PrintMGMenu       menu.o
    0x0801e1c8   0x00000024   Code   RO         3711    i.PrintMessage      general.o
    0x0801e1ec   0x00000064   Code   RO         2419    i.PrintModifiers    depart.o
    0x0801e250   0x00000054   Code   RO         4931    i.PrintNewBal       pb.o
    0x0801e2a4   0x00000074   Code   RO         3327    i.PrintNumber       fixed.o
    0x0801e318   0x00000350   Code   RO         5884    i.PrintOpenPb       report.o
    0x0801e668   0x0000007c   Code   RO         5885    i.PrintPb           report.o
    0x0801e6e4   0x00000074   Code   RO         5886    i.PrintPbF          report.o
    0x0801e758   0x00000048   Code   RO         5887    i.PrintPbFReport    report.o
    0x0801e7a0   0x000001b0   Code   RO         4932    i.PrintPbHeader     pb.o
    0x0801e950   0x00000284   Code   RO         5014    i.PrintPbItem       pbbuffer.o
    0x0801ebd4   0x000000f4   Code   RO         4549    i.PrintPbKp         kp.o
    0x0801ecc8   0x000000d8   Code   RO         3713    i.PrintPbTrailer    general.o
    0x0801eda0   0x00000048   Code   RO         5888    i.PrintPbtReport    report.o
    0x0801ede8   0x000000a8   Code   RO         5889    i.PrintPlu          report.o
    0x0801ee90   0x00000054   Code   RO         5890    i.PrintPluReport    report.o
    0x0801eee4   0x00000084   Code   RO         5891    i.PrintPoRa         report.o
    0x0801ef68   0x00000040   Code   RO         5892    i.PrintPoRaReport   report.o
    0x0801efa8   0x00000130   Code   RO         5893    i.PrintPointReport  report.o
    0x0801f0d8   0x00000124   Code   RO         5801    i.PrintPointType    report2.o
    0x0801f1fc   0x00000014   Code   RO         5227    i.PrintQty          print.o
    0x0801f210   0x00000674   Code   RO         5228    i.PrintQtyAmt       print.o
    0x0801f884   0x000000f8   Code   RO         5229    i.PrintRJ           print.o
    0x0801f97c   0x00000044   Code   RO         5894    i.PrintRange        report.o
    0x0801f9c0   0x000003b8   Code   RO         5230    i.PrintRegiInfo     print.o
    0x0801fd78   0x000006a4   Code   RO         5895    i.PrintReport       report.o
    0x0802041c   0x00000108   Code   RO         5802    i.PrintReportHeader  report2.o
    0x08020524   0x0000009c   Code   RO         5896    i.PrintReportType   report.o
    0x080205c0   0x00000068   Code   RO         3714    i.PrintSaleQty      general.o
    0x08020628   0x0000015c   Code   RO         3224    i.PrintSetupMenu    firmkey.o
    0x08020784   0x00000170   Code   RO         5231    i.PrintSlip         print.o
    0x080208f4   0x00000124   Code   RO         5232    i.PrintSlipPage     print.o
    0x08020a18   0x00000012   Code   RO         5233    i.PrintStr          print.o
    0x08020a2a   0x00000002   PAD
    0x08020a2c   0x000000a8   Code   RO         2631    i.PrintStr_Center   extmodules.o
    0x08020ad4   0x00000148   Code   RO         5897    i.PrintTax          report.o
    0x08020c1c   0x00000040   Code   RO         5898    i.PrintTaxReport    report.o
    0x08020c5c   0x00000040   Code   RO         5899    i.PrintTendReport   report.o
    0x08020c9c   0x00000084   Code   RO         5900    i.PrintTender       report.o
    0x08020d20   0x0000063c   Code   RO         3715    i.PrintTotal        general.o
    0x0802135c   0x00000118   Code   RO         4144    i.PrintVersion      hardtest.o
    0x08021474   0x00000290   Code   RO         4735    i.PrintXZMenu       menu.o
    0x08021704   0x000000f8   Code   RO         6318    i.Print_Download_Image  print_main.o
    0x080217fc   0x00000074   Code   RO         6320    i.Print_Initial     print_main.o
    0x08021870   0x00000010   Code   RO         6321    i.PrnTemperature    print_main.o
    0x08021880   0x000001d0   Code   RO         6322    i.Prn_CalcHotTime   print_main.o
    0x08021a50   0x00000044   Code   RO         6323    i.Prn_task00_Stop   print_main.o
    0x08021a94   0x000000bc   Code   RO         6324    i.Prn_task01_Start  print_main.o
    0x08021b50   0x000000f0   Code   RO         6325    i.Prn_task02_PrintChar  print_main.o
    0x08021c40   0x0000007c   Code   RO         6326    i.Prn_task03_PrintGraphic  print_main.o
    0x08021cbc   0x000000f8   Code   RO         6327    i.Prn_task04_FeedPaper  print_main.o
    0x08021db4   0x00000058   Code   RO         6328    i.Prn_task05_FeedHalf  print_main.o
    0x08021e0c   0x00000c68   Code   RO         1908    i.ProBuf            buffer.o
    0x08022a74   0x00000568   Code   RO         1909    i.ProcessBuffer     buffer.o
    0x08022fdc   0x00000f24   Code   RO         2420    i.ProcessDept       depart.o
    0x08023f00   0x00000250   Code   RO         1910    i.ProcessDeptRecord  buffer.o
    0x08024150   0x000000d4   Code   RO         3328    i.ProcessFuncLook   fixed.o
    0x08024224   0x000001fc   Code   RO         4620    i.ProcessFunctions  main.o
    0x08024420   0x000004a0   Code   RO         4621    i.ProcessKey        main.o
    0x080248c0   0x0000012c   Code   RO         3329    i.ProcessKeyMacro   fixed.o
    0x080249ec   0x000003b0   Code   RO         5058    i.ProcessOnePlu     plu.o
    0x08024d9c   0x00000544   Code   RO         5015    i.ProcessPbBuffer   pbbuffer.o
    0x080252e0   0x000001f0   Code   RO         5059    i.ProcessPlu        plu.o
    0x080254d0   0x000017e0   Code   RO         2248    i.ProcessRecord     computer.o
    0x08026cb0   0x000000c8   Code   RO         5803    i.ProcessXFunc      report2.o
    0x08026d78   0x000000ec   Code   RO         5804    i.ProcessZFunc      report2.o
    0x08026e64   0x000000f8   Code   RO         5431    i.ProgBalance       program.o
    0x08026f5c   0x0000007c   Code   RO         5432    i.ProgBarcodeReader  program.o
    0x08026fd8   0x00000130   Code   RO         5433    i.ProgClerk         program.o
    0x08027108   0x000000c4   Code   RO         5434    i.ProgCorrec        program.o
    0x080271cc   0x00000150   Code   RO         5435    i.ProgCurr          program.o
    0x0802731c   0x000002c0   Code   RO         5436    i.ProgDEPTFields    program.o
    0x080275dc   0x00000230   Code   RO         5437    i.ProgDate          program.o
    0x0802780c   0x00000208   Code   RO         5438    i.ProgDept          program.o
    0x08027a14   0x0000011c   Code   RO         5439    i.ProgDevice        program.o
    0x08027b30   0x00000230   Code   RO         5440    i.ProgDisc          program.o
    0x08027d60   0x000000c4   Code   RO         5441    i.ProgDraw          program.o
    0x08027e24   0x00000284   Code   RO         4260    i.ProgECRVIPPoints  iccard.o
    0x080280a8   0x000000e0   Code   RO         5442    i.ProgExtPrinter    program.o
    0x08028188   0x000000e8   Code   RO         5443    i.ProgGroup         program.o
    0x08028270   0x00000164   Code   RO         5444    i.ProgHeader        program.o
    0x080283d4   0x00000058   Code   RO         5445    i.ProgHost          program.o
    0x0802842c   0x0000027c   Code   RO         5446    i.ProgIC            program.o
    0x080286a8   0x0000023c   Code   RO         5448    i.ProgIP            program.o
    0x080288e4   0x00000190   Code   RO         5449    i.ProgKPrn          program.o
    0x08028a74   0x00000160   Code   RO         5450    i.ProgKeyMacro      program.o
    0x08028bd4   0x000000cc   Code   RO         5451    i.ProgModi          program.o
    0x08028ca0   0x00000108   Code   RO         5453    i.ProgNewVIP        program.o
    0x08028da8   0x00000208   Code   RO         5454    i.ProgOFF           program.o
    0x08028fb0   0x00000358   Code   RO         5455    i.ProgPLUFields     program.o
    0x08029308   0x00000128   Code   RO         5456    i.ProgPbF           program.o
    0x08029430   0x00000128   Code   RO         5457    i.ProgPbInfo        program.o
    0x08029558   0x000001f0   Code   RO         5458    i.ProgPlu           program.o
    0x08029748   0x00000108   Code   RO         5459    i.ProgPoRa          program.o
    0x08029850   0x00000148   Code   RO         5460    i.ProgPointType     program.o
    0x08029998   0x0000015c   Code   RO         5461    i.ProgPrnGraph      program.o
    0x08029af4   0x000001b8   Code   RO         5462    i.ProgPromotion     program.o
    0x08029cac   0x0000013c   Code   RO         5463    i.ProgReport        program.o
    0x08029de8   0x00000002   Code   RO         5464    i.ProgSalPer        program.o
    0x08029dea   0x00000002   PAD
    0x08029dec   0x000001cc   Code   RO         5465    i.ProgSlip          program.o
    0x08029fb8   0x000000c8   Code   RO         5466    i.ProgSlipHead      program.o
    0x0802a080   0x000002ec   Code   RO         5467    i.ProgSysFlag       program.o
    0x0802a36c   0x000000a0   Code   RO         5468    i.ProgSysMes        program.o
    0x0802a40c   0x00000110   Code   RO         5469    i.ProgTax           program.o
    0x0802a51c   0x00000124   Code   RO         5470    i.ProgTend          program.o
    0x0802a640   0x0000010c   Code   RO         5471    i.ProgTime          program.o
    0x0802a74c   0x00000164   Code   RO         5472    i.ProgTrailer       program.o
    0x0802a8b0   0x000000c8   Code   RO         5473    i.ProgZone          program.o
    0x0802a978   0x000001c0   Code   RO         5346    i.ProgramDump       progdump.o
    0x0802ab38   0x0000005c   Code   RO         3716    i.PromotionBeep     general.o
    0x0802ab94   0x00000144   Code   RO         3717    i.PromtionCheck     general.o
    0x0802acd8   0x000000d8   Code   RO         1502    i.PutsO             led_customer.o
    0x0802adb0   0x0000001c   Code   RO         1503    i.PutsO_Saved       led_customer.o
    0x0802adcc   0x00000018   Code   RO         8617    i.RCC_ADCCLKConfig  stm32f10x_rcc.o
    0x0802ade4   0x00000020   Code   RO         8618    i.RCC_AHBPeriphClockCmd  stm32f10x_rcc.o
    0x0802ae04   0x00000020   Code   RO         8619    i.RCC_APB1PeriphClockCmd  stm32f10x_rcc.o
    0x0802ae24   0x00000020   Code   RO         8621    i.RCC_APB2PeriphClockCmd  stm32f10x_rcc.o
    0x0802ae44   0x00000014   Code   RO         8625    i.RCC_ClearFlag     stm32f10x_rcc.o
    0x0802ae58   0x000000d4   Code   RO         8629    i.RCC_GetClocksFreq  stm32f10x_rcc.o
    0x0802af2c   0x0000003c   Code   RO         8630    i.RCC_GetFlagStatus  stm32f10x_rcc.o
    0x0802af68   0x00000034   Code   RO         8637    i.RCC_LSEConfig     stm32f10x_rcc.o
    0x0802af9c   0x0000000c   Code   RO         8644    i.RCC_RTCCLKCmd     stm32f10x_rcc.o
    0x0802afa8   0x00000010   Code   RO         8645    i.RCC_RTCCLKConfig  stm32f10x_rcc.o
    0x0802afb8   0x0000000c   Code   RO         8647    i.RCC_USBCLKConfig  stm32f10x_rcc.o
    0x0802afc4   0x0000001e   Code   RO         2633    i.RFeed             extmodules.o
    0x0802afe2   0x00000002   PAD
    0x0802afe4   0x00000444   Code   RO         6329    i.RSPrint           print_main.o
    0x0802b428   0x00000014   Code   RO         8819    i.RTC_EnterConfigMode  stm32f10x_rtc.o
    0x0802b43c   0x00000014   Code   RO         8820    i.RTC_ExitConfigMode  stm32f10x_rtc.o
    0x0802b450   0x0000002c   Code   RO         8821    i.RTC_GetCounter    stm32f10x_rtc.o
    0x0802b47c   0x00000020   Code   RO         8825    i.RTC_ITConfig      stm32f10x_rtc.o
    0x0802b49c   0x0000001c   Code   RO         8827    i.RTC_SetCounter    stm32f10x_rtc.o
    0x0802b4b8   0x00000020   Code   RO         8828    i.RTC_SetPrescaler  stm32f10x_rtc.o
    0x0802b4d8   0x00000014   Code   RO         8829    i.RTC_WaitForLastTask  stm32f10x_rtc.o
    0x0802b4ec   0x00000024   Code   RO         8830    i.RTC_WaitForSynchro  stm32f10x_rtc.o
    0x0802b510   0x00000058   Code   RO         4145    i.RWRand            hardtest.o
    0x0802b568   0x00000084   Code   RO         2215    i.ReadClerk         clerk.o
    0x0802b5ec   0x00000034   Code   RO         2634    i.ReadComm          extmodules.o
    0x0802b620   0x0000002c   Code   RO         2335    i.ReadCorrec        correc.o
    0x0802b64c   0x0000001c   Code   RO         2378    i.ReadCurr          currency.o
    0x0802b668   0x00000084   Code   RO         2421    i.ReadDept          depart.o
    0x0802b6ec   0x0000002c   Code   RO         2470    i.ReadDisc          discount.o
    0x0802b718   0x0000001c   Code   RO         2518    i.ReadDrawer        drawer.o
    0x0802b734   0x00000074   Code   RO         4261    i.ReadECRVIPVar     iccard.o
    0x0802b7a8   0x00000118   Code   RO         2635    i.ReadFlagsList     extmodules.o
    0x0802b8c0   0x00000044   Code   RO         3409    i.ReadFrLogRam      flowbill.o
    0x0802b904   0x0000003c   Code   RO         4736    i.ReadFromMsg       menu.o
    0x0802b940   0x00000030   Code   RO         2636    i.ReadFuncLook      extmodules.o
    0x0802b970   0x00000050   Code   RO         2637    i.ReadGraphic       extmodules.o
    0x0802b9c0   0x0000002c   Code   RO         4111    i.ReadGroup         group.o
    0x0802b9ec   0x00000020   Code   RO         2638    i.ReadHeader        extmodules.o
    0x0802ba0c   0x00000014   Code   RO         4329    i.ReadICBlock       iccardblock.o
    0x0802ba20   0x0000012c   Code   RO         4737    i.ReadItemCaption   menu.o
    0x0802bb4c   0x00000030   Code   RO         4550    i.ReadKP            kp.o
    0x0802bb7c   0x00000024   Code   RO         2639    i.ReadKeyDesList    extmodules.o
    0x0802bba0   0x00000024   Code   RO         2640    i.ReadKeyMacro      extmodules.o
    0x0802bbc4   0x00000028   Code   RO         4859    i.ReadModi          modifier.o
    0x0802bbec   0x00000028   Code   RO         2641    i.ReadNumric        extmodules.o
    0x0802bc14   0x000000a8   Code   RO         4890    i.ReadOFFPrice      offprice.o
    0x0802bcbc   0x00000014   Code   RO         4933    i.ReadPBTable       pb.o
    0x0802bcd0   0x0000001c   Code   RO         4934    i.ReadPbF           pb.o
    0x0802bcec   0x000002d0   Code   RO         5060    i.ReadPlu           plu.o
    0x0802bfbc   0x00000028   Code   RO         5061    i.ReadPluStock      plu.o
    0x0802bfe4   0x0000001c   Code   RO         5154    i.ReadPoRa          pora.o
    0x0802c000   0x00000034   Code   RO         5189    i.ReadPort          port.o
    0x0802c034   0x00000024   Code   RO          284    i.ReadRam           interface.o
    0x0802c058   0x0000000c   Code   RO         4738    i.ReadRecIndex      menu.o
    0x0802c064   0x000000f8   Code   RO         2249    i.ReadRecord        computer.o
    0x0802c15c   0x00000020   Code   RO         2642    i.ReadRepUnit       extmodules.o
    0x0802c17c   0x00000002   Code   RO         6094    i.ReadSalPer        salper.o
    0x0802c17e   0x00000002   PAD
    0x0802c180   0x00000020   Code   RO         2643    i.ReadSlipHeader    extmodules.o
    0x0802c1a0   0x0000003c   Code   RO         6141    i.ReadTax           tax.o
    0x0802c1dc   0x0000002c   Code   RO         6197    i.ReadTender        tender.o
    0x0802c208   0x0000012c   Code   RO         3718    i.ReadTotal         general.o
    0x0802c334   0x00000020   Code   RO         2644    i.ReadTrail         extmodules.o
    0x0802c354   0x00000010   Code   RO        10153    i.ReadUSB           usb_endp.o
    0x0802c364   0x000000cc   Code   RO         2250    i.ReadUSBRecord     computer.o
    0x0802c430   0x00000020   Code   RO         2645    i.ReadXZReport      extmodules.o
    0x0802c450   0x00000058   Code   RO         2646    i.ReadZone          extmodules.o
    0x0802c4a8   0x000000bc   Code   RO         3410    i.Read_Flow         flowbill.o
    0x0802c564   0x00000048   Code   RO         4262    i.RecallECRVIP      iccard.o
    0x0802c5ac   0x00000118   Code   RO         3411    i.RecallFlowHead    flowbill.o
    0x0802c6c4   0x0000008c   Code   RO         1978    i.RecallScreen      chndisp.o
    0x0802c750   0x00000094   Code   RO         4389    i.Recall_ApplRam    initappl.o
    0x0802c7e4   0x00000098   Code   RO         4390    i.Recall_Config     initappl.o
    0x0802c87c   0x00000300   Code   RO         5234    i.ReceiptIssue      print.o
    0x0802cb7c   0x000000a8   Code   RO         3719    i.RegiEnd           general.o
    0x0802cc24   0x00000174   Code   RO         3720    i.RegiInit          general.o
    0x0802cd98   0x00000190   Code   RO         3721    i.RegiStart         general.o
    0x0802cf28   0x00000030   Code   RO         5235    i.ReleaseSlip       print.o
    0x0802cf58   0x00000200   Code   RO         5805    i.ReportEnd         report2.o
    0x0802d158   0x00000014   Code   RO         3412    i.ResetECRFlow      flowbill.o
    0x0802d16c   0x00000044   Code   RO         5901    i.ResetReport       report.o
    0x0802d1b0   0x00000098   Code   RO         4391    i.ResetStartAddress  initappl.o
    0x0802d248   0x00000002   Code   RO         6330    i.Reset_printer     print_main.o
    0x0802d24a   0x00000002   PAD
    0x0802d24c   0x0000005c   Code   RO         6331    i.Restart_Motor     print_main.o
    0x0802d2a8   0x000000d0   Code   RO        10021    i.Resume            usb_pwr.o
    0x0802d378   0x00000024   Code   RO        10022    i.Resume_Init       usb_pwr.o
    0x0802d39c   0x00000130   Code   RO         2647    i.RoundBcd          extmodules.o
    0x0802d4cc   0x00000016   Code   RO         6142    i.RoundTaxable      tax.o
    0x0802d4e2   0x00000002   PAD
    0x0802d4e4   0x00000160   Code   RO         1195    i.SDEnWideBus       sdio_sd.o
    0x0802d644   0x0000000c   Code   RO         8908    i.SDIO_ClearFlag    stm32f10x_sdio.o
    0x0802d650   0x0000000c   Code   RO         8909    i.SDIO_ClearITPendingBit  stm32f10x_sdio.o
    0x0802d65c   0x0000000c   Code   RO         8910    i.SDIO_ClockCmd     stm32f10x_sdio.o
    0x0802d668   0x00000030   Code   RO         8914    i.SDIO_DataConfig   stm32f10x_sdio.o
    0x0802d698   0x00000024   Code   RO         8916    i.SDIO_DeInit       stm32f10x_sdio.o
    0x0802d6bc   0x0000000c   Code   RO         8917    i.SDIO_GetCommandResponse  stm32f10x_sdio.o
    0x0802d6c8   0x00000018   Code   RO         8920    i.SDIO_GetFlagStatus  stm32f10x_sdio.o
    0x0802d6e0   0x00000010   Code   RO         8922    i.SDIO_GetPowerState  stm32f10x_sdio.o
    0x0802d6f0   0x00000018   Code   RO         8923    i.SDIO_GetResponse  stm32f10x_sdio.o
    0x0802d708   0x00000008   Code   RO          936    i.SDIO_IRQHandler   stm32f10x_it.o
    0x0802d710   0x00000020   Code   RO         8924    i.SDIO_ITConfig     stm32f10x_sdio.o
    0x0802d730   0x00000030   Code   RO         8925    i.SDIO_Init         stm32f10x_sdio.o
    0x0802d760   0x0000000c   Code   RO         8926    i.SDIO_ReadData     stm32f10x_sdio.o
    0x0802d76c   0x0000002c   Code   RO         8928    i.SDIO_SendCommand  stm32f10x_sdio.o
    0x0802d798   0x0000000c   Code   RO         8930    i.SDIO_SetPowerState  stm32f10x_sdio.o
    0x0802d7a4   0x000000b4   Code   RO         1198    i.SD_EnableWideBusOperation  sdio_sd.o
    0x0802d858   0x00000324   Code   RO         1200    i.SD_GetCardInfo    sdio_sd.o
    0x0802db7c   0x00000090   Code   RO         1206    i.SD_Init           sdio_sd.o
    0x0802dc0c   0x00000168   Code   RO         1207    i.SD_InitializeCards  sdio_sd.o
    0x0802dd74   0x00000074   Code   RO         1211    i.SD_LowLevel_Init  sdio_sd.o
    0x0802dde8   0x000001b8   Code   RO         1213    i.SD_PowerON        sdio_sd.o
    0x0802dfa0   0x00000058   Code   RO         1214    i.SD_ProcessIRQSrc  sdio_sd.o
    0x0802dff8   0x00000040   Code   RO         1217    i.SD_SelectDeselect  sdio_sd.o
    0x0802e038   0x00000018   Code   RO         9098    i.SPI_Cmd           stm32f10x_spi.o
    0x0802e050   0x00000018   Code   RO         6332    i.SPI_For_Printer   print_main.o
    0x0802e068   0x00000012   Code   RO         9106    i.SPI_I2S_GetFlagStatus  stm32f10x_spi.o
    0x0802e07a   0x00000004   Code   RO         9110    i.SPI_I2S_SendData  stm32f10x_spi.o
    0x0802e07e   0x0000003c   Code   RO         9111    i.SPI_Init          stm32f10x_spi.o
    0x0802e0ba   0x0000005a   Code   RO          221    i.SRAM_Move         fsmc_sram.o
    0x0802e114   0x00000026   Code   RO          222    i.SRAM_ReadBuffer   fsmc_sram.o
    0x0802e13a   0x00000026   Code   RO          223    i.SRAM_WriteBuffer  fsmc_sram.o
    0x0802e160   0x00000054   Code   RO         1570    i.ST7565R_IO_Init   lcd_st7565r.o
    0x0802e1b4   0x00000012   Code   RO         1571    i.ST7565R_NOP       lcd_st7565r.o
    0x0802e1c6   0x00000002   PAD
    0x0802e1c8   0x00000058   Code   RO         1572    i.ST7565R_SendData  lcd_st7565r.o
    0x0802e220   0x00000024   Code   RO         1573    i.ST7565R_WR_CMD    lcd_st7565r.o
    0x0802e244   0x00000024   Code   RO         1574    i.ST7565R_WR_DATA   lcd_st7565r.o
    0x0802e268   0x000000dc   Code   RO          285    i.STM32_Initial     interface.o
    0x0802e344   0x00000020   Code   RO         3413    i.SUB_SCANFP        flowbill.o
    0x0802e364   0x00000002   Code   RO          937    i.SVC_Handler       stm32f10x_it.o
    0x0802e366   0x00000002   PAD
    0x0802e368   0x0000002c   Code   RO        10154    i.SaveToUSBQuery    usb_endp.o
    0x0802e394   0x00000088   Code   RO         4392    i.Save_ApplRam      initappl.o
    0x0802e41c   0x00000098   Code   RO         4393    i.Save_Config       initappl.o
    0x0802e4b4   0x000000b0   Code   RO         4394    i.Save_ConfigApplVar  initappl.o
    0x0802e564   0x0000001c   Code   RO         1979    i.ScreenFeed        chndisp.o
    0x0802e580   0x00000048   Code   RO         1980    i.ScrollScreen      chndisp.o
    0x0802e5c8   0x000001cc   Code   RO         2216    i.SelectClerk       clerk.o
    0x0802e794   0x00000070   Code   RO         5474    i.SelectGraphic     program.o
    0x0802e804   0x000000bc   Code   RO         2648    i.SelectKeyCode     extmodules.o
    0x0802e8c0   0x00000002   Code   RO         6095    i.SelectSalPer      salper.o
    0x0802e8c2   0x00000014   Code   RO         2649    i.SendComm          extmodules.o
    0x0802e8d6   0x00000002   PAD
    0x0802e8d8   0x00000038   Code   RO         2251    i.SendComp          computer.o
    0x0802e910   0x000000f8   Code   RO         4551    i.SendExtPrinter    kp.o
    0x0802ea08   0x00000168   Code   RO         3414    i.SendMultiLog      flowbill.o
    0x0802eb70   0x000000f8   Code   RO         2252    i.SendRecord        computer.o
    0x0802ec68   0x00000028   Code   RO         2253    i.SendString        computer.o
    0x0802ec90   0x00000010   Code   RO        10155    i.SendUSB           usb_endp.o
    0x0802eca0   0x000000f8   Code   RO         2254    i.SendUSBRecord     computer.o
    0x0802ed98   0x00000010   Code   RO        10156    i.SendUSBString     usb_endp.o
    0x0802eda8   0x00000020   Code   RO         6333    i.Send_Byte         print_main.o
    0x0802edc8   0x00000052   Code   RO         2650    i.SetBCDPoint       extmodules.o
    0x0802ee1a   0x00000002   PAD
    0x0802ee1c   0x00000010   Code   RO        10382    i.SetBTABLE         usb_regs.o
    0x0802ee2c   0x00000044   Code   RO         2651    i.SetComm           extmodules.o
    0x0802ee70   0x00000050   Code   RO        10744    i.SetDeviceAddress  usb_core.o
    0x0802eec0   0x00000024   Code   RO        10396    i.SetEPRxAddr       usb_regs.o
    0x0802eee4   0x0000004c   Code   RO        10397    i.SetEPRxCount      usb_regs.o
    0x0802ef30   0x00000040   Code   RO        10398    i.SetEPRxStatus     usb_regs.o
    0x0802ef70   0x00000034   Code   RO        10399    i.SetEPRxValid      usb_regs.o
    0x0802efa4   0x00000020   Code   RO        10400    i.SetEPTxAddr       usb_regs.o
    0x0802efc4   0x0000001c   Code   RO        10401    i.SetEPTxCount      usb_regs.o
    0x0802efe0   0x00000040   Code   RO        10402    i.SetEPTxStatus     usb_regs.o
    0x0802f020   0x00000034   Code   RO        10403    i.SetEPTxValid      usb_regs.o
    0x0802f054   0x00000024   Code   RO        10404    i.SetEPType         usb_regs.o
    0x0802f078   0x0000007c   Code   RO         2128    i.SetEditPosition   chninput.o
    0x0802f0f4   0x00000098   Code   RO         6335    i.SetFontOffset_char  print_main.o
    0x0802f18c   0x00000270   Code   RO         2652    i.SetKeyboard       extmodules.o
    0x0802f3fc   0x0000020c   Code   RO         2653    i.SetPassword       extmodules.o
    0x0802f608   0x00000074   Code   RO         1911    i.SetPrintLayOut    buffer.o
    0x0802f67c   0x0000002c   Code   RO          286    i.SetRTS            interface.o
    0x0802f6a8   0x0000000a   Code   RO         4739    i.SetRecIndex       menu.o
    0x0802f6b2   0x00000008   Code   RO         7000    i.SetSysClock       system_stm32f10x.o
    0x0802f6ba   0x00000002   PAD
    0x0802f6bc   0x000000e0   Code   RO         7001    i.SetSysClockTo72   system_stm32f10x.o
    0x0802f79c   0x00000084   Code   RO         2654    i.SetTimeDate       extmodules.o
    0x0802f820   0x000000fc   Code   RO         5806    i.SetUpReport       report2.o
    0x0802f91c   0x00000020   Code   RO         6336    i.Set_HotPIN        print_main.o
    0x0802f93c   0x0000004c   Code   RO         6337    i.Set_Hot_Data      print_main.o
    0x0802f988   0x00000024   Code   RO         6338    i.Set_Hot_Group     print_main.o
    0x0802f9ac   0x00000012   Code   RO         6339    i.Set_Motor_Speed   print_main.o
    0x0802f9be   0x00000002   PAD
    0x0802f9c0   0x00000028   Code   RO        10068    i.Set_System        hw_config.o
    0x0802f9e8   0x00000012   Code   RO        10069    i.Set_USBClock      hw_config.o
    0x0802f9fa   0x00000002   PAD
    0x0802f9fc   0x000000b8   Code   RO        10745    i.Setup0_Process    usb_core.o
    0x0802fab4   0x00000028   Code   RO         5236    i.SlipMargin        print.o
    0x0802fadc   0x0000016c   Code   RO        10746    i.Standard_ClearFeature  usb_core.o
    0x0802fc48   0x0000002c   Code   RO        10747    i.Standard_GetConfiguration  usb_core.o
    0x0802fc74   0x00000024   Code   RO        10748    i.Standard_GetDescriptorData  usb_core.o
    0x0802fc98   0x0000002c   Code   RO        10749    i.Standard_GetInterface  usb_core.o
    0x0802fcc4   0x00000100   Code   RO        10750    i.Standard_GetStatus  usb_core.o
    0x0802fdc4   0x00000048   Code   RO        10751    i.Standard_SetConfiguration  usb_core.o
    0x0802fe0c   0x00000028   Code   RO        10752    i.Standard_SetDeviceFeature  usb_core.o
    0x0802fe34   0x000000d0   Code   RO        10753    i.Standard_SetEndPointFeature  usb_core.o
    0x0802ff04   0x0000006c   Code   RO        10754    i.Standard_SetInterface  usb_core.o
    0x0802ff70   0x00000080   Code   RO         6340    i.Start_Hot         print_main.o
    0x0802fff0   0x0000008c   Code   RO         6341    i.Start_Motor       print_main.o
    0x0803007c   0x000000b4   Code   RO         6342    i.Start_When_Ready  print_main.o
    0x08030130   0x00000020   Code   RO         6343    i.Stop_Motor        print_main.o
    0x08030150   0x000004e4   Code   RO         1912    i.StoreInBuffer     buffer.o
    0x08030634   0x00000100   Code   RO         5016    i.StorePbBuffer     pbbuffer.o
    0x08030734   0x0000025c   Code   RO         4935    i.StorePbInvoice    pb.o
    0x08030990   0x0000008a   Code   RO         2655    i.StrToBCDValue     extmodules.o
    0x08030a1a   0x00000002   PAD
    0x08030a1c   0x00000080   Code   RO         2656    i.SubBCDValue12     extmodules.o
    0x08030a9c   0x00000184   Code   RO         2657    i.Subtract          extmodules.o
    0x08030c20   0x000000b0   Code   RO        10023    i.Suspend           usb_pwr.o
    0x08030cd0   0x000000a0   Code   RO         3225    i.SuspendECR        firmkey.o
    0x08030d70   0x000002d4   Code   RO         3330    i.SuspendReceipt    fixed.o
    0x08031044   0x000000c0   Code   RO         1981    i.SuspendScreen     chndisp.o
    0x08031104   0x0000005c   Code   RO         6344    i.Suspend_Motor     print_main.o
    0x08031160   0x00000088   Code   RO          938    i.SysTick_Handler   stm32f10x_it.o
    0x080311e8   0x00000060   Code   RO         7003    i.SystemInit        system_stm32f10x.o
    0x08031248   0x00000030   Code   RO         6346    i.TESTPAPER         print_main.o
    0x08031278   0x000001b8   Code   RO         6347    i.TIM2_IRQHandler   print_main.o
    0x08031430   0x00000094   Code   RO         6348    i.TIM3_IRQHandler   print_main.o
    0x080314c4   0x0000007c   Code   RO          287    i.TIM5_Init         interface.o
    0x08031540   0x000000b0   Code   RO         1505    i.TIM6_IRQHandler   led_customer.o
    0x080315f0   0x00000080   Code   RO          288    i.TIM6_Init         interface.o
    0x08031670   0x0000009c   Code   RO          610    i.TIM7_IRQHandler   keyboard.o
    0x0803170c   0x00000078   Code   RO          289    i.TIM7_Init         interface.o
    0x08031784   0x00000018   Code   RO         9241    i.TIM_ARRPreloadConfig  stm32f10x_tim.o
    0x0803179c   0x00000006   Code   RO         9247    i.TIM_ClearFlag     stm32f10x_tim.o
    0x080317a2   0x00000006   Code   RO         9248    i.TIM_ClearITPendingBit  stm32f10x_tim.o
    0x080317a8   0x00000018   Code   RO         9253    i.TIM_Cmd           stm32f10x_tim.o
    0x080317c0   0x00000022   Code   RO         9274    i.TIM_GetITStatus   stm32f10x_tim.o
    0x080317e2   0x00000012   Code   RO         9278    i.TIM_ITConfig      stm32f10x_tim.o
    0x080317f4   0x00000098   Code   RO         9282    i.TIM_OC1Init       stm32f10x_tim.o
    0x0803188c   0x00000014   Code   RO         9300    i.TIM_OCStructInit  stm32f10x_tim.o
    0x080318a0   0x00000006   Code   RO         9302    i.TIM_PrescalerConfig  stm32f10x_tim.o
    0x080318a6   0x00000012   Code   RO         9309    i.TIM_SelectOnePulseMode  stm32f10x_tim.o
    0x080318b8   0x000000a4   Code   RO         9324    i.TIM_TimeBaseInit  stm32f10x_tim.o
    0x0803195c   0x00000d9c   Code   RO         6198    i.Tender            tender.o
    0x080326f8   0x00000058   Code   RO         4146    i.TestBEEP          hardtest.o
    0x08032750   0x000000b8   Code   RO         4622    i.TestChangePointMust  main.o
    0x08032808   0x00000034   Code   RO         2658    i.TestCom123        extmodules.o
    0x0803283c   0x00000044   Code   RO         4147    i.TestCustomer      hardtest.o
    0x08032880   0x00000090   Code   RO         4148    i.TestDateTime      hardtest.o
    0x08032910   0x0000003c   Code   RO         4149    i.TestDisplay       hardtest.o
    0x0803294c   0x00000006   Code   RO         1982    i.TestHZRight       chndisp.o
    0x08032952   0x00000002   PAD
    0x08032954   0x0000005c   Code   RO         4151    i.TestKeyboard      hardtest.o
    0x080329b0   0x00000050   Code   RO          290    i.TestLMM           interface.o
    0x08032a00   0x00000008   Code   RO         4152    i.TestOpenDrawer    hardtest.o
    0x08032a08   0x0000004c   Code   RO         6349    i.TestPrintGoingOn  print_main.o
    0x08032a54   0x000001d8   Code   RO         4153    i.TestPrinter       hardtest.o
    0x08032c2c   0x00000002   Code   RO         4154    i.TestPrnPower      hardtest.o
    0x08032c2e   0x00000006   Code   RO          291    i.TestRam           interface.o
    0x08032c34   0x000002e4   Code   RO         4155    i.TestRomRam        hardtest.o
    0x08032f18   0x0000009c   Code   RO         2660    i.TestRtc           extmodules.o
    0x08032fb4   0x00000110   Code   RO         3884    i.TestSendMess      gprs.o
    0x080330c4   0x000000f0   Code   RO         4156    i.TestSerial123     hardtest.o
    0x080331b4   0x00000354   Code   RO         2336    i.TransactionVoid   correc.o
    0x08033508   0x000000bc   Code   RO         1100    i.UARTGet           usart.o
    0x080335c4   0x00000284   Code   RO         1101    i.UARTInit          usart.o
    0x08033848   0x00000078   Code   RO         1102    i.UARTSend          usart.o
    0x080338c0   0x00000018   Code   RO         1104    i.UART_GetChar      usart.o
    0x080338d8   0x0000000e   Code   RO         1106    i.UART_PutChar      usart.o
    0x080338e6   0x00000016   Code   RO         1107    i.UART_PutString    usart.o
    0x080338fc   0x00000062   Code   RO         2661    i.ULong64toASC      extmodules.o
    0x0803395e   0x00000044   Code   RO         2662    i.ULongToBCDValue   extmodules.o
    0x080339a2   0x00000036   Code   RO         2663    i.ULongtoASC        extmodules.o
    0x080339d8   0x00000050   Code   RO         2664    i.ULongtoASCL       extmodules.o
    0x08033a28   0x000000d0   Code   RO          939    i.USART1_IRQHandler  stm32f10x_it.o
    0x08033af8   0x000000f0   Code   RO          940    i.USART2_IRQHandler  stm32f10x_it.o
    0x08033be8   0x000000f0   Code   RO          941    i.USART3_IRQHandler  stm32f10x_it.o
    0x08033cd8   0x00000018   Code   RO         9789    i.USART_Cmd         stm32f10x_usart.o
    0x08033cf0   0x0000001a   Code   RO         9792    i.USART_GetFlagStatus  stm32f10x_usart.o
    0x08033d0a   0x00000054   Code   RO         9793    i.USART_GetITStatus  stm32f10x_usart.o
    0x08033d5e   0x0000004a   Code   RO         9795    i.USART_ITConfig    stm32f10x_usart.o
    0x08033da8   0x000000d8   Code   RO         9796    i.USART_Init        stm32f10x_usart.o
    0x08033e80   0x00000016   Code   RO         9802    i.USART_OverSampling8Cmd  stm32f10x_usart.o
    0x08033e96   0x0000000a   Code   RO         9803    i.USART_ReceiveData  stm32f10x_usart.o
    0x08033ea0   0x00000008   Code   RO         9806    i.USART_SendData    stm32f10x_usart.o
    0x08033ea8   0x00000028   Code   RO         1108    i.USART_printf      usart.o
    0x08033ed0   0x0000005c   Code   RO        10157    i.USBGet            usb_endp.o
    0x08033f2c   0x0000000c   Code   RO          942    i.USBWakeUp_IRQHandler  stm32f10x_it.o
    0x08033f38   0x00000028   Code   RO         1785    i.USB_COMM_Ready    usb_app.o
    0x08033f60   0x00000002   Code   RO        10070    i.USB_Cable_Config  hw_config.o
    0x08033f62   0x00000002   PAD
    0x08033f64   0x0000003c   Code   RO        10855    i.USB_Init          usb_init.o
    0x08033fa0   0x0000003c   Code   RO        10071    i.USB_Interrupts_Config  hw_config.o
    0x08033fdc   0x000001cc   Code   RO        10233    i.USB_Istr          usb_istr.o
    0x080341a8   0x00000008   Code   RO          943    i.USB_LP_CAN1_RX0_IRQHandler  stm32f10x_it.o
    0x080341b0   0x00000024   Code   RO        10712    i.USB_SIL_Init      usb_sil.o
    0x080341d4   0x00000014   Code   RO         1787    i.USB_Start         usb_app.o
    0x080341e8   0x000006f4   Code   RO         1765    i.UpdateBIOS        ecr_iap.o
    0x080348dc   0x000002f8   Code   RO         5017    i.UpdatePbRecord    pbbuffer.o
    0x08034bd4   0x00000004   Code   RO          944    i.UsageFault_Handler  stm32f10x_it.o
    0x08034bd8   0x00000038   Code   RO        10909    i.UserToPMABufferCopy  usb_mem.o
    0x08034c10   0x00000038   Code   RO         4741    i.VirtualInputStr   menu.o
    0x08034c48   0x00000034   Code   RO         4742    i.VirtualInputWord  menu.o
    0x08034c7c   0x00000064   Code   RO        10251    i.Virtual_Com_Port_Data_Setup  usb_prop.o
    0x08034ce0   0x00000014   Code   RO        10252    i.Virtual_Com_Port_GetConfigDescriptor  usb_prop.o
    0x08034cf4   0x00000014   Code   RO        10253    i.Virtual_Com_Port_GetDeviceDescriptor  usb_prop.o
    0x08034d08   0x0000001c   Code   RO        10254    i.Virtual_Com_Port_GetLineCoding  usb_prop.o
    0x08034d24   0x00000028   Code   RO        10255    i.Virtual_Com_Port_GetStringDescriptor  usb_prop.o
    0x08034d4c   0x00000016   Code   RO        10256    i.Virtual_Com_Port_Get_Interface_Setting  usb_prop.o
    0x08034d62   0x00000002   PAD
    0x08034d64   0x00000028   Code   RO        10257    i.Virtual_Com_Port_NoData_Setup  usb_prop.o
    0x08034d8c   0x000000e8   Code   RO        10258    i.Virtual_Com_Port_Reset  usb_prop.o
    0x08034e74   0x00000018   Code   RO        10259    i.Virtual_Com_Port_SetConfiguration  usb_prop.o
    0x08034e8c   0x0000000c   Code   RO        10260    i.Virtual_Com_Port_SetDeviceAddress  usb_prop.o
    0x08034e98   0x0000001c   Code   RO        10261    i.Virtual_Com_Port_SetLineCoding  usb_prop.o
    0x08034eb4   0x00000014   Code   RO        10262    i.Virtual_Com_Port_Status_In  usb_prop.o
    0x08034ec8   0x00000002   Code   RO        10263    i.Virtual_Com_Port_Status_Out  usb_prop.o
    0x08034eca   0x00000002   PAD
    0x08034ecc   0x00000028   Code   RO        10264    i.Virtual_Com_Port_init  usb_prop.o
    0x08034ef4   0x00000036   Code   RO         2665    i.WORDtoASC         extmodules.o
    0x08034f2a   0x00000068   Code   RO         2666    i.WORDtoASCL        extmodules.o
    0x08034f92   0x0000002c   Code   RO         2667    i.WORDtoASCZero     extmodules.o
    0x08034fbe   0x0000006a   Code   RO         2668    i.WORDtoBCD         extmodules.o
    0x08035028   0x00000158   Code   RO         2669    i.WaitForYesNo      extmodules.o
    0x08035180   0x00000018   Code   RO         2670    i.WaitOnLine        extmodules.o
    0x08035198   0x00000078   Code   RO         6350    i.Wait_Paper        print_main.o
    0x08035210   0x0000002c   Code   RO         2671    i.WidthofWORD       extmodules.o
    0x0803523c   0x00000040   Code   RO         2217    i.WriteClerk        clerk.o
    0x0803527c   0x0000002c   Code   RO         2337    i.WriteCorrec       correc.o
    0x080352a8   0x0000002c   Code   RO         2379    i.WriteCurr         currency.o
    0x080352d4   0x00000088   Code   RO         2422    i.WriteDept         depart.o
    0x0803535c   0x0000002c   Code   RO         2471    i.WriteDisc         discount.o
    0x08035388   0x0000002c   Code   RO         2519    i.WriteDrawer       drawer.o
    0x080353b4   0x0000005c   Code   RO         4263    i.WriteECRVIPVar    iccard.o
    0x08035410   0x0000002c   Code   RO         4112    i.WriteGroup        group.o
    0x0803543c   0x00000028   Code   RO         4330    i.WriteICBlock      iccardblock.o
    0x08035464   0x0000002c   Code   RO         4860    i.WriteModi         modifier.o
    0x08035490   0x000000a8   Code   RO         4891    i.WriteOFFPrice     offprice.o
    0x08035538   0x0000002c   Code   RO         4936    i.WritePbF          pb.o
    0x08035564   0x000000d0   Code   RO         5062    i.WritePlu          plu.o
    0x08035634   0x00000040   Code   RO         5063    i.WritePluInventory  plu.o
    0x08035674   0x000000f8   Code   RO         5064    i.WritePlu_At       plu.o
    0x0803576c   0x0000002c   Code   RO         5155    i.WritePoRa         pora.o
    0x08035798   0x0000003c   Code   RO         5190    i.WritePort         port.o
    0x080357d4   0x00000024   Code   RO          292    i.WriteRam          interface.o
    0x080357f8   0x00000002   Code   RO         6096    i.WriteSalPer       salper.o
    0x080357fa   0x00000002   PAD
    0x080357fc   0x00000040   Code   RO         6143    i.WriteTax          tax.o
    0x0803583c   0x0000002c   Code   RO         6199    i.WriteTender       tender.o
    0x08035868   0x000000d0   Code   RO         3415    i.WriteToLogRam     flowbill.o
    0x08035938   0x00000120   Code   RO         3722    i.WriteTotal        general.o
    0x08035a58   0x00000028   Code   RO        11162    i.__0sprintf$8      mc_w.l(printf8.o)
    0x08035a80   0x00000024   Code   RO        11192    i.__0vsprintf       mc_w.l(printfa.o)
    0x08035aa4   0x00000008   Code   RO        11239    i.__aeabi_errno_addr  mc_w.l(errno.o)
    0x08035aac   0x0000000e   Code   RO        11301    i.__scatterload_copy  mc_w.l(handlers.o)
    0x08035aba   0x00000002   Code   RO        11302    i.__scatterload_null  mc_w.l(handlers.o)
    0x08035abc   0x0000000e   Code   RO        11303    i.__scatterload_zeroinit  mc_w.l(handlers.o)
    0x08035aca   0x00000002   PAD
    0x08035acc   0x00000164   Code   RO        11193    i._fp_digits        mc_w.l(printfa.o)
    0x08035c30   0x00000410   Code   RO        11167    i._printf_core      mc_w.l(printf8.o)
    0x08036040   0x000006dc   Code   RO        11194    i._printf_core      mc_w.l(printfa.o)
    0x0803671c   0x00000024   Code   RO        11168    i._printf_post_padding  mc_w.l(printf8.o)
    0x08036740   0x00000024   Code   RO        11195    i._printf_post_padding  mc_w.l(printfa.o)
    0x08036764   0x0000002e   Code   RO        11169    i._printf_pre_padding  mc_w.l(printf8.o)
    0x08036792   0x0000002e   Code   RO        11196    i._printf_pre_padding  mc_w.l(printfa.o)
    0x080367c0   0x0000000a   Code   RO        11171    i._sputc            mc_w.l(printf8.o)
    0x080367ca   0x0000000a   Code   RO        11198    i._sputc            mc_w.l(printfa.o)
    0x080367d4   0x00000078   Code   RO           15    i.bFlashAutoSelect  flashb.o
    0x0803684c   0x00000050   Code   RO           20    i.bFlashDataToggle  flashb.o
    0x0803689c   0x000000c4   Code   RO           21    i.bFlashMBlockErase  flashb.o
    0x08036960   0x00000018   Code   RO           22    i.bFlashPause       flashb.o
    0x08036978   0x00000100   Code   RO           23    i.bFlashProgram     flashb.o
    0x08036a78   0x0000000a   Code   RO           24    i.bFlashRead        flashb.o
    0x08036a82   0x0000003c   Code   RO           25    i.bFlashReadBuffer  flashb.o
    0x08036abe   0x00000012   Code   RO           26    i.bFlashReadReset   flashb.o
    0x08036ad0   0x00000008   Code   RO           27    i.bFlashWrite       flashb.o
    0x08036ad8   0x00000268   Code   RO          611    i.keydown           keyboard.o
    0x08036d40   0x00000084   Code   RO          612    i.keyscan           keyboard.o
    0x08036dc4   0x0000005c   Code   RO         1575    i.mBalnkScreen      lcd_st7565r.o
    0x08036e20   0x00000098   Code   RO         1576    i.mClearScreen      lcd_st7565r.o
    0x08036eb8   0x000000d4   Code   RO         1577    i.mDispCharXY       lcd_st7565r.o
    0x08036f8c   0x000000b0   Code   RO         1578    i.mDispCursor       lcd_st7565r.o
    0x0803703c   0x00000002   Code   RO         1579    i.mDispLogo         lcd_st7565r.o
    0x0803703e   0x00000030   Code   RO         1580    i.mDispStringXY     lcd_st7565r.o
    0x0803706e   0x00000002   PAD
    0x08037070   0x0000013c   Code   RO         1582    i.mDrawABox         lcd_st7565r.o
    0x080371ac   0x000000dc   Code   RO         1583    i.mDrawChar         lcd_st7565r.o
    0x08037288   0x000000d8   Code   RO         1584    i.mDrawGPRS         lcd_st7565r.o
    0x08037360   0x00000094   Code   RO         1585    i.mDrawGPRSSignal   lcd_st7565r.o
    0x080373f4   0x00000108   Code   RO         1586    i.mDrawPower        lcd_st7565r.o
    0x080374fc   0x00000040   Code   RO         1587    i.mEnCursor         lcd_st7565r.o
    0x0803753c   0x0000006c   Code   RO         1588    i.mInitialLCD       lcd_st7565r.o
    0x080375a8   0x00000020   Code   RO         1589    i.mLightLCDOff      lcd_st7565r.o
    0x080375c8   0x00000020   Code   RO         1590    i.mLightLCDOn       lcd_st7565r.o
    0x080375e8   0x00000054   Code   RO         1592    i.mRefreshLine      lcd_st7565r.o
    0x0803763c   0x0000001a   Code   RO         1593    i.mSetContrast      lcd_st7565r.o
    0x08037656   0x00000002   PAD
    0x08037658   0x0000003c   Code   RO         1594    i.mSetState         lcd_st7565r.o
    0x08037694   0x00000134   Code   RO         4623    i.main              main.o
    0x080377c8   0x0000007c   Code   RO         1434    i.mktimev           rtc.o
    0x08037844   0x00000018   Code   RO          293    i.msDelay           interface.o
    0x0803785c   0x0000002c   Code   RO         6352    i.partial_cut       print_main.o
    0x08037888   0x00000030   Code   RO          761    i.pwrADCCtrl        pwr_ctrl.o
    0x080378b8   0x0000008c   Code   RO          763    i.pwrGetStatus      pwr_ctrl.o
    0x08037944   0x00000078   Code   RO          764    i.pwrIO_Init        pwr_ctrl.o
    0x080379bc   0x00000012   Code   RO          765    i.pwr_Init          pwr_ctrl.o
    0x080379ce   0x00000054   Code   RO         1435    i.rtc_Config        rtc.o
    0x08037a22   0x00000014   Code   RO         1436    i.rtc_gettime       rtc.o
    0x08037a36   0x00000044   Code   RO         1437    i.rtc_init          rtc.o
    0x08037a7a   0x00000020   Code   RO         1438    i.rtc_settime       rtc.o
    0x08037a9a   0x00000002   PAD
    0x08037a9c   0x00000064   Code   RO         6354    i.sel_print_mode    print_main.o
    0x08037b00   0x0000010c   Code   RO         6355    i.sel_raster_bit_image  print_main.o
    0x08037c0c   0x00000028   Code   RO         1598    i.st7565SetXY       lcd_st7565r.o
    0x08037c34   0x0000005c   Code   RO         5365    i.strToBin          progopt.o
    0x08037c90   0x000000c8   Code   RO         1439    i.to_tm             rtc.o
    0x08037d58   0x0000002c   Code   RO         6356    i.total_cut         print_main.o
    0x08037d84   0x00000016   Code   RO         6357    i.turn_underline_mode  print_main.o
    0x08037d9a   0x00000002   PAD
    0x08037d9c   0x00000034   Code   RO         6358    i.tx_printer_status  print_main.o
    0x08037dd0   0x00000070   Code   RO         6359    i.tx_status         print_main.o
    0x08037e40   0x00000048   Code   RO          294    i.usDelay           interface.o
    0x08037e88   0x00000060   Code   RO           28    i.wFlashProgramAWord  flashb.o
    0x08037ee8   0x00000008   Code   RO           31    i.wFlashWrite       flashb.o
    0x08037ef0   0x00000de0   Data   RO            1    .constdata          asciifonts.o
    0x08038cd0   0x0000008c   Data   RO           32    .constdata          flashb.o
    0x08038d5c   0x00000030   Data   RO         1440    .constdata          rtc.o
    0x08038d8c   0x0000005b   Data   RO         1507    .constdata          led_customer.o
    0x08038de7   0x00000408   Data   RO         1600    .constdata          lcd_st7565r.o
    0x080391ef   0x00000001   PAD
    0x080391f0   0x0000169e   Data   RO         1949    .constdata          chinaapp.o
    0x0803a88e   0x000011d4   Data   RO         2199    .constdata          chnmess.o
    0x0803ba62   0x0000000a   Data   RO         2256    .constdata          computer.o
    0x0803ba6c   0x0000031c   Data   RO         2673    .constdata          extmodules.o
    0x0803bd88   0x00000038   Data   RO         3226    .constdata          firmkey.o
    0x0803bdc0   0x000000a2   Data   RO         3417    .constdata          flowbill.o
    0x0803be62   0x000000c5   Data   RO         3885    .constdata          gprs.o
    0x0803bf27   0x000000b4   Data   RO         4552    .constdata          kp.o
    0x0803bfdb   0x00000001   PAD
    0x0803bfdc   0x00000034   Data   RO         4704    .constdata          memory.o
    0x0803c010   0x00000456   Data   RO         4744    .constdata          menu.o
    0x0803c466   0x000000f8   Data   RO         5237    .constdata          print.o
    0x0803c55e   0x00000007   Data   RO         5366    .constdata          progopt.o
    0x0803c565   0x00000008   Data   RO         5476    .constdata          program.o
    0x0803c56d   0x0000002c   Data   RO         5807    .constdata          report2.o
    0x0803c599   0x00000003   PAD
    0x0803c59c   0x00000c18   Data   RO         6270    .constdata          print_def.o
    0x0803d1b4   0x00002a50   Data   RO         6361    .constdata          print_main.o
    0x0803fc04   0x00000c19   Data   RO         6763    .constdata          photo_abbigl.o
    0x0804081d   0x00000003   PAD
    0x08040820   0x00000675   Data   RO         6772    .constdata          photo_appetito.o
    0x08040e95   0x00000003   PAD
    0x08040e98   0x000007f5   Data   RO         6790    .constdata          photo_caffe.o
    0x0804168d   0x00000003   PAD
    0x08041690   0x00000bce   Data   RO         6799    .constdata          photo_carneval.o
    0x0804225e   0x00000002   PAD
    0x08042260   0x000007f5   Data   RO         6808    .constdata          photo_cornetto.o
    0x08042a55   0x00000003   PAD
    0x08042a58   0x000009ee   Data   RO         6817    .constdata          photo_cucina.o
    0x08043446   0x00000002   PAD
    0x08043448   0x00000675   Data   RO         6826    .constdata          photo_donna.o
    0x08043abd   0x00000003   PAD
    0x08043ac0   0x00000c75   Data   RO         6835    .constdata          photo_eutron.o
    0x08044735   0x00000003   PAD
    0x08044738   0x00000675   Data   RO         6844    .constdata          photo_fiori.o
    0x08044dad   0x00000003   PAD
    0x08044db0   0x0000062e   Data   RO         6853    .constdata          photo_gelato.o
    0x080453de   0x00000002   PAD
    0x080453e0   0x00000bce   Data   RO         6862    .constdata          photo_jolly.o
    0x08045fae   0x00000002   PAD
    0x08045fb0   0x00000bce   Data   RO         6883    .constdata          photo_mamma.o
    0x08046b7e   0x00000002   PAD
    0x08046b80   0x000009ee   Data   RO         6892    .constdata          photo_natale.o
    0x0804756e   0x00000002   PAD
    0x08047570   0x00000149   Data   RO         6901    .constdata          photo_panama.o
    0x080476b9   0x00000003   PAD
    0x080476bc   0x00000975   Data   RO         6910    .constdata          photo_pane.o
    0x08048031   0x00000003   PAD
    0x08048034   0x00000675   Data   RO         6919    .constdata          photo_papa.o
    0x080486a9   0x00000003   PAD
    0x080486ac   0x00000be7   Data   RO         6928    .constdata          photo_pasqua.o
    0x08049293   0x00000001   PAD
    0x08049294   0x00000975   Data   RO         6937    .constdata          photo_pesce.o
    0x08049c09   0x00000003   PAD
    0x08049c0c   0x000009ee   Data   RO         6946    .constdata          photo_risparmi.o
    0x0804a5fa   0x00000002   PAD
    0x0804a5fc   0x00000975   Data   RO         6955    .constdata          photo_salumi.o
    0x0804af71   0x00000003   PAD
    0x0804af74   0x00000675   Data   RO         6964    .constdata          photo_selfdef.o
    0x0804b5e9   0x00000003   PAD
    0x0804b5ec   0x00000675   Data   RO         6973    .constdata          photo_sport.o
    0x0804bc61   0x00000003   PAD
    0x0804bc64   0x000009ee   Data   RO         6982    .constdata          photo_vacanze.o
    0x0804c652   0x00000002   PAD
    0x0804c654   0x00000975   Data   RO         6991    .constdata          photo_valentin.o
    0x0804cfc9   0x000000b1   Data   RO        10135    .constdata          usb_desc.o
    0x0804d07a   0x00000081   Data   RO        11265    .constdata          mc_w.l(ctype_o.o)
    0x0804d0fb   0x00000001   PAD
    0x0804d0fc   0x00000004   Data   RO        11266    .constdata          mc_w.l(ctype_o.o)
    0x0804d100   0x00000281   Data   RO         1950    .conststring        chinaapp.o
    0x0804d381   0x00000003   PAD
    0x0804d384   0x00001bb8   Data   RO         2200    .conststring        chnmess.o
    0x0804ef3c   0x000001f5   Data   RO         2674    .conststring        extmodules.o
    0x0804f131   0x00000003   PAD
    0x0804f134   0x00000020   Data   RO        11299    Region$$Table       anon$$obj.o


    Execution Region RW_IRAM1 (Base: 0x20000000, Size: 0x0000e168, Max: 0x00010000, ABSOLUTE, COMPRESSED[0x0000027c])

    Base Addr    Size         Type   Attr      Idx    E Section Name        Object

    0x20000000   0x00000014   Data   RW          295    .data               interface.o
    0x20000014   0x0000005e   Data   RW          614    .data               keyboard.o
    0x20000072   0x00000002   PAD
    0x20000074   0x0000000c   Data   RW          693    .data               monitor.o
    0x20000080   0x0000005c   Data   RW          766    .data               pwr_ctrl.o
    0x200000dc   0x00000012   Data   RW          945    .data               stm32f10x_it.o
    0x200000ee   0x00000002   PAD
    0x200000f0   0x0000000b   Data   RW         1110    .data               usart.o
    0x200000fb   0x00000001   PAD
    0x200000fc   0x0000001c   Data   RW         1227    .data               sdio_sd.o
    0x20000118   0x00000030   Data   RW         1441    .data               rtc.o
    0x20000148   0x00000020   Data   RW         1508    .data               led_customer.o
    0x20000168   0x00000007   Data   RW         1601    .data               lcd_st7565r.o
    0x2000016f   0x00000001   PAD
    0x20000170   0x00000008   Data   RW         1789    .data               usb_app.o
    0x20000178   0x00000007   Data   RW         1858    .data               balance.o
    0x2000017f   0x00000001   PAD
    0x20000180   0x00000004   Data   RW         1884    .data               barcode.o
    0x20000184   0x00000058   Data   RW         1951    .data               chinaapp.o
    0x200001dc   0x00000003   Data   RW         1984    .data               chndisp.o
    0x200001df   0x00000001   PAD
    0x200001e0   0x00000009   Data   RW         2130    .data               chninput.o
    0x200001e9   0x00000003   PAD
    0x200001ec   0x00000008   Data   RW         2257    .data               computer.o
    0x200001f4   0x00000001   Data   RW         2423    .data               depart.o
    0x200001f5   0x00000003   PAD
    0x200001f8   0x0000006c   Data   RW         2675    .data               extmodules.o
    0x20000264   0x00000004   Data   RW         3227    .data               firmkey.o
    0x20000268   0x00000004   Data   RW         3331    .data               fixed.o
    0x2000026c   0x00000004   Data   RW         3418    .data               flowbill.o
    0x20000270   0x00000001   Data   RW         3723    .data               general.o
    0x20000271   0x00000003   PAD
    0x20000274   0x00000020   Data   RW         3886    .data               gprs.o
    0x20000294   0x00000002   Data   RW         4395    .data               initappl.o
    0x20000296   0x00000002   PAD
    0x20000298   0x0000002c   Data   RW         4705    .data               memory.o
    0x200002c4   0x0000000c   Data   RW         4745    .data               menu.o
    0x200002d0   0x00000008   Data   RW         5477    .data               program.o
    0x200002d8   0x00000009   Data   RW         6234    .data               timer.o
    0x200002e1   0x00000003   PAD
    0x200002e4   0x00000110   Data   RW         6271    .data               print_def.o
    0x200003f4   0x00000001   Data   RW         6362    .data               print_main.o
    0x200003f5   0x00000003   PAD
    0x200003f8   0x00000014   Data   RW         7004    .data               system_stm32f10x.o
    0x2000040c   0x00000014   Data   RW         8649    .data               stm32f10x_rcc.o
    0x20000420   0x0000000c   Data   RW        10025    .data               usb_pwr.o
    0x2000042c   0x00000010   Data   RW        10073    .data               hw_config.o
    0x2000043c   0x0000001a   Data   RW        10136    .data               usb_desc.o
    0x20000456   0x00000002   PAD
    0x20000458   0x00000004   Data   RW        10160    .data               usb_endp.o
    0x2000045c   0x00000044   Data   RW        10234    .data               usb_istr.o
    0x200004a0   0x00000094   Data   RW        10265    .data               usb_prop.o
    0x20000534   0x00000003   Data   RW        10755    .data               usb_core.o
    0x20000537   0x00000001   PAD
    0x20000538   0x00000014   Data   RW        10857    .data               usb_init.o
    0x2000054c   0x00000004   Data   RW        10880    .data               usb_int.o
    0x20000550   0x00000004   Data   RW        11242    .data               mc_w.l(errno.o)
    0x20000554   0x0000000a   Zero   RW          613    .bss                keyboard.o
    0x2000055e   0x00000002   PAD
    0x20000560   0x00001958   Zero   RW         1109    .bss                usart.o
    0x20001eb8   0x000000cc   Zero   RW         1226    .bss                sdio_sd.o
    0x20001f84   0x0000000c   Zero   RW         1506    .bss                led_customer.o
    0x20001f90   0x00000400   Zero   RW         1599    .bss                lcd_st7565r.o
    0x20002390   0x0000001e   Zero   RW         1857    .bss                balance.o
    0x200023ae   0x000000fe   Zero   RW         1883    .bss                barcode.o
    0x200024ac   0x000000b8   Zero   RW         1983    .bss                chndisp.o
    0x20002564   0x00000015   Zero   RW         2129    .bss                chninput.o
    0x20002579   0x00000400   Zero   RW         2255    .bss                computer.o
    0x20002979   0x00000022   Zero   RW         2672    .bss                extmodules.o
    0x2000299b   0x00000021   Zero   RW         3416    .bss                flowbill.o
    0x200029bc   0x00005c49   Zero   RW         4703    .bss                memory.o
    0x20008605   0x0000004b   Zero   RW         4743    .bss                menu.o
    0x20008650   0x0000003d   Zero   RW         5475    .bss                program.o
    0x2000868d   0x00000003   PAD
    0x20008690   0x0000222c   Zero   RW         6269    .bss                print_def.o
    0x2000a8bc   0x00000020   Zero   RW        10024    .bss                usb_pwr.o
    0x2000a8dc   0x00000040   Zero   RW        10072    .bss                hw_config.o
    0x2000a91c   0x00000830   Zero   RW        10159    .bss                usb_endp.o
    0x2000b14c   0x0000001c   Zero   RW        10856    .bss                usb_init.o
    0x2000b168   0x00003000   Zero   RW         7045    STACK               startup_stm32f10x_hd.o



  Load Region LR$$.ARM.__AT_0x60004000 (Base: 0x60004000, Size: 0x00000000, Max: 0x00002000, ABSOLUTE)

    Execution Region ER$$.ARM.__AT_0x60004000 (Base: 0x60004000, Size: 0x00002000, Max: 0x00002000, ABSOLUTE, UNINIT)

    Base Addr    Size         Type   Attr      Idx    E Section Name        Object

    0x60004000   0x00002000   Zero   RW         4699    .ARM.__AT_0x60004000  memory.o



  Load Region LR$$.ARM.__AT_0x60006000 (Base: 0x60006000, Size: 0x00000000, Max: 0x00002000, ABSOLUTE)

    Execution Region ER$$.ARM.__AT_0x60006000 (Base: 0x60006000, Size: 0x00002000, Max: 0x00002000, ABSOLUTE, UNINIT)

    Base Addr    Size         Type   Attr      Idx    E Section Name        Object

    0x60006000   0x00002000   Zero   RW         4700    .ARM.__AT_0x60006000  memory.o



  Load Region LR$$.ARM.__AT_0x60008000 (Base: 0x60008000, Size: 0x00000000, Max: 0x00008000, ABSOLUTE)

    Execution Region ER$$.ARM.__AT_0x60008000 (Base: 0x60008000, Size: 0x00008000, Max: 0x00008000, ABSOLUTE, UNINIT)

    Base Addr    Size         Type   Attr      Idx    E Section Name        Object

    0x60008000   0x00008000   Zero   RW         4701    .ARM.__AT_0x60008000  memory.o



  Load Region LR$$.ARM.__AT_0x64000000 (Base: 0x64000000, Size: 0x00000000, Max: 0x00002fb4, ABSOLUTE)

    Execution Region ER$$.ARM.__AT_0x64000000 (Base: 0x64000000, Size: 0x00002fb4, Max: 0x00002fb4, ABSOLUTE, UNINIT)

    Base Addr    Size         Type   Attr      Idx    E Section Name        Object

    0x64000000   0x00002fb4   Zero   RW         4702    .ARM.__AT_0x64000000  memory.o



  Load Region LR$$.ARM.__AT_0x6403F000 (Base: 0x6403f000, Size: 0x00000000, Max: 0x0000008c, ABSOLUTE)

    Execution Region ER$$.ARM.__AT_0x6403F000 (Base: 0x6403f000, Size: 0x0000008c, Max: 0x0000008c, ABSOLUTE, UNINIT)

    Base Addr    Size         Type   Attr      Idx    E Section Name        Object

    0x6403f000   0x0000008a   Zero   RW         6360    .ARM.__AT_0x6403F000  print_main.o


==============================================================================

Image component sizes


      Code (inc. data)   RO Data    RW Data    ZI Data      Debug   Object Name

         0          0       3552          0          0       5061   asciifonts.o
       836         54          0          7         30       2348   balance.o
      1084         62          0          4        254       2202   barcode.o
      6760        272          0          0          0       7242   buffer.o
         0          0       6431         88          0       1432   chinaapp.o
      1816        110          0          3        184      13031   chndisp.o
      3572        180          0          9         21       7140   chninput.o
         0          0      11660          0          0       5131   chnmess.o
       692         60          0          0          0       2152   clerk.o
      8098        414         10          8       1024      12824   computer.o
         0          0          0          0          0         32   core_cm3.o
      1948        102          0          0          0       3629   correc.o
       600         70          0          0          0       3175   currency.o
      4624        208          0          1          0       5459   depart.o
      4496        206          0          0          0       5072   discount.o
       732         86          0          0          0       3230   drawer.o
      1780         40          0          0          0      17116   ecr_iap.o
     13640        858       1297        108         34      60778   extmodules.o
      9352        858         56          4          0      12196   firmkey.o
       244         26          0          0          0       1114   fiscal.o
      4592        278          0          4          0       6396   fixed.o
       876         16        140          0          0     312589   flashb.o
     11078        814        162          4         33      31883   flowbill.o
       704         38          0          0          0       5169   format.o
       442         18          0          0          0       3439   fsmc_sram.o
      6104        354          0          1          0      13441   general.o
      9562        694        197         32          0      28301   gprs.o
       304         36          0          0          0       1758   group.o
      5626        618          0          0          0      11428   hardtest.o
       386         36          0         16         64       6939   hw_config.o
      2954        272          0          0          0       6945   iccard.o
       116         30          0          0          0       1730   iccardblock.o
      6072        664          0          2          0      16648   initappl.o
      2434        252          0         20          0      83619   interface.o
      1288        142          0         94         10       6643   keyboard.o
      2704        182        180          0          0       7582   kp.o
      2554        218       1032          7       1024      15332   lcd_st7565r.o
       866        104         91         32         12       6503   led_customer.o
      3542        226          0          0          0       7390   main.o
      1288         30         52         44      84989       3446   memory.o
      4682        288       1110         12         75      14462   menu.o
       132         22          0          0          0       1651   misc.o
       516         66          0          0          0       1865   modifier.o
        68         22          0         12          0       1823   monitor.o
       368         28          0          0          0       1395   offprice.o
      7712        352          0          0          0      10267   pb.o
      3720        146          0          0          0       5488   pbbuffer.o
         0          0       3097          0          0        582   photo_abbigl.o
         0          0       1653          0          0        590   photo_appetito.o
         0          0       2037          0          0        572   photo_caffe.o
         0          0       3022          0          0        590   photo_carneval.o
         0          0       2037          0          0        590   photo_cornetto.o
         0          0       2542          0          0        582   photo_cucina.o
         0          0       1653          0          0        572   photo_donna.o
         0          0       3189          0          0        582   photo_eutron.o
         0          0       1653          0          0        572   photo_fiori.o
         0          0       1582          0          0        582   photo_gelato.o
         0          0       3022          0          0        572   photo_jolly.o
         0          0       3022          0          0        572   photo_mamma.o
         0          0       2542          0          0        582   photo_natale.o
         0          0        329          0          0        582   photo_panama.o
         0          0       2421          0          0        562   photo_pane.o
         0          0       1653          0          0        562   photo_papa.o
         0          0       3047          0          0        582   photo_pasqua.o
         0          0       2421          0          0        572   photo_pesce.o
         0          0       2542          0          0        590   photo_risparmi.o
         0          0       2421          0          0        582   photo_salumi.o
         0          0       1653          0          0        584   photo_selfdef.o
         0          0       1653          0          0        572   photo_sport.o
         0          0       2542          0          0        584   photo_vacanze.o
         0          0       2421          0          0        590   photo_valentin.o
         0          0          0          0          0       1616   photo_vuoto.o
      6016        360          0          0          0      11316   plu.o
      1104         66          0          0          0       2626   pora.o
       200         38          0          0          0       1385   port.o
      7398        280        248          0          0      15640   print.o
         0          0       3096        272       8748      10496   print_def.o
      9278       1072      10832          1        138      47522   print_main.o
       448         46          0          0          0        750   progdump.o
      2868        270          7          0          0       6443   progopt.o
     17772       1842          8          8         61      37061   program.o
       522         48          0         92          0       3367   pwr_ctrl.o
      8478        616          0          0          0      22761   report.o
      2456        224         44          0          0       6087   report2.o
       636         20         48         48          0       4419   rtc.o
         6          0          0          0          0       1170   salper.o
      3880        216          0         28        204      21121   sdio_sd.o
       156          4          0          0          0        971   search.o
        36          8        304          0      12288        808   startup_stm32f10x_hd.o
       330         10          0          0          0       5408   stm32f10x_adc.o
        56         10          0          0          0       2335   stm32f10x_bkp.o
       416          8          0          0          0       3566   stm32f10x_dma.o
       200         18          0          0          0       2260   stm32f10x_exti.o
       282          6          0          0          0       1933   stm32f10x_fsmc.o
       490         10          0          0          0       4127   stm32f10x_gpio.o
       980         80          0         18          0      11972   stm32f10x_it.o
        12          6          0          0          0        542   stm32f10x_pwr.o
       504         76          0         20          0       9107   stm32f10x_rcc.o
       232         42          0          0          0       4430   stm32f10x_rtc.o
       344         80          0          0          0       9649   stm32f10x_sdio.o
       106          0          0          0          0       3472   stm32f10x_spi.o
       472         62          0          0          0       7421   stm32f10x_tim.o
       464          6          0          0          0       7038   stm32f10x_usart.o
       328         28          0         20          0       2213   system_stm32f10x.o
      2210        130          0          0          0       5824   tax.o
      3700        200          0          0          0       3931   tender.o
      1984         72          0          9          0       2665   timer.o
      1352         76          0         11       6488       8342   usart.o
        60          8          0          8          0       2201   usb_app.o
      3058        288          0          3          0      14895   usb_core.o
         0          0        177         26          0       1115   usb_desc.o
       308         44          0          4       2096       6659   usb_endp.o
        60         24          0         20         28       4182   usb_init.o
       648         32          0          4          0       1800   usb_int.o
       460         38          0         68          0       1651   usb_istr.o
        96         10          0          0          0       1856   usb_mem.o
       628        102          0        148          0      11621   usb_prop.o
       484         54          0         12         32       3720   usb_pwr.o
       712        100          0          0          0      10159   usb_regs.o
        36          8          0          0          0        507   usb_sil.o

    ----------------------------------------------------------------------
    223332      16290      94990       1360     117844    1150558   Object Totals
         0          0         32          0          0          0   (incl. Generated)
       102          0         70         28          7          0   (incl. Padding)

    ----------------------------------------------------------------------

      Code (inc. data)   RO Data    RW Data    ZI Data      Debug   Library Member Name

        86          0          0          0          0          0   __dczerorl2.o
        28          0          0          0          0         68   _chval.o
       158          0          0          0          0         92   _strtoul.o
        26          0          0          0          0         80   atoi.o
         8          4        133          0          0         68   ctype_o.o
         0          0          0          0          0          0   entry.o
         0          0          0          0          0          0   entry10a.o
         0          0          0          0          0          0   entry11a.o
         8          4          0          0          0          0   entry2.o
         4          0          0          0          0          0   entry5.o
         0          0          0          0          0          0   entry7b.o
         0          0          0          0          0          0   entry8b.o
         8          4          0          0          0          0   entry9a.o
         8          4          0          4          0         68   errno.o
        30          0          0          0          0          0   handlers.o
        36          8          0          0          0         68   init.o
         0          0          0          0          0          0   iusefp.o
        30          0          0          0          0         68   llshl.o
        36          0          0          0          0         68   llsshr.o
        32          0          0          0          0         68   llushr.o
        26          0          0          0          0         80   memcmp.o
        36          0          0          0          0         68   memcpya.o
        36          0          0          0          0        108   memseta.o
      1172         50          0          0          0        420   printf8.o
      2240         86          0          0          0        508   printfa.o
        20          0          0          0          0         68   strchr.o
        28          0          0          0          0         76   strcmp.o
        18          0          0          0          0         68   strcpy.o
        14          0          0          0          0         68   strlen.o
        30          0          0          0          0         80   strncmp.o
        24          0          0          0          0         76   strncpy.o
       112          0          0          0          0         88   strtol.o
        44          0          0          0          0         80   uidiv.o
        98          0          0          0          0         92   uldiv.o
        48          0          0          0          0         68   cdrcmple.o
       334          0          0          0          0        148   dadd.o
       222          0          0          0          0        100   ddiv.o
       186          0          0          0          0        176   depilogue.o
        48          0          0          0          0         68   dfixul.o
       228          0          0          0          0         96   dmul.o

    ----------------------------------------------------------------------
      5468        160        134          4          0       3184   Library Totals
         6          0          1          0          0          0   (incl. Padding)

    ----------------------------------------------------------------------

      Code (inc. data)   RO Data    RW Data    ZI Data      Debug   Library Name

      4396        160        133          4          0       2528   mc_w.l
      1066          0          0          0          0        656   mf_w.l

    ----------------------------------------------------------------------
      5468        160        134          4          0       3184   Library Totals

    ----------------------------------------------------------------------

==============================================================================


      Code (inc. data)   RO Data    RW Data    ZI Data      Debug   

    228800      16450      95124       1364     117844    1102078   Grand Totals
    228800      16450      95124        636     117844    1102078   ELF Image Totals (compressed)
    228800      16450      95124        636          0          0   ROM Totals

==============================================================================

    Total RO  Size (Code + RO Data)               323924 ( 316.33kB)
    Total RW  Size (RW Data + ZI Data)            119208 ( 116.41kB)
    Total ROM Size (Code + RO Data + RW Data)     324560 ( 316.95kB)

==============================================================================

