<!doctype html public "-//w3c//dtd html 4.0 transitional//en">
<html><head>
<title>Static Call Graph - [.\obj_STMF103\aER220L_GPRS_EN.axf]</title></head>
<body><HR>
<H1>Static Call Graph for image .\obj_STMF103\aER220L_GPRS_EN.axf</H1><HR>
<BR><P>#&#060CALLGRAPH&#062# ARM Linker, 5060061: Last Updated: Mon Oct 08 11:05:33 2018
<BR><P>
<H3>Maximum Stack Usage =       1456 bytes + Unknown(Cycles, Untraceable Function Pointers)</H3><H3>
Call chain for Maximum Stack Depth:</H3>
main &rArr; BarCode &rArr; ProcessKey &rArr; ProcessFunctions &rArr; Fixed &rArr; SuspendReceipt &rArr;  ProcessFunctions (Cycle)
<P>
<H3>
Mutually Recursive functions
</H3> <LI><a href="#[2b]">ADC1_2_IRQHandler</a>&nbsp;&nbsp;&nbsp;&rArr;&nbsp;&nbsp;&nbsp;<a href="#[2b]">ADC1_2_IRQHandler</a><BR>
 <LI><a href="#[288]">GPRSSendECR_HeartBeat</a>&nbsp;&nbsp;&nbsp;&rArr;&nbsp;&nbsp;&nbsp;<a href="#[27c]">GPRSStartGprs</a><BR>
 <LI><a href="#[10f]">AppendEntry</a>&nbsp;&nbsp;&nbsp;&rArr;&nbsp;&nbsp;&nbsp;<a href="#[10f]">AppendEntry</a><BR>
 <LI><a href="#[185]">CheckInput</a>&nbsp;&nbsp;&nbsp;&rArr;&nbsp;&nbsp;&nbsp;<a href="#[108]">ChnInput</a><BR>
 <LI><a href="#[223]">ProgSysFlag</a>&nbsp;&nbsp;&nbsp;&rArr;&nbsp;&nbsp;&nbsp;<a href="#[10c]">CheckFirmKey</a><BR>
 <LI><a href="#[175]">ListItems</a>&nbsp;&nbsp;&nbsp;&rArr;&nbsp;&nbsp;&nbsp;<a href="#[11e]">BarCode</a><BR>
 <LI><a href="#[10c]">CheckFirmKey</a>&nbsp;&nbsp;&nbsp;&rArr;&nbsp;&nbsp;&nbsp;<a href="#[10c]">CheckFirmKey</a><BR>
 <LI><a href="#[38a]">ProcessKeyMacro</a>&nbsp;&nbsp;&nbsp;&rArr;&nbsp;&nbsp;&nbsp;<a href="#[389]">ProcessFunctions</a><BR>
 <LI><a href="#[387]">ProcessFuncLook</a>&nbsp;&nbsp;&nbsp;&rArr;&nbsp;&nbsp;&nbsp;<a href="#[389]">ProcessFunctions</a><BR>
 <LI><a href="#[26d]">SuspendReceipt</a>&nbsp;&nbsp;&nbsp;&rArr;&nbsp;&nbsp;&nbsp;<a href="#[389]">ProcessFunctions</a><BR>
</UL>
<P>
<H3>
Function Pointers
</H3><UL>
 <LI><a href="#[2b]">ADC1_2_IRQHandler</a> from startup_stm32f10x_hd.o(.text) referenced from startup_stm32f10x_hd.o(RESET)
 <LI><a href="#[48]">ADC3_IRQHandler</a> from startup_stm32f10x_hd.o(.text) referenced from startup_stm32f10x_hd.o(RESET)
 <LI><a href="#[13]">BusFault_Handler</a> from stm32f10x_it.o(i.BusFault_Handler) referenced from startup_stm32f10x_hd.o(RESET)
 <LI><a href="#[2e]">CAN1_RX1_IRQHandler</a> from startup_stm32f10x_hd.o(.text) referenced from startup_stm32f10x_hd.o(RESET)
 <LI><a href="#[2f]">CAN1_SCE_IRQHandler</a> from startup_stm32f10x_hd.o(.text) referenced from startup_stm32f10x_hd.o(RESET)
 <LI><a href="#[b9]">Cut_Paper</a> from print_main.o(i.Cut_Paper) referenced from print_main.o(.constdata)
 <LI><a href="#[24]">DMA1_Channel1_IRQHandler</a> from startup_stm32f10x_hd.o(.text) referenced from startup_stm32f10x_hd.o(RESET)
 <LI><a href="#[25]">DMA1_Channel2_IRQHandler</a> from startup_stm32f10x_hd.o(.text) referenced from startup_stm32f10x_hd.o(RESET)
 <LI><a href="#[26]">DMA1_Channel3_IRQHandler</a> from startup_stm32f10x_hd.o(.text) referenced from startup_stm32f10x_hd.o(RESET)
 <LI><a href="#[27]">DMA1_Channel4_IRQHandler</a> from startup_stm32f10x_hd.o(.text) referenced from startup_stm32f10x_hd.o(RESET)
 <LI><a href="#[28]">DMA1_Channel5_IRQHandler</a> from startup_stm32f10x_hd.o(.text) referenced from startup_stm32f10x_hd.o(RESET)
 <LI><a href="#[29]">DMA1_Channel6_IRQHandler</a> from startup_stm32f10x_hd.o(.text) referenced from startup_stm32f10x_hd.o(RESET)
 <LI><a href="#[2a]">DMA1_Channel7_IRQHandler</a> from startup_stm32f10x_hd.o(.text) referenced from startup_stm32f10x_hd.o(RESET)
 <LI><a href="#[51]">DMA2_Channel1_IRQHandler</a> from startup_stm32f10x_hd.o(.text) referenced from startup_stm32f10x_hd.o(RESET)
 <LI><a href="#[52]">DMA2_Channel2_IRQHandler</a> from startup_stm32f10x_hd.o(.text) referenced from startup_stm32f10x_hd.o(RESET)
 <LI><a href="#[53]">DMA2_Channel3_IRQHandler</a> from startup_stm32f10x_hd.o(.text) referenced from startup_stm32f10x_hd.o(RESET)
 <LI><a href="#[54]">DMA2_Channel4_5_IRQHandler</a> from startup_stm32f10x_hd.o(.text) referenced from startup_stm32f10x_hd.o(RESET)
 <LI><a href="#[16]">DebugMon_Handler</a> from stm32f10x_it.o(i.DebugMon_Handler) referenced from startup_stm32f10x_hd.o(RESET)
 <LI><a href="#[67]">DispDept</a> from flowbill.o(i.DispDept) referenced from flowbill.o(.constdata)
 <LI><a href="#[70]">DispDirectDisc</a> from flowbill.o(i.DispDirectDisc) referenced from flowbill.o(.constdata)
 <LI><a href="#[79]">DispEcrNum</a> from flowbill.o(i.DispEcrNum) referenced from flowbill.o(.constdata)
 <LI><a href="#[69]">DispEnd</a> from flowbill.o(i.DispEnd) referenced from flowbill.o(.constdata)
 <LI><a href="#[76]">DispInsertIC</a> from flowbill.o(i.DispInsertIC) referenced from flowbill.o(.constdata)
 <LI><a href="#[74]">DispMessage</a> from flowbill.o(i.DispMessage) referenced from flowbill.o(.constdata)
 <LI><a href="#[6d]">DispModeLock</a> from flowbill.o(i.DispModeLock) referenced from flowbill.o(.constdata)
 <LI><a href="#[66]">DispNULL</a> from flowbill.o(i.DispNULL) referenced 2 times from flowbill.o(.constdata)
 <LI><a href="#[72]">DispNew</a> from flowbill.o(i.DispNew) referenced from flowbill.o(.constdata)
 <LI><a href="#[6a]">DispNonAdd</a> from flowbill.o(i.DispNonAdd) referenced from flowbill.o(.constdata)
 <LI><a href="#[6b]">DispOperator</a> from flowbill.o(i.DispOperator) referenced from flowbill.o(.constdata)
 <LI><a href="#[7b]">DispPbClose</a> from flowbill.o(i.DispPbClose) referenced from flowbill.o(.constdata)
 <LI><a href="#[7c]">DispPbOpen</a> from flowbill.o(i.DispPbOpen) referenced from flowbill.o(.constdata)
 <LI><a href="#[7d]">DispPbTransTo</a> from flowbill.o(i.DispPbTransTo) referenced from flowbill.o(.constdata)
 <LI><a href="#[6e]">DispPercentDisc</a> from flowbill.o(i.DispPercentDisc) referenced from flowbill.o(.constdata)
 <LI><a href="#[68]">DispPlu</a> from flowbill.o(i.DispPlu) referenced from flowbill.o(.constdata)
 <LI><a href="#[7e]">DispPoRa</a> from flowbill.o(i.DispPoRa) referenced from flowbill.o(.constdata)
 <LI><a href="#[75]">DispRPEnd</a> from flowbill.o(i.DispRPEnd) referenced from flowbill.o(.constdata)
 <LI><a href="#[77]">DispRefreshIC</a> from flowbill.o(i.DispRefreshIC) referenced from flowbill.o(.constdata)
 <LI><a href="#[78]">DispSetPrice</a> from flowbill.o(i.DispSetPrice) referenced from flowbill.o(.constdata)
 <LI><a href="#[71]">DispSubTotalDirDisc</a> from flowbill.o(i.DispSubTotalDirDisc) referenced from flowbill.o(.constdata)
 <LI><a href="#[6f]">DispSubTotalDisc</a> from flowbill.o(i.DispSubTotalDisc) referenced from flowbill.o(.constdata)
 <LI><a href="#[73]">DispSubTotals</a> from flowbill.o(i.DispSubTotals) referenced from flowbill.o(.constdata)
 <LI><a href="#[7f]">DispTAX</a> from flowbill.o(i.DispTAX) referenced from flowbill.o(.constdata)
 <LI><a href="#[6c]">DispTender</a> from flowbill.o(i.DispTender) referenced from flowbill.o(.constdata)
 <LI><a href="#[7a]">DispVoid</a> from flowbill.o(i.DispVoid) referenced from flowbill.o(.constdata)
 <LI><a href="#[5f]">DisplayChar</a> from chndisp.o(i.DisplayChar) referenced from monitor.o(i.InitMonitor)
 <LI><a href="#[5a]">DisplayNull</a> from firmkey.o(i.DisplayNull) referenced from firmkey.o(i.CheckMode)
 <LI><a href="#[59]">DisplayRecNo</a> from firmkey.o(i.DisplayRecNo) referenced from firmkey.o(i.CheckFirmKey)
 <LI><a href="#[58]">DisplaySetup</a> from firmkey.o(i.DisplaySetup) referenced 2 times from firmkey.o(i.CheckFirmKey)
 <LI><a href="#[58]">DisplaySetup</a> from firmkey.o(i.DisplaySetup) referenced from firmkey.o(i.DisplaySetup1stMenu)
 <LI><a href="#[58]">DisplaySetup</a> from firmkey.o(i.DisplaySetup) referenced from firmkey.o(i.DisplaySetup2ndMenu)
 <LI><a href="#[58]">DisplaySetup</a> from firmkey.o(i.DisplaySetup) referenced from report2.o(i.DisplayXZMenu)
 <LI><a href="#[b7]">Download_Image</a> from print_main.o(i.Download_Image) referenced from print_main.o(.constdata)
 <LI><a href="#[0]">EP1_IN_Callback</a> from usb_endp.o(i.EP1_IN_Callback) referenced 2 times from usb_istr.o(.data)
 <LI><a href="#[2]">EP3_OUT_Callback</a> from usb_endp.o(i.EP3_OUT_Callback) referenced 2 times from usb_istr.o(.data)
 <LI><a href="#[1f]">EXTI0_IRQHandler</a> from startup_stm32f10x_hd.o(.text) referenced from startup_stm32f10x_hd.o(RESET)
 <LI><a href="#[41]">EXTI15_10_IRQHandler</a> from startup_stm32f10x_hd.o(.text) referenced from startup_stm32f10x_hd.o(RESET)
 <LI><a href="#[20]">EXTI1_IRQHandler</a> from startup_stm32f10x_hd.o(.text) referenced from startup_stm32f10x_hd.o(RESET)
 <LI><a href="#[21]">EXTI2_IRQHandler</a> from stm32f10x_it.o(i.EXTI2_IRQHandler) referenced from startup_stm32f10x_hd.o(RESET)
 <LI><a href="#[22]">EXTI3_IRQHandler</a> from startup_stm32f10x_hd.o(.text) referenced from startup_stm32f10x_hd.o(RESET)
 <LI><a href="#[23]">EXTI4_IRQHandler</a> from startup_stm32f10x_hd.o(.text) referenced from startup_stm32f10x_hd.o(RESET)
 <LI><a href="#[30]">EXTI9_5_IRQHandler</a> from stm32f10x_it.o(i.EXTI9_5_IRQHandler) referenced from startup_stm32f10x_hd.o(RESET)
 <LI><a href="#[ae]">Excute_CR</a> from print_main.o(i.Excute_CR) referenced from print_main.o(.constdata)
 <LI><a href="#[af]">Excute_DLE</a> from print_main.o(i.Excute_DLE) referenced from print_main.o(.constdata)
 <LI><a href="#[aa]">Excute_ESC</a> from print_main.o(i.Excute_ESC) referenced from print_main.o(.constdata)
 <LI><a href="#[ad]">Excute_FF</a> from print_main.o(i.Excute_FF) referenced from print_main.o(.constdata)
 <LI><a href="#[ab]">Excute_GS</a> from print_main.o(i.Excute_GS) referenced from print_main.o(.constdata)
 <LI><a href="#[ac]">Excute_LF</a> from print_main.o(i.Excute_LF) referenced from print_main.o(.constdata)
 <LI><a href="#[1d]">FLASH_IRQHandler</a> from startup_stm32f10x_hd.o(.text) referenced from startup_stm32f10x_hd.o(RESET)
 <LI><a href="#[49]">FSMC_IRQHandler</a> from startup_stm32f10x_hd.o(.text) referenced from startup_stm32f10x_hd.o(RESET)
 <LI><a href="#[81]">GPRSSendECR_LOG_All</a> from gprs.o(i.GPRSSendECR_LOG_All) referenced from menu.o(.constdata)
 <LI><a href="#[87]">GPRS_DownloadALL</a> from gprs.o(i.GPRS_DownloadALL) referenced from menu.o(.constdata)
 <LI><a href="#[84]">GPRS_DownloadCLERK</a> from gprs.o(i.GPRS_DownloadCLERK) referenced from menu.o(.constdata)
 <LI><a href="#[83]">GPRS_DownloadDEPT</a> from gprs.o(i.GPRS_DownloadDEPT) referenced from menu.o(.constdata)
 <LI><a href="#[85]">GPRS_DownloadHEAD</a> from gprs.o(i.GPRS_DownloadHEAD) referenced from menu.o(.constdata)
 <LI><a href="#[82]">GPRS_DownloadPLU</a> from gprs.o(i.GPRS_DownloadPLU) referenced from menu.o(.constdata)
 <LI><a href="#[86]">GPRS_DownloadPTRAIL</a> from gprs.o(i.GPRS_DownloadPTRAIL) referenced from menu.o(.constdata)
 <LI><a href="#[88]">GPRS_Restart</a> from gprs.o(i.GPRS_Restart) referenced from menu.o(.constdata)
 <LI><a href="#[80]">GPRS_SetSendMode</a> from gprs.o(i.GPRS_SetSendMode) referenced from menu.o(.constdata)
 <LI><a href="#[11]">HardFault_Handler</a> from stm32f10x_it.o(i.HardFault_Handler) referenced from startup_stm32f10x_hd.o(RESET)
 <LI><a href="#[39]">I2C1_ER_IRQHandler</a> from startup_stm32f10x_hd.o(.text) referenced from startup_stm32f10x_hd.o(RESET)
 <LI><a href="#[38]">I2C1_EV_IRQHandler</a> from startup_stm32f10x_hd.o(.text) referenced from startup_stm32f10x_hd.o(RESET)
 <LI><a href="#[3b]">I2C2_ER_IRQHandler</a> from startup_stm32f10x_hd.o(.text) referenced from startup_stm32f10x_hd.o(RESET)
 <LI><a href="#[3a]">I2C2_EV_IRQHandler</a> from startup_stm32f10x_hd.o(.text) referenced from startup_stm32f10x_hd.o(RESET)
 <LI><a href="#[96]">ListICBlock</a> from iccardblock.o(i.ListICBlock) referenced from menu.o(.constdata)
 <LI><a href="#[12]">MemManage_Handler</a> from stm32f10x_it.o(i.MemManage_Handler) referenced from startup_stm32f10x_hd.o(RESET)
 <LI><a href="#[10]">NMI_Handler</a> from stm32f10x_it.o(i.NMI_Handler) referenced from startup_stm32f10x_hd.o(RESET)
 <LI><a href="#[1]">NOP_Process</a> from usb_core.o(i.NOP_Process) referenced 38 times from usb_istr.o(.data)
 <LI><a href="#[a3]">NewProgSysFlag</a> from program.o(i.NewProgSysFlag) referenced from menu.o(.constdata)
 <LI><a href="#[1a]">PVD_IRQHandler</a> from startup_stm32f10x_hd.o(.text) referenced from startup_stm32f10x_hd.o(RESET)
 <LI><a href="#[17]">PendSV_Handler</a> from stm32f10x_it.o(i.PendSV_Handler) referenced from startup_stm32f10x_hd.o(RESET)
 <LI><a href="#[b8]">Print_Download_Image</a> from print_main.o(i.Print_Download_Image) referenced from print_main.o(.constdata)
 <LI><a href="#[1e]">RCC_IRQHandler</a> from startup_stm32f10x_hd.o(.text) referenced from startup_stm32f10x_hd.o(RESET)
 <LI><a href="#[42]">RTCAlarm_IRQHandler</a> from startup_stm32f10x_hd.o(.text) referenced from startup_stm32f10x_hd.o(RESET)
 <LI><a href="#[1c]">RTC_IRQHandler</a> from startup_stm32f10x_hd.o(.text) referenced from startup_stm32f10x_hd.o(RESET)
 <LI><a href="#[a1]">ReadClerk</a> from clerk.o(i.ReadClerk) referenced from menu.o(.constdata)
 <LI><a href="#[91]">ReadCorrec</a> from correc.o(i.ReadCorrec) referenced from menu.o(.constdata)
 <LI><a href="#[93]">ReadCurr</a> from currency.o(i.ReadCurr) referenced from menu.o(.constdata)
 <LI><a href="#[8b]">ReadDept</a> from depart.o(i.ReadDept) referenced from menu.o(.constdata)
 <LI><a href="#[8f]">ReadDisc</a> from discount.o(i.ReadDisc) referenced from menu.o(.constdata)
 <LI><a href="#[94]">ReadDrawer</a> from drawer.o(i.ReadDrawer) referenced from menu.o(.constdata)
 <LI><a href="#[a2]">ReadFlagsList</a> from extmodules.o(i.ReadFlagsList) referenced from menu.o(.constdata)
 <LI><a href="#[a4]">ReadFromMsg</a> from menu.o(i.ReadFromMsg) referenced 8 times from menu.o(.constdata)
 <LI><a href="#[a8]">ReadFuncLook</a> from extmodules.o(i.ReadFuncLook) referenced from menu.o(.constdata)
 <LI><a href="#[9a]">ReadGraphic</a> from extmodules.o(i.ReadGraphic) referenced from menu.o(.constdata)
 <LI><a href="#[8a]">ReadGroup</a> from group.o(i.ReadGroup) referenced from menu.o(.constdata)
 <LI><a href="#[97]">ReadHeader</a> from extmodules.o(i.ReadHeader) referenced from menu.o(.constdata)
 <LI><a href="#[8d]">ReadKP</a> from kp.o(i.ReadKP) referenced from menu.o(.constdata)
 <LI><a href="#[a5]">ReadKeyDesList</a> from extmodules.o(i.ReadKeyDesList) referenced from menu.o(.constdata)
 <LI><a href="#[a7]">ReadKeyMacro</a> from extmodules.o(i.ReadKeyMacro) referenced from menu.o(.constdata)
 <LI><a href="#[a0]">ReadModi</a> from modifier.o(i.ReadModi) referenced from menu.o(.constdata)
 <LI><a href="#[a6]">ReadNumric</a> from extmodules.o(i.ReadNumric) referenced from menu.o(.constdata)
 <LI><a href="#[8e]">ReadOFFPrice</a> from offprice.o(i.ReadOFFPrice) referenced from menu.o(.constdata)
 <LI><a href="#[9e]">ReadPBTable</a> from pb.o(i.ReadPBTable) referenced from menu.o(.constdata)
 <LI><a href="#[9f]">ReadPbF</a> from pb.o(i.ReadPbF) referenced from menu.o(.constdata)
 <LI><a href="#[8c]">ReadPlu</a> from plu.o(i.ReadPlu) referenced from menu.o(.constdata)
 <LI><a href="#[a9]">ReadPluStock</a> from plu.o(i.ReadPluStock) referenced from menu.o(.constdata)
 <LI><a href="#[90]">ReadPoRa</a> from pora.o(i.ReadPoRa) referenced from menu.o(.constdata)
 <LI><a href="#[9c]">ReadRepUnit</a> from extmodules.o(i.ReadRepUnit) referenced from menu.o(.constdata)
 <LI><a href="#[99]">ReadSlipHeader</a> from extmodules.o(i.ReadSlipHeader) referenced from menu.o(.constdata)
 <LI><a href="#[95]">ReadTax</a> from tax.o(i.ReadTax) referenced from menu.o(.constdata)
 <LI><a href="#[92]">ReadTender</a> from tender.o(i.ReadTender) referenced from menu.o(.constdata)
 <LI><a href="#[98]">ReadTrail</a> from extmodules.o(i.ReadTrail) referenced from menu.o(.constdata)
 <LI><a href="#[9b]">ReadXZReport</a> from extmodules.o(i.ReadXZReport) referenced from menu.o(.constdata)
 <LI><a href="#[9d]">ReadZone</a> from extmodules.o(i.ReadZone) referenced from menu.o(.constdata)
 <LI><a href="#[f]">Reset_Handler</a> from startup_stm32f10x_hd.o(.text) referenced from startup_stm32f10x_hd.o(RESET)
 <LI><a href="#[4a]">SDIO_IRQHandler</a> from stm32f10x_it.o(i.SDIO_IRQHandler) referenced from startup_stm32f10x_hd.o(RESET)
 <LI><a href="#[3c]">SPI1_IRQHandler</a> from startup_stm32f10x_hd.o(.text) referenced from startup_stm32f10x_hd.o(RESET)
 <LI><a href="#[3d]">SPI2_IRQHandler</a> from startup_stm32f10x_hd.o(.text) referenced from startup_stm32f10x_hd.o(RESET)
 <LI><a href="#[4c]">SPI3_IRQHandler</a> from startup_stm32f10x_hd.o(.text) referenced from startup_stm32f10x_hd.o(RESET)
 <LI><a href="#[15]">SVC_Handler</a> from stm32f10x_it.o(i.SVC_Handler) referenced from startup_stm32f10x_hd.o(RESET)
 <LI><a href="#[5c]">Standard_GetConfiguration</a> from usb_core.o(i.Standard_GetConfiguration) referenced from usb_core.o(i.Data_Setup0)
 <LI><a href="#[5d]">Standard_GetInterface</a> from usb_core.o(i.Standard_GetInterface) referenced from usb_core.o(i.Data_Setup0)
 <LI><a href="#[5b]">Standard_GetStatus</a> from usb_core.o(i.Standard_GetStatus) referenced from usb_core.o(i.Data_Setup0)
 <LI><a href="#[18]">SysTick_Handler</a> from stm32f10x_it.o(i.SysTick_Handler) referenced from startup_stm32f10x_hd.o(RESET)
 <LI><a href="#[56]">SystemInit</a> from system_stm32f10x.o(i.SystemInit) referenced from startup_stm32f10x_hd.o(.text)
 <LI><a href="#[1b]">TAMPER_IRQHandler</a> from startup_stm32f10x_hd.o(.text) referenced from startup_stm32f10x_hd.o(RESET)
 <LI><a href="#[31]">TIM1_BRK_IRQHandler</a> from startup_stm32f10x_hd.o(.text) referenced from startup_stm32f10x_hd.o(RESET)
 <LI><a href="#[34]">TIM1_CC_IRQHandler</a> from startup_stm32f10x_hd.o(.text) referenced from startup_stm32f10x_hd.o(RESET)
 <LI><a href="#[33]">TIM1_TRG_COM_IRQHandler</a> from startup_stm32f10x_hd.o(.text) referenced from startup_stm32f10x_hd.o(RESET)
 <LI><a href="#[32]">TIM1_UP_IRQHandler</a> from startup_stm32f10x_hd.o(.text) referenced from startup_stm32f10x_hd.o(RESET)
 <LI><a href="#[35]">TIM2_IRQHandler</a> from print_main.o(i.TIM2_IRQHandler) referenced from startup_stm32f10x_hd.o(RESET)
 <LI><a href="#[36]">TIM3_IRQHandler</a> from print_main.o(i.TIM3_IRQHandler) referenced from startup_stm32f10x_hd.o(RESET)
 <LI><a href="#[37]">TIM4_IRQHandler</a> from startup_stm32f10x_hd.o(.text) referenced from startup_stm32f10x_hd.o(RESET)
 <LI><a href="#[4b]">TIM5_IRQHandler</a> from startup_stm32f10x_hd.o(.text) referenced from startup_stm32f10x_hd.o(RESET)
 <LI><a href="#[4f]">TIM6_IRQHandler</a> from led_customer.o(i.TIM6_IRQHandler) referenced from startup_stm32f10x_hd.o(RESET)
 <LI><a href="#[50]">TIM7_IRQHandler</a> from keyboard.o(i.TIM7_IRQHandler) referenced from startup_stm32f10x_hd.o(RESET)
 <LI><a href="#[44]">TIM8_BRK_IRQHandler</a> from startup_stm32f10x_hd.o(.text) referenced from startup_stm32f10x_hd.o(RESET)
 <LI><a href="#[47]">TIM8_CC_IRQHandler</a> from startup_stm32f10x_hd.o(.text) referenced from startup_stm32f10x_hd.o(RESET)
 <LI><a href="#[46]">TIM8_TRG_COM_IRQHandler</a> from startup_stm32f10x_hd.o(.text) referenced from startup_stm32f10x_hd.o(RESET)
 <LI><a href="#[45]">TIM8_UP_IRQHandler</a> from startup_stm32f10x_hd.o(.text) referenced from startup_stm32f10x_hd.o(RESET)
 <LI><a href="#[89]">TestSendMess</a> from gprs.o(i.TestSendMess) referenced from menu.o(.constdata)
 <LI><a href="#[4d]">UART4_IRQHandler</a> from startup_stm32f10x_hd.o(.text) referenced from startup_stm32f10x_hd.o(RESET)
 <LI><a href="#[4e]">UART5_IRQHandler</a> from startup_stm32f10x_hd.o(.text) referenced from startup_stm32f10x_hd.o(RESET)
 <LI><a href="#[5e]">UART_GetChar</a> from usart.o(i.UART_GetChar) referenced from monitor.o(i.InitMonitor)
 <LI><a href="#[60]">UART_PutChar</a> from usart.o(i.UART_PutChar) referenced from monitor.o(i.InitMonitor)
 <LI><a href="#[3e]">USART1_IRQHandler</a> from stm32f10x_it.o(i.USART1_IRQHandler) referenced from startup_stm32f10x_hd.o(RESET)
 <LI><a href="#[3f]">USART2_IRQHandler</a> from stm32f10x_it.o(i.USART2_IRQHandler) referenced from startup_stm32f10x_hd.o(RESET)
 <LI><a href="#[40]">USART3_IRQHandler</a> from stm32f10x_it.o(i.USART3_IRQHandler) referenced from startup_stm32f10x_hd.o(RESET)
 <LI><a href="#[43]">USBWakeUp_IRQHandler</a> from stm32f10x_it.o(i.USBWakeUp_IRQHandler) referenced from startup_stm32f10x_hd.o(RESET)
 <LI><a href="#[2c]">USB_HP_CAN1_TX_IRQHandler</a> from startup_stm32f10x_hd.o(.text) referenced from startup_stm32f10x_hd.o(RESET)
 <LI><a href="#[2d]">USB_LP_CAN1_RX0_IRQHandler</a> from stm32f10x_it.o(i.USB_LP_CAN1_RX0_IRQHandler) referenced from startup_stm32f10x_hd.o(RESET)
 <LI><a href="#[61]">UpdateBIOS</a> from ecr_iap.o(i.UpdateBIOS) referenced from computer.o(i.ProcessRecord)
 <LI><a href="#[14]">UsageFault_Handler</a> from stm32f10x_it.o(i.UsageFault_Handler) referenced from startup_stm32f10x_hd.o(RESET)
 <LI><a href="#[7]">Virtual_Com_Port_Data_Setup</a> from usb_prop.o(i.Virtual_Com_Port_Data_Setup) referenced 2 times from usb_prop.o(.data)
 <LI><a href="#[b]">Virtual_Com_Port_GetConfigDescriptor</a> from usb_prop.o(i.Virtual_Com_Port_GetConfigDescriptor) referenced 2 times from usb_prop.o(.data)
 <LI><a href="#[a]">Virtual_Com_Port_GetDeviceDescriptor</a> from usb_prop.o(i.Virtual_Com_Port_GetDeviceDescriptor) referenced 2 times from usb_prop.o(.data)
 <LI><a href="#[62]">Virtual_Com_Port_GetLineCoding</a> from usb_prop.o(i.Virtual_Com_Port_GetLineCoding) referenced from usb_prop.o(i.Virtual_Com_Port_Data_Setup)
 <LI><a href="#[c]">Virtual_Com_Port_GetStringDescriptor</a> from usb_prop.o(i.Virtual_Com_Port_GetStringDescriptor) referenced 2 times from usb_prop.o(.data)
 <LI><a href="#[9]">Virtual_Com_Port_Get_Interface_Setting</a> from usb_prop.o(i.Virtual_Com_Port_Get_Interface_Setting) referenced 2 times from usb_prop.o(.data)
 <LI><a href="#[8]">Virtual_Com_Port_NoData_Setup</a> from usb_prop.o(i.Virtual_Com_Port_NoData_Setup) referenced 2 times from usb_prop.o(.data)
 <LI><a href="#[4]">Virtual_Com_Port_Reset</a> from usb_prop.o(i.Virtual_Com_Port_Reset) referenced 2 times from usb_prop.o(.data)
 <LI><a href="#[d]">Virtual_Com_Port_SetConfiguration</a> from usb_prop.o(i.Virtual_Com_Port_SetConfiguration) referenced 2 times from usb_prop.o(.data)
 <LI><a href="#[e]">Virtual_Com_Port_SetDeviceAddress</a> from usb_prop.o(i.Virtual_Com_Port_SetDeviceAddress) referenced 2 times from usb_prop.o(.data)
 <LI><a href="#[63]">Virtual_Com_Port_SetLineCoding</a> from usb_prop.o(i.Virtual_Com_Port_SetLineCoding) referenced from usb_prop.o(i.Virtual_Com_Port_Data_Setup)
 <LI><a href="#[5]">Virtual_Com_Port_Status_In</a> from usb_prop.o(i.Virtual_Com_Port_Status_In) referenced 2 times from usb_prop.o(.data)
 <LI><a href="#[6]">Virtual_Com_Port_Status_Out</a> from usb_prop.o(i.Virtual_Com_Port_Status_Out) referenced 2 times from usb_prop.o(.data)
 <LI><a href="#[3]">Virtual_Com_Port_init</a> from usb_prop.o(i.Virtual_Com_Port_init) referenced 2 times from usb_prop.o(.data)
 <LI><a href="#[19]">WWDG_IRQHandler</a> from startup_stm32f10x_hd.o(.text) referenced from startup_stm32f10x_hd.o(RESET)
 <LI><a href="#[57]">__main</a> from entry.o(.ARM.Collect$$$$00000000) referenced from startup_stm32f10x_hd.o(.text)
 <LI><a href="#[64]">_sputc</a> from printf8.o(i._sputc) referenced from printf8.o(i.__0sprintf$8)
 <LI><a href="#[65]">_sputc</a> from printfa.o(i._sputc) referenced from printfa.o(i.__0vsprintf)
 <LI><a href="#[55]">main</a> from main.o(i.main) referenced from entry9a.o(.ARM.Collect$$$$0000000B)
 <LI><a href="#[b3]">partial_cut</a> from print_main.o(i.partial_cut) referenced from print_main.o(.constdata)
 <LI><a href="#[b0]">sel_print_mode</a> from print_main.o(i.sel_print_mode) referenced from print_main.o(.constdata)
 <LI><a href="#[b6]">sel_raster_bit_image</a> from print_main.o(i.sel_raster_bit_image) referenced from print_main.o(.constdata)
 <LI><a href="#[b2]">total_cut</a> from print_main.o(i.total_cut) referenced from print_main.o(.constdata)
 <LI><a href="#[b1]">turn_underline_mode</a> from print_main.o(i.turn_underline_mode) referenced from print_main.o(.constdata)
 <LI><a href="#[b4]">tx_printer_status</a> from print_main.o(i.tx_printer_status) referenced from print_main.o(.constdata)
 <LI><a href="#[b5]">tx_status</a> from print_main.o(i.tx_status) referenced from print_main.o(.constdata)
</UL>
<P>
<H3>
Global Symbols
</H3>
<P><STRONG><a name="[57]"></a>__main</STRONG> (Thumb, 0 bytes, Stack size unknown bytes, entry.o(.ARM.Collect$$$$00000000))
<BR>[Address Reference Count : 1]<UL><LI> startup_stm32f10x_hd.o(.text)
</UL>
<P><STRONG><a name="[42c]"></a>_main_stk</STRONG> (Thumb, 0 bytes, Stack size unknown bytes, entry2.o(.ARM.Collect$$$$00000001))

<P><STRONG><a name="[ba]"></a>_main_scatterload</STRONG> (Thumb, 0 bytes, Stack size unknown bytes, entry5.o(.ARM.Collect$$$$00000004))
<BR><BR>[Calls]<UL><LI><a href="#[bb]">&gt;&gt;</a>&nbsp;&nbsp;&nbsp;__scatterload
</UL>

<P><STRONG><a name="[d0]"></a>__main_after_scatterload</STRONG> (Thumb, 0 bytes, Stack size unknown bytes, entry5.o(.ARM.Collect$$$$00000004))
<BR><BR>[Called By]<UL><LI><a href="#[bb]">&gt;&gt;</a>&nbsp;&nbsp;&nbsp;__scatterload
</UL>

<P><STRONG><a name="[42d]"></a>_main_clock</STRONG> (Thumb, 0 bytes, Stack size unknown bytes, entry7b.o(.ARM.Collect$$$$00000008))

<P><STRONG><a name="[42e]"></a>_main_cpp_init</STRONG> (Thumb, 0 bytes, Stack size unknown bytes, entry8b.o(.ARM.Collect$$$$0000000A))

<P><STRONG><a name="[42f]"></a>_main_init</STRONG> (Thumb, 0 bytes, Stack size unknown bytes, entry9a.o(.ARM.Collect$$$$0000000B))

<P><STRONG><a name="[430]"></a>__rt_final_cpp</STRONG> (Thumb, 0 bytes, Stack size unknown bytes, entry10a.o(.ARM.Collect$$$$0000000D))

<P><STRONG><a name="[431]"></a>__rt_final_exit</STRONG> (Thumb, 0 bytes, Stack size unknown bytes, entry11a.o(.ARM.Collect$$$$0000000F))

<P><STRONG><a name="[f]"></a>Reset_Handler</STRONG> (Thumb, 8 bytes, Stack size 0 bytes, startup_stm32f10x_hd.o(.text))
<BR>[Address Reference Count : 1]<UL><LI> startup_stm32f10x_hd.o(RESET)
</UL>
<P><STRONG><a name="[2b]"></a>ADC1_2_IRQHandler</STRONG> (Thumb, 0 bytes, Stack size 0 bytes, startup_stm32f10x_hd.o(.text))
<BR><BR>[Calls]<UL><LI><a href="#[2b]">&gt;&gt;</a>&nbsp;&nbsp;&nbsp;ADC1_2_IRQHandler
</UL>
<BR>[Called By]<UL><LI><a href="#[2b]">&gt;&gt;</a>&nbsp;&nbsp;&nbsp;ADC1_2_IRQHandler
</UL>
<BR>[Address Reference Count : 1]<UL><LI> startup_stm32f10x_hd.o(RESET)
</UL>
<P><STRONG><a name="[48]"></a>ADC3_IRQHandler</STRONG> (Thumb, 0 bytes, Stack size 0 bytes, startup_stm32f10x_hd.o(.text))
<BR>[Address Reference Count : 1]<UL><LI> startup_stm32f10x_hd.o(RESET)
</UL>
<P><STRONG><a name="[2e]"></a>CAN1_RX1_IRQHandler</STRONG> (Thumb, 0 bytes, Stack size 0 bytes, startup_stm32f10x_hd.o(.text))
<BR>[Address Reference Count : 1]<UL><LI> startup_stm32f10x_hd.o(RESET)
</UL>
<P><STRONG><a name="[2f]"></a>CAN1_SCE_IRQHandler</STRONG> (Thumb, 0 bytes, Stack size 0 bytes, startup_stm32f10x_hd.o(.text))
<BR>[Address Reference Count : 1]<UL><LI> startup_stm32f10x_hd.o(RESET)
</UL>
<P><STRONG><a name="[24]"></a>DMA1_Channel1_IRQHandler</STRONG> (Thumb, 0 bytes, Stack size 0 bytes, startup_stm32f10x_hd.o(.text))
<BR>[Address Reference Count : 1]<UL><LI> startup_stm32f10x_hd.o(RESET)
</UL>
<P><STRONG><a name="[25]"></a>DMA1_Channel2_IRQHandler</STRONG> (Thumb, 0 bytes, Stack size 0 bytes, startup_stm32f10x_hd.o(.text))
<BR>[Address Reference Count : 1]<UL><LI> startup_stm32f10x_hd.o(RESET)
</UL>
<P><STRONG><a name="[26]"></a>DMA1_Channel3_IRQHandler</STRONG> (Thumb, 0 bytes, Stack size 0 bytes, startup_stm32f10x_hd.o(.text))
<BR>[Address Reference Count : 1]<UL><LI> startup_stm32f10x_hd.o(RESET)
</UL>
<P><STRONG><a name="[27]"></a>DMA1_Channel4_IRQHandler</STRONG> (Thumb, 0 bytes, Stack size 0 bytes, startup_stm32f10x_hd.o(.text))
<BR>[Address Reference Count : 1]<UL><LI> startup_stm32f10x_hd.o(RESET)
</UL>
<P><STRONG><a name="[28]"></a>DMA1_Channel5_IRQHandler</STRONG> (Thumb, 0 bytes, Stack size 0 bytes, startup_stm32f10x_hd.o(.text))
<BR>[Address Reference Count : 1]<UL><LI> startup_stm32f10x_hd.o(RESET)
</UL>
<P><STRONG><a name="[29]"></a>DMA1_Channel6_IRQHandler</STRONG> (Thumb, 0 bytes, Stack size 0 bytes, startup_stm32f10x_hd.o(.text))
<BR>[Address Reference Count : 1]<UL><LI> startup_stm32f10x_hd.o(RESET)
</UL>
<P><STRONG><a name="[2a]"></a>DMA1_Channel7_IRQHandler</STRONG> (Thumb, 0 bytes, Stack size 0 bytes, startup_stm32f10x_hd.o(.text))
<BR>[Address Reference Count : 1]<UL><LI> startup_stm32f10x_hd.o(RESET)
</UL>
<P><STRONG><a name="[51]"></a>DMA2_Channel1_IRQHandler</STRONG> (Thumb, 0 bytes, Stack size 0 bytes, startup_stm32f10x_hd.o(.text))
<BR>[Address Reference Count : 1]<UL><LI> startup_stm32f10x_hd.o(RESET)
</UL>
<P><STRONG><a name="[52]"></a>DMA2_Channel2_IRQHandler</STRONG> (Thumb, 0 bytes, Stack size 0 bytes, startup_stm32f10x_hd.o(.text))
<BR>[Address Reference Count : 1]<UL><LI> startup_stm32f10x_hd.o(RESET)
</UL>
<P><STRONG><a name="[53]"></a>DMA2_Channel3_IRQHandler</STRONG> (Thumb, 0 bytes, Stack size 0 bytes, startup_stm32f10x_hd.o(.text))
<BR>[Address Reference Count : 1]<UL><LI> startup_stm32f10x_hd.o(RESET)
</UL>
<P><STRONG><a name="[54]"></a>DMA2_Channel4_5_IRQHandler</STRONG> (Thumb, 0 bytes, Stack size 0 bytes, startup_stm32f10x_hd.o(.text))
<BR>[Address Reference Count : 1]<UL><LI> startup_stm32f10x_hd.o(RESET)
</UL>
<P><STRONG><a name="[1f]"></a>EXTI0_IRQHandler</STRONG> (Thumb, 0 bytes, Stack size 0 bytes, startup_stm32f10x_hd.o(.text))
<BR>[Address Reference Count : 1]<UL><LI> startup_stm32f10x_hd.o(RESET)
</UL>
<P><STRONG><a name="[41]"></a>EXTI15_10_IRQHandler</STRONG> (Thumb, 0 bytes, Stack size 0 bytes, startup_stm32f10x_hd.o(.text))
<BR>[Address Reference Count : 1]<UL><LI> startup_stm32f10x_hd.o(RESET)
</UL>
<P><STRONG><a name="[20]"></a>EXTI1_IRQHandler</STRONG> (Thumb, 0 bytes, Stack size 0 bytes, startup_stm32f10x_hd.o(.text))
<BR>[Address Reference Count : 1]<UL><LI> startup_stm32f10x_hd.o(RESET)
</UL>
<P><STRONG><a name="[22]"></a>EXTI3_IRQHandler</STRONG> (Thumb, 0 bytes, Stack size 0 bytes, startup_stm32f10x_hd.o(.text))
<BR>[Address Reference Count : 1]<UL><LI> startup_stm32f10x_hd.o(RESET)
</UL>
<P><STRONG><a name="[23]"></a>EXTI4_IRQHandler</STRONG> (Thumb, 0 bytes, Stack size 0 bytes, startup_stm32f10x_hd.o(.text))
<BR>[Address Reference Count : 1]<UL><LI> startup_stm32f10x_hd.o(RESET)
</UL>
<P><STRONG><a name="[1d]"></a>FLASH_IRQHandler</STRONG> (Thumb, 0 bytes, Stack size 0 bytes, startup_stm32f10x_hd.o(.text))
<BR>[Address Reference Count : 1]<UL><LI> startup_stm32f10x_hd.o(RESET)
</UL>
<P><STRONG><a name="[49]"></a>FSMC_IRQHandler</STRONG> (Thumb, 0 bytes, Stack size 0 bytes, startup_stm32f10x_hd.o(.text))
<BR>[Address Reference Count : 1]<UL><LI> startup_stm32f10x_hd.o(RESET)
</UL>
<P><STRONG><a name="[39]"></a>I2C1_ER_IRQHandler</STRONG> (Thumb, 0 bytes, Stack size 0 bytes, startup_stm32f10x_hd.o(.text))
<BR>[Address Reference Count : 1]<UL><LI> startup_stm32f10x_hd.o(RESET)
</UL>
<P><STRONG><a name="[38]"></a>I2C1_EV_IRQHandler</STRONG> (Thumb, 0 bytes, Stack size 0 bytes, startup_stm32f10x_hd.o(.text))
<BR>[Address Reference Count : 1]<UL><LI> startup_stm32f10x_hd.o(RESET)
</UL>
<P><STRONG><a name="[3b]"></a>I2C2_ER_IRQHandler</STRONG> (Thumb, 0 bytes, Stack size 0 bytes, startup_stm32f10x_hd.o(.text))
<BR>[Address Reference Count : 1]<UL><LI> startup_stm32f10x_hd.o(RESET)
</UL>
<P><STRONG><a name="[3a]"></a>I2C2_EV_IRQHandler</STRONG> (Thumb, 0 bytes, Stack size 0 bytes, startup_stm32f10x_hd.o(.text))
<BR>[Address Reference Count : 1]<UL><LI> startup_stm32f10x_hd.o(RESET)
</UL>
<P><STRONG><a name="[1a]"></a>PVD_IRQHandler</STRONG> (Thumb, 0 bytes, Stack size 0 bytes, startup_stm32f10x_hd.o(.text))
<BR>[Address Reference Count : 1]<UL><LI> startup_stm32f10x_hd.o(RESET)
</UL>
<P><STRONG><a name="[1e]"></a>RCC_IRQHandler</STRONG> (Thumb, 0 bytes, Stack size 0 bytes, startup_stm32f10x_hd.o(.text))
<BR>[Address Reference Count : 1]<UL><LI> startup_stm32f10x_hd.o(RESET)
</UL>
<P><STRONG><a name="[42]"></a>RTCAlarm_IRQHandler</STRONG> (Thumb, 0 bytes, Stack size 0 bytes, startup_stm32f10x_hd.o(.text))
<BR>[Address Reference Count : 1]<UL><LI> startup_stm32f10x_hd.o(RESET)
</UL>
<P><STRONG><a name="[1c]"></a>RTC_IRQHandler</STRONG> (Thumb, 0 bytes, Stack size 0 bytes, startup_stm32f10x_hd.o(.text))
<BR>[Address Reference Count : 1]<UL><LI> startup_stm32f10x_hd.o(RESET)
</UL>
<P><STRONG><a name="[3c]"></a>SPI1_IRQHandler</STRONG> (Thumb, 0 bytes, Stack size 0 bytes, startup_stm32f10x_hd.o(.text))
<BR>[Address Reference Count : 1]<UL><LI> startup_stm32f10x_hd.o(RESET)
</UL>
<P><STRONG><a name="[3d]"></a>SPI2_IRQHandler</STRONG> (Thumb, 0 bytes, Stack size 0 bytes, startup_stm32f10x_hd.o(.text))
<BR>[Address Reference Count : 1]<UL><LI> startup_stm32f10x_hd.o(RESET)
</UL>
<P><STRONG><a name="[4c]"></a>SPI3_IRQHandler</STRONG> (Thumb, 0 bytes, Stack size 0 bytes, startup_stm32f10x_hd.o(.text))
<BR>[Address Reference Count : 1]<UL><LI> startup_stm32f10x_hd.o(RESET)
</UL>
<P><STRONG><a name="[1b]"></a>TAMPER_IRQHandler</STRONG> (Thumb, 0 bytes, Stack size 0 bytes, startup_stm32f10x_hd.o(.text))
<BR>[Address Reference Count : 1]<UL><LI> startup_stm32f10x_hd.o(RESET)
</UL>
<P><STRONG><a name="[31]"></a>TIM1_BRK_IRQHandler</STRONG> (Thumb, 0 bytes, Stack size 0 bytes, startup_stm32f10x_hd.o(.text))
<BR>[Address Reference Count : 1]<UL><LI> startup_stm32f10x_hd.o(RESET)
</UL>
<P><STRONG><a name="[34]"></a>TIM1_CC_IRQHandler</STRONG> (Thumb, 0 bytes, Stack size 0 bytes, startup_stm32f10x_hd.o(.text))
<BR>[Address Reference Count : 1]<UL><LI> startup_stm32f10x_hd.o(RESET)
</UL>
<P><STRONG><a name="[33]"></a>TIM1_TRG_COM_IRQHandler</STRONG> (Thumb, 0 bytes, Stack size 0 bytes, startup_stm32f10x_hd.o(.text))
<BR>[Address Reference Count : 1]<UL><LI> startup_stm32f10x_hd.o(RESET)
</UL>
<P><STRONG><a name="[32]"></a>TIM1_UP_IRQHandler</STRONG> (Thumb, 0 bytes, Stack size 0 bytes, startup_stm32f10x_hd.o(.text))
<BR>[Address Reference Count : 1]<UL><LI> startup_stm32f10x_hd.o(RESET)
</UL>
<P><STRONG><a name="[37]"></a>TIM4_IRQHandler</STRONG> (Thumb, 0 bytes, Stack size 0 bytes, startup_stm32f10x_hd.o(.text))
<BR>[Address Reference Count : 1]<UL><LI> startup_stm32f10x_hd.o(RESET)
</UL>
<P><STRONG><a name="[4b]"></a>TIM5_IRQHandler</STRONG> (Thumb, 0 bytes, Stack size 0 bytes, startup_stm32f10x_hd.o(.text))
<BR>[Address Reference Count : 1]<UL><LI> startup_stm32f10x_hd.o(RESET)
</UL>
<P><STRONG><a name="[44]"></a>TIM8_BRK_IRQHandler</STRONG> (Thumb, 0 bytes, Stack size 0 bytes, startup_stm32f10x_hd.o(.text))
<BR>[Address Reference Count : 1]<UL><LI> startup_stm32f10x_hd.o(RESET)
</UL>
<P><STRONG><a name="[47]"></a>TIM8_CC_IRQHandler</STRONG> (Thumb, 0 bytes, Stack size 0 bytes, startup_stm32f10x_hd.o(.text))
<BR>[Address Reference Count : 1]<UL><LI> startup_stm32f10x_hd.o(RESET)
</UL>
<P><STRONG><a name="[46]"></a>TIM8_TRG_COM_IRQHandler</STRONG> (Thumb, 0 bytes, Stack size 0 bytes, startup_stm32f10x_hd.o(.text))
<BR>[Address Reference Count : 1]<UL><LI> startup_stm32f10x_hd.o(RESET)
</UL>
<P><STRONG><a name="[45]"></a>TIM8_UP_IRQHandler</STRONG> (Thumb, 0 bytes, Stack size 0 bytes, startup_stm32f10x_hd.o(.text))
<BR>[Address Reference Count : 1]<UL><LI> startup_stm32f10x_hd.o(RESET)
</UL>
<P><STRONG><a name="[4d]"></a>UART4_IRQHandler</STRONG> (Thumb, 0 bytes, Stack size 0 bytes, startup_stm32f10x_hd.o(.text))
<BR>[Address Reference Count : 1]<UL><LI> startup_stm32f10x_hd.o(RESET)
</UL>
<P><STRONG><a name="[4e]"></a>UART5_IRQHandler</STRONG> (Thumb, 0 bytes, Stack size 0 bytes, startup_stm32f10x_hd.o(.text))
<BR>[Address Reference Count : 1]<UL><LI> startup_stm32f10x_hd.o(RESET)
</UL>
<P><STRONG><a name="[2c]"></a>USB_HP_CAN1_TX_IRQHandler</STRONG> (Thumb, 0 bytes, Stack size 0 bytes, startup_stm32f10x_hd.o(.text))
<BR>[Address Reference Count : 1]<UL><LI> startup_stm32f10x_hd.o(RESET)
</UL>
<P><STRONG><a name="[19]"></a>WWDG_IRQHandler</STRONG> (Thumb, 0 bytes, Stack size 0 bytes, startup_stm32f10x_hd.o(.text))
<BR>[Address Reference Count : 1]<UL><LI> startup_stm32f10x_hd.o(RESET)
</UL>
<P><STRONG><a name="[bc]"></a>__aeabi_uldivmod</STRONG> (Thumb, 98 bytes, Stack size 40 bytes, uldiv.o(.text))
<BR><BR>[Stack]<UL><LI>Max Depth = 40<LI>Call Chain = __aeabi_uldivmod
</UL>
<BR>[Calls]<UL><LI><a href="#[bd]">&gt;&gt;</a>&nbsp;&nbsp;&nbsp;__aeabi_llsr
<LI><a href="#[be]">&gt;&gt;</a>&nbsp;&nbsp;&nbsp;__aeabi_llsl
</UL>
<BR>[Called By]<UL><LI><a href="#[208]">&gt;&gt;</a>&nbsp;&nbsp;&nbsp;ULong64toASC
<LI><a href="#[404]">&gt;&gt;</a>&nbsp;&nbsp;&nbsp;_printf_core
<LI><a href="#[405]">&gt;&gt;</a>&nbsp;&nbsp;&nbsp;_fp_digits
<LI><a href="#[402]">&gt;&gt;</a>&nbsp;&nbsp;&nbsp;_printf_core
</UL>

<P><STRONG><a name="[111]"></a>__aeabi_memcpy</STRONG> (Thumb, 36 bytes, Stack size 0 bytes, memcpya.o(.text))
<BR><BR>[Called By]<UL><LI><a href="#[12b]">&gt;&gt;</a>&nbsp;&nbsp;&nbsp;RSPrint
<LI><a href="#[3ba]">&gt;&gt;</a>&nbsp;&nbsp;&nbsp;SRAM_WriteBuffer
<LI><a href="#[3a1]">&gt;&gt;</a>&nbsp;&nbsp;&nbsp;SRAM_ReadBuffer
<LI><a href="#[10b]">&gt;&gt;</a>&nbsp;&nbsp;&nbsp;LineEditor
<LI><a href="#[108]">&gt;&gt;</a>&nbsp;&nbsp;&nbsp;ChnInput
<LI><a href="#[185]">&gt;&gt;</a>&nbsp;&nbsp;&nbsp;CheckInput
<LI><a href="#[180]">&gt;&gt;</a>&nbsp;&nbsp;&nbsp;ScrollScreen
<LI><a href="#[2e0]">&gt;&gt;</a>&nbsp;&nbsp;&nbsp;RecallScreen
<LI><a href="#[20b]">&gt;&gt;</a>&nbsp;&nbsp;&nbsp;DispStr_Right
<LI><a href="#[114]">&gt;&gt;</a>&nbsp;&nbsp;&nbsp;BackupScreen
<LI><a href="#[8c]">&gt;&gt;</a>&nbsp;&nbsp;&nbsp;ReadPlu
<LI><a href="#[30c]">&gt;&gt;</a>&nbsp;&nbsp;&nbsp;PrintPbKp
<LI><a href="#[34b]">&gt;&gt;</a>&nbsp;&nbsp;&nbsp;PrintArticle
<LI><a href="#[148]">&gt;&gt;</a>&nbsp;&nbsp;&nbsp;Multiply
<LI><a href="#[30d]">&gt;&gt;</a>&nbsp;&nbsp;&nbsp;KpHeader
<LI><a href="#[18e]">&gt;&gt;</a>&nbsp;&nbsp;&nbsp;CheckMixMatch
<LI><a href="#[14c]">&gt;&gt;</a>&nbsp;&nbsp;&nbsp;CalculateTax
<LI><a href="#[18f]">&gt;&gt;</a>&nbsp;&nbsp;&nbsp;StoreInBuffer
<LI><a href="#[385]">&gt;&gt;</a>&nbsp;&nbsp;&nbsp;ProcessDeptRecord
<LI><a href="#[268]">&gt;&gt;</a>&nbsp;&nbsp;&nbsp;ProcessBuffer
<LI><a href="#[383]">&gt;&gt;</a>&nbsp;&nbsp;&nbsp;ProBuf
<LI><a href="#[11e]">&gt;&gt;</a>&nbsp;&nbsp;&nbsp;BarCode
<LI><a href="#[1b0]">&gt;&gt;</a>&nbsp;&nbsp;&nbsp;PutsO
<LI><a href="#[386]">&gt;&gt;</a>&nbsp;&nbsp;&nbsp;Tender
<LI><a href="#[1f7]">&gt;&gt;</a>&nbsp;&nbsp;&nbsp;StorePbBuffer
<LI><a href="#[1f6]">&gt;&gt;</a>&nbsp;&nbsp;&nbsp;RegiStart
<LI><a href="#[205]">&gt;&gt;</a>&nbsp;&nbsp;&nbsp;DispQtyStr
<LI><a href="#[149]">&gt;&gt;</a>&nbsp;&nbsp;&nbsp;Divide
<LI><a href="#[1d8]">&gt;&gt;</a>&nbsp;&nbsp;&nbsp;ProcessDept
<LI><a href="#[1e8]">&gt;&gt;</a>&nbsp;&nbsp;&nbsp;DispAmtStr
<LI><a href="#[1dc]">&gt;&gt;</a>&nbsp;&nbsp;&nbsp;TransactionVoid
<LI><a href="#[38f]">&gt;&gt;</a>&nbsp;&nbsp;&nbsp;SendMultiLog
<LI><a href="#[2e3]">&gt;&gt;</a>&nbsp;&nbsp;&nbsp;InitApplication
<LI><a href="#[16f]">&gt;&gt;</a>&nbsp;&nbsp;&nbsp;CheckRandomPlu
<LI><a href="#[16a]">&gt;&gt;</a>&nbsp;&nbsp;&nbsp;CheckPluFile
<LI><a href="#[109]">&gt;&gt;</a>&nbsp;&nbsp;&nbsp;CheckError
<LI><a href="#[1d4]">&gt;&gt;</a>&nbsp;&nbsp;&nbsp;ProcessRecord
<LI><a href="#[1cf]">&gt;&gt;</a>&nbsp;&nbsp;&nbsp;Computer
<LI><a href="#[303]">&gt;&gt;</a>&nbsp;&nbsp;&nbsp;WritePort
<LI><a href="#[2e9]">&gt;&gt;</a>&nbsp;&nbsp;&nbsp;InitTender
<LI><a href="#[2f2]">&gt;&gt;</a>&nbsp;&nbsp;&nbsp;InitTax
<LI><a href="#[2f8]">&gt;&gt;</a>&nbsp;&nbsp;&nbsp;InitPort
<LI><a href="#[2ea]">&gt;&gt;</a>&nbsp;&nbsp;&nbsp;InitPoRa
<LI><a href="#[2ec]">&gt;&gt;</a>&nbsp;&nbsp;&nbsp;InitPlu
<LI><a href="#[2f3]">&gt;&gt;</a>&nbsp;&nbsp;&nbsp;InitPbF
<LI><a href="#[2f7]">&gt;&gt;</a>&nbsp;&nbsp;&nbsp;InitOFFPrice
<LI><a href="#[2f6]">&gt;&gt;</a>&nbsp;&nbsp;&nbsp;InitModifier
<LI><a href="#[2ee]">&gt;&gt;</a>&nbsp;&nbsp;&nbsp;InitGroup
<LI><a href="#[2eb]">&gt;&gt;</a>&nbsp;&nbsp;&nbsp;InitDrawer
<LI><a href="#[2f1]">&gt;&gt;</a>&nbsp;&nbsp;&nbsp;InitDisc
<LI><a href="#[2ed]">&gt;&gt;</a>&nbsp;&nbsp;&nbsp;InitDept
<LI><a href="#[2f0]">&gt;&gt;</a>&nbsp;&nbsp;&nbsp;InitCurr
<LI><a href="#[2ef]">&gt;&gt;</a>&nbsp;&nbsp;&nbsp;InitCorrec
<LI><a href="#[2f4]">&gt;&gt;</a>&nbsp;&nbsp;&nbsp;InitClerk
<LI><a href="#[2aa]">&gt;&gt;</a>&nbsp;&nbsp;&nbsp;GetBCDValue
<LI><a href="#[248]">&gt;&gt;</a>&nbsp;&nbsp;&nbsp;ReadECRVIPVar
<LI><a href="#[343]">&gt;&gt;</a>&nbsp;&nbsp;&nbsp;PointsByECRVIP
<LI><a href="#[20d]">&gt;&gt;</a>&nbsp;&nbsp;&nbsp;DisplayECRVIP
<LI><a href="#[1f1]">&gt;&gt;</a>&nbsp;&nbsp;&nbsp;DeCodeProto
<LI><a href="#[2dd]">&gt;&gt;</a>&nbsp;&nbsp;&nbsp;PrintConfInf
<LI><a href="#[26e]">&gt;&gt;</a>&nbsp;&nbsp;&nbsp;FormPrtConfInf
<LI><a href="#[281]">&gt;&gt;</a>&nbsp;&nbsp;&nbsp;GPRS_ProcessRecord
<LI><a href="#[289]">&gt;&gt;</a>&nbsp;&nbsp;&nbsp;GPRSSendECR_LOG
<LI><a href="#[27b]">&gt;&gt;</a>&nbsp;&nbsp;&nbsp;GPRSDownloadEcrPLUData
<LI><a href="#[374]">&gt;&gt;</a>&nbsp;&nbsp;&nbsp;PrintTotal
<LI><a href="#[25a]">&gt;&gt;</a>&nbsp;&nbsp;&nbsp;GetInputByListItems
<LI><a href="#[25b]">&gt;&gt;</a>&nbsp;&nbsp;&nbsp;LoadReceipLog
<LI><a href="#[7f]">&gt;&gt;</a>&nbsp;&nbsp;&nbsp;DispTAX
<LI><a href="#[77]">&gt;&gt;</a>&nbsp;&nbsp;&nbsp;DispRefreshIC
<LI><a href="#[7d]">&gt;&gt;</a>&nbsp;&nbsp;&nbsp;DispPbTransTo
<LI><a href="#[7c]">&gt;&gt;</a>&nbsp;&nbsp;&nbsp;DispPbOpen
<LI><a href="#[6b]">&gt;&gt;</a>&nbsp;&nbsp;&nbsp;DispOperator
<LI><a href="#[6a]">&gt;&gt;</a>&nbsp;&nbsp;&nbsp;DispNonAdd
<LI><a href="#[26c]">&gt;&gt;</a>&nbsp;&nbsp;&nbsp;LookPlu
<LI><a href="#[194]">&gt;&gt;</a>&nbsp;&nbsp;&nbsp;ReadPort
<LI><a href="#[182]">&gt;&gt;</a>&nbsp;&nbsp;&nbsp;ProgramDump
<LI><a href="#[239]">&gt;&gt;</a>&nbsp;&nbsp;&nbsp;ProgPLUFields
<LI><a href="#[227]">&gt;&gt;</a>&nbsp;&nbsp;&nbsp;ProgDate
<LI><a href="#[23a]">&gt;&gt;</a>&nbsp;&nbsp;&nbsp;ProgDEPTFields
<LI><a href="#[234]">&gt;&gt;</a>&nbsp;&nbsp;&nbsp;PrintECRVIP
<LI><a href="#[177]">&gt;&gt;</a>&nbsp;&nbsp;&nbsp;PrintDept_PLU
<LI><a href="#[172]">&gt;&gt;</a>&nbsp;&nbsp;&nbsp;MenuMain
<LI><a href="#[224]">&gt;&gt;</a>&nbsp;&nbsp;&nbsp;GetOpt
<LI><a href="#[58]">&gt;&gt;</a>&nbsp;&nbsp;&nbsp;DisplaySetup
<LI><a href="#[169]">&gt;&gt;</a>&nbsp;&nbsp;&nbsp;DisplayOption
<LI><a href="#[190]">&gt;&gt;</a>&nbsp;&nbsp;&nbsp;CheckMode
<LI><a href="#[10c]">&gt;&gt;</a>&nbsp;&nbsp;&nbsp;CheckFirmKey
<LI><a href="#[176]">&gt;&gt;</a>&nbsp;&nbsp;&nbsp;SetPassword
<LI><a href="#[20f]">&gt;&gt;</a>&nbsp;&nbsp;&nbsp;SetKeyboard
<LI><a href="#[a2]">&gt;&gt;</a>&nbsp;&nbsp;&nbsp;ReadFlagsList
<LI><a href="#[2c3]">&gt;&gt;</a>&nbsp;&nbsp;&nbsp;PrintStr_Center
<LI><a href="#[23f]">&gt;&gt;</a>&nbsp;&nbsp;&nbsp;Display_RGBuf
<LI><a href="#[10f]">&gt;&gt;</a>&nbsp;&nbsp;&nbsp;AppendEntry
<LI><a href="#[36d]">&gt;&gt;</a>&nbsp;&nbsp;&nbsp;PrintSlipPage
<LI><a href="#[349]">&gt;&gt;</a>&nbsp;&nbsp;&nbsp;PrintRegiInfo
<LI><a href="#[348]">&gt;&gt;</a>&nbsp;&nbsp;&nbsp;PrintAllons
<LI><a href="#[38c]">&gt;&gt;</a>&nbsp;&nbsp;&nbsp;ProcessOnePlu
<LI><a href="#[33c]">&gt;&gt;</a>&nbsp;&nbsp;&nbsp;UpdatePbRecord
<LI><a href="#[364]">&gt;&gt;</a>&nbsp;&nbsp;&nbsp;PrintPbItem
<LI><a href="#[340]">&gt;&gt;</a>&nbsp;&nbsp;&nbsp;ProcessPbBuffer
<LI><a href="#[2bd]">&gt;&gt;</a>&nbsp;&nbsp;&nbsp;GetPbNumber
<LI><a href="#[1f5]">&gt;&gt;</a>&nbsp;&nbsp;&nbsp;DeleteTrailer
<LI><a href="#[1f4]">&gt;&gt;</a>&nbsp;&nbsp;&nbsp;DeleteSlipHead
<LI><a href="#[1f3]">&gt;&gt;</a>&nbsp;&nbsp;&nbsp;DeleteHeader
<LI><a href="#[316]">&gt;&gt;</a>&nbsp;&nbsp;&nbsp;VirtualInputStr
<LI><a href="#[306]">&gt;&gt;</a>&nbsp;&nbsp;&nbsp;IssueKp
<LI><a href="#[372]">&gt;&gt;</a>&nbsp;&nbsp;&nbsp;PrintTender
<LI><a href="#[373]">&gt;&gt;</a>&nbsp;&nbsp;&nbsp;PrintTax
<LI><a href="#[2cb]">&gt;&gt;</a>&nbsp;&nbsp;&nbsp;PrintReportType
<LI><a href="#[34f]">&gt;&gt;</a>&nbsp;&nbsp;&nbsp;PrintReport
<LI><a href="#[369]">&gt;&gt;</a>&nbsp;&nbsp;&nbsp;PrintPoRa
<LI><a href="#[367]">&gt;&gt;</a>&nbsp;&nbsp;&nbsp;PrintPlu
<LI><a href="#[362]">&gt;&gt;</a>&nbsp;&nbsp;&nbsp;PrintPbF
<LI><a href="#[361]">&gt;&gt;</a>&nbsp;&nbsp;&nbsp;PrintPb
<LI><a href="#[35e]">&gt;&gt;</a>&nbsp;&nbsp;&nbsp;PrintOpenPb
<LI><a href="#[35a]">&gt;&gt;</a>&nbsp;&nbsp;&nbsp;PrintGroup
<LI><a href="#[358]">&gt;&gt;</a>&nbsp;&nbsp;&nbsp;PrintDrawer
<LI><a href="#[355]">&gt;&gt;</a>&nbsp;&nbsp;&nbsp;PrintDisc
<LI><a href="#[352]">&gt;&gt;</a>&nbsp;&nbsp;&nbsp;PrintDept
<LI><a href="#[351]">&gt;&gt;</a>&nbsp;&nbsp;&nbsp;PrintCurrency
<LI><a href="#[2c6]">&gt;&gt;</a>&nbsp;&nbsp;&nbsp;ReportEnd
<LI><a href="#[2ca]">&gt;&gt;</a>&nbsp;&nbsp;&nbsp;PrintReportHeader
<LI><a href="#[2c7]">&gt;&gt;</a>&nbsp;&nbsp;&nbsp;PrintPointType
<LI><a href="#[392]">&gt;&gt;</a>&nbsp;&nbsp;&nbsp;SelectGraphic
<LI><a href="#[2c9]">&gt;&gt;</a>&nbsp;&nbsp;&nbsp;GetString
<LI><a href="#[2b4]">&gt;&gt;</a>&nbsp;&nbsp;&nbsp;GetIP
<LI><a href="#[2b2]">&gt;&gt;</a>&nbsp;&nbsp;&nbsp;GetHEXValue
<LI><a href="#[255]">&gt;&gt;</a>&nbsp;&nbsp;&nbsp;Exchange2Port
</UL>

<P><STRONG><a name="[400]"></a>__aeabi_memcpy4</STRONG> (Thumb, 0 bytes, Stack size 0 bytes, memcpya.o(.text))
<BR><BR>[Called By]<UL><LI><a href="#[171]">&gt;&gt;</a>&nbsp;&nbsp;&nbsp;WaitForYesNo
</UL>

<P><STRONG><a name="[432]"></a>__aeabi_memcpy8</STRONG> (Thumb, 0 bytes, Stack size 0 bytes, memcpya.o(.text), UNUSED)

<P><STRONG><a name="[c0]"></a>__aeabi_memset</STRONG> (Thumb, 14 bytes, Stack size 0 bytes, memseta.o(.text))
<BR><BR>[Called By]<UL><LI><a href="#[105]">&gt;&gt;</a>&nbsp;&nbsp;&nbsp;mClearScreen
<LI><a href="#[10b]">&gt;&gt;</a>&nbsp;&nbsp;&nbsp;LineEditor
<LI><a href="#[249]">&gt;&gt;</a>&nbsp;&nbsp;&nbsp;GetStringCHN
<LI><a href="#[180]">&gt;&gt;</a>&nbsp;&nbsp;&nbsp;ScrollScreen
<LI><a href="#[20b]">&gt;&gt;</a>&nbsp;&nbsp;&nbsp;DispStr_Right
<LI><a href="#[110]">&gt;&gt;</a>&nbsp;&nbsp;&nbsp;ClsState12
<LI><a href="#[168]">&gt;&gt;</a>&nbsp;&nbsp;&nbsp;ClsArea
<LI><a href="#[170]">&gt;&gt;</a>&nbsp;&nbsp;&nbsp;ClearLine
<LI><a href="#[34a]">&gt;&gt;</a>&nbsp;&nbsp;&nbsp;PrintQtyAmt
<LI><a href="#[30c]">&gt;&gt;</a>&nbsp;&nbsp;&nbsp;PrintPbKp
<LI><a href="#[34b]">&gt;&gt;</a>&nbsp;&nbsp;&nbsp;PrintArticle
<LI><a href="#[30d]">&gt;&gt;</a>&nbsp;&nbsp;&nbsp;KpHeader
<LI><a href="#[14c]">&gt;&gt;</a>&nbsp;&nbsp;&nbsp;CalculateTax
<LI><a href="#[268]">&gt;&gt;</a>&nbsp;&nbsp;&nbsp;ProcessBuffer
<LI><a href="#[383]">&gt;&gt;</a>&nbsp;&nbsp;&nbsp;ProBuf
<LI><a href="#[19f]">&gt;&gt;</a>&nbsp;&nbsp;&nbsp;CheckModifier
<LI><a href="#[120]">&gt;&gt;</a>&nbsp;&nbsp;&nbsp;ClsState2
<LI><a href="#[121]">&gt;&gt;</a>&nbsp;&nbsp;&nbsp;ClsState1
<LI><a href="#[104]">&gt;&gt;</a>&nbsp;&nbsp;&nbsp;ClearEntry
<LI><a href="#[1b0]">&gt;&gt;</a>&nbsp;&nbsp;&nbsp;PutsO
<LI><a href="#[386]">&gt;&gt;</a>&nbsp;&nbsp;&nbsp;Tender
<LI><a href="#[1f6]">&gt;&gt;</a>&nbsp;&nbsp;&nbsp;RegiStart
<LI><a href="#[1a9]">&gt;&gt;</a>&nbsp;&nbsp;&nbsp;FormatQtyStr
<LI><a href="#[205]">&gt;&gt;</a>&nbsp;&nbsp;&nbsp;DispQtyStr
<LI><a href="#[35d]">&gt;&gt;</a>&nbsp;&nbsp;&nbsp;PrintModifiers
<LI><a href="#[1d8]">&gt;&gt;</a>&nbsp;&nbsp;&nbsp;ProcessDept
<LI><a href="#[1f8]">&gt;&gt;</a>&nbsp;&nbsp;&nbsp;PrintLine
<LI><a href="#[1fa]">&gt;&gt;</a>&nbsp;&nbsp;&nbsp;FormatAmtStr
<LI><a href="#[1e8]">&gt;&gt;</a>&nbsp;&nbsp;&nbsp;DispAmtStr
<LI><a href="#[1d9]">&gt;&gt;</a>&nbsp;&nbsp;&nbsp;Discount
<LI><a href="#[38f]">&gt;&gt;</a>&nbsp;&nbsp;&nbsp;SendMultiLog
<LI><a href="#[2e3]">&gt;&gt;</a>&nbsp;&nbsp;&nbsp;InitApplication
<LI><a href="#[2c1]">&gt;&gt;</a>&nbsp;&nbsp;&nbsp;GetReport
<LI><a href="#[16a]">&gt;&gt;</a>&nbsp;&nbsp;&nbsp;CheckPluFile
<LI><a href="#[153]">&gt;&gt;</a>&nbsp;&nbsp;&nbsp;ChangeGRBToMyself
<LI><a href="#[1d4]">&gt;&gt;</a>&nbsp;&nbsp;&nbsp;ProcessRecord
<LI><a href="#[240]">&gt;&gt;</a>&nbsp;&nbsp;&nbsp;DowmLoadGRB
<LI><a href="#[199]">&gt;&gt;</a>&nbsp;&nbsp;&nbsp;CheckPWD
<LI><a href="#[2f3]">&gt;&gt;</a>&nbsp;&nbsp;&nbsp;InitPbF
<LI><a href="#[20d]">&gt;&gt;</a>&nbsp;&nbsp;&nbsp;DisplayECRVIP
<LI><a href="#[2d5]">&gt;&gt;</a>&nbsp;&nbsp;&nbsp;TestRomRam
<LI><a href="#[2d9]">&gt;&gt;</a>&nbsp;&nbsp;&nbsp;TestKeyboard
<LI><a href="#[2d4]">&gt;&gt;</a>&nbsp;&nbsp;&nbsp;TestDisplay
<LI><a href="#[2d6]">&gt;&gt;</a>&nbsp;&nbsp;&nbsp;TestDateTime
<LI><a href="#[2de]">&gt;&gt;</a>&nbsp;&nbsp;&nbsp;TestCustomer
<LI><a href="#[2dd]">&gt;&gt;</a>&nbsp;&nbsp;&nbsp;PrintConfInf
<LI><a href="#[26e]">&gt;&gt;</a>&nbsp;&nbsp;&nbsp;FormPrtConfInf
<LI><a href="#[89]">&gt;&gt;</a>&nbsp;&nbsp;&nbsp;TestSendMess
<LI><a href="#[289]">&gt;&gt;</a>&nbsp;&nbsp;&nbsp;GPRSSendECR_LOG
<LI><a href="#[27b]">&gt;&gt;</a>&nbsp;&nbsp;&nbsp;GPRSDownloadEcrPLUData
<LI><a href="#[394]">&gt;&gt;</a>&nbsp;&nbsp;&nbsp;PromotionBeep
<LI><a href="#[374]">&gt;&gt;</a>&nbsp;&nbsp;&nbsp;PrintTotal
<LI><a href="#[271]">&gt;&gt;</a>&nbsp;&nbsp;&nbsp;FormatStrQtyPriAmt
<LI><a href="#[201]">&gt;&gt;</a>&nbsp;&nbsp;&nbsp;PrintFlowQtyAmt
<LI><a href="#[7f]">&gt;&gt;</a>&nbsp;&nbsp;&nbsp;DispTAX
<LI><a href="#[6f]">&gt;&gt;</a>&nbsp;&nbsp;&nbsp;DispSubTotalDisc
<LI><a href="#[71]">&gt;&gt;</a>&nbsp;&nbsp;&nbsp;DispSubTotalDirDisc
<LI><a href="#[77]">&gt;&gt;</a>&nbsp;&nbsp;&nbsp;DispRefreshIC
<LI><a href="#[6e]">&gt;&gt;</a>&nbsp;&nbsp;&nbsp;DispPercentDisc
<LI><a href="#[7c]">&gt;&gt;</a>&nbsp;&nbsp;&nbsp;DispPbOpen
<LI><a href="#[6b]">&gt;&gt;</a>&nbsp;&nbsp;&nbsp;DispOperator
<LI><a href="#[6a]">&gt;&gt;</a>&nbsp;&nbsp;&nbsp;DispNonAdd
<LI><a href="#[72]">&gt;&gt;</a>&nbsp;&nbsp;&nbsp;DispNew
<LI><a href="#[70]">&gt;&gt;</a>&nbsp;&nbsp;&nbsp;DispDirectDisc
<LI><a href="#[200]">&gt;&gt;</a>&nbsp;&nbsp;&nbsp;DispDateRecNo
<LI><a href="#[182]">&gt;&gt;</a>&nbsp;&nbsp;&nbsp;ProgramDump
<LI><a href="#[228]">&gt;&gt;</a>&nbsp;&nbsp;&nbsp;ProgTime
<LI><a href="#[238]">&gt;&gt;</a>&nbsp;&nbsp;&nbsp;ProgIP
<LI><a href="#[227]">&gt;&gt;</a>&nbsp;&nbsp;&nbsp;ProgDate
<LI><a href="#[179]">&gt;&gt;</a>&nbsp;&nbsp;&nbsp;PrintXZMenu
<LI><a href="#[17a]">&gt;&gt;</a>&nbsp;&nbsp;&nbsp;PrintMGMenu
<LI><a href="#[34c]">&gt;&gt;</a>&nbsp;&nbsp;&nbsp;PrintLine2
<LI><a href="#[234]">&gt;&gt;</a>&nbsp;&nbsp;&nbsp;PrintECRVIP
<LI><a href="#[177]">&gt;&gt;</a>&nbsp;&nbsp;&nbsp;PrintDept_PLU
<LI><a href="#[172]">&gt;&gt;</a>&nbsp;&nbsp;&nbsp;MenuMain
<LI><a href="#[17e]">&gt;&gt;</a>&nbsp;&nbsp;&nbsp;HardTest
<LI><a href="#[224]">&gt;&gt;</a>&nbsp;&nbsp;&nbsp;GetOpt
<LI><a href="#[178]">&gt;&gt;</a>&nbsp;&nbsp;&nbsp;PrintSetupMenu
<LI><a href="#[2b6]">&gt;&gt;</a>&nbsp;&nbsp;&nbsp;GetInputForMenu
<LI><a href="#[58]">&gt;&gt;</a>&nbsp;&nbsp;&nbsp;DisplaySetup
<LI><a href="#[169]">&gt;&gt;</a>&nbsp;&nbsp;&nbsp;DisplayOption
<LI><a href="#[190]">&gt;&gt;</a>&nbsp;&nbsp;&nbsp;CheckMode
<LI><a href="#[193]">&gt;&gt;</a>&nbsp;&nbsp;&nbsp;CheckTime
<LI><a href="#[176]">&gt;&gt;</a>&nbsp;&nbsp;&nbsp;SetPassword
<LI><a href="#[20f]">&gt;&gt;</a>&nbsp;&nbsp;&nbsp;SetKeyboard
<LI><a href="#[a2]">&gt;&gt;</a>&nbsp;&nbsp;&nbsp;ReadFlagsList
<LI><a href="#[2c3]">&gt;&gt;</a>&nbsp;&nbsp;&nbsp;PrintStr_Center
<LI><a href="#[235]">&gt;&gt;</a>&nbsp;&nbsp;&nbsp;PrintKeyboard
<LI><a href="#[17c]">&gt;&gt;</a>&nbsp;&nbsp;&nbsp;PrintGraphics
<LI><a href="#[258]">&gt;&gt;</a>&nbsp;&nbsp;&nbsp;GetStrFrKBD
<LI><a href="#[23f]">&gt;&gt;</a>&nbsp;&nbsp;&nbsp;Display_RGBuf
<LI><a href="#[15b]">&gt;&gt;</a>&nbsp;&nbsp;&nbsp;DisplayDecXY
<LI><a href="#[10f]">&gt;&gt;</a>&nbsp;&nbsp;&nbsp;AppendEntry
<LI><a href="#[2bf]">&gt;&gt;</a>&nbsp;&nbsp;&nbsp;GetPortRate
<LI><a href="#[2b0]">&gt;&gt;</a>&nbsp;&nbsp;&nbsp;GetDevicePort
<LI><a href="#[36d]">&gt;&gt;</a>&nbsp;&nbsp;&nbsp;PrintSlipPage
<LI><a href="#[349]">&gt;&gt;</a>&nbsp;&nbsp;&nbsp;PrintRegiInfo
<LI><a href="#[348]">&gt;&gt;</a>&nbsp;&nbsp;&nbsp;PrintAllons
<LI><a href="#[38c]">&gt;&gt;</a>&nbsp;&nbsp;&nbsp;ProcessOnePlu
<LI><a href="#[364]">&gt;&gt;</a>&nbsp;&nbsp;&nbsp;PrintPbItem
<LI><a href="#[2c5]">&gt;&gt;</a>&nbsp;&nbsp;&nbsp;StorePbInvoice
<LI><a href="#[2b9]">&gt;&gt;</a>&nbsp;&nbsp;&nbsp;GetModifier
<LI><a href="#[306]">&gt;&gt;</a>&nbsp;&nbsp;&nbsp;IssueKp
<LI><a href="#[2cb]">&gt;&gt;</a>&nbsp;&nbsp;&nbsp;PrintReportType
<LI><a href="#[34f]">&gt;&gt;</a>&nbsp;&nbsp;&nbsp;PrintReport
<LI><a href="#[360]">&gt;&gt;</a>&nbsp;&nbsp;&nbsp;PrintRange
<LI><a href="#[367]">&gt;&gt;</a>&nbsp;&nbsp;&nbsp;PrintPlu
<LI><a href="#[352]">&gt;&gt;</a>&nbsp;&nbsp;&nbsp;PrintDept
<LI><a href="#[2c6]">&gt;&gt;</a>&nbsp;&nbsp;&nbsp;ReportEnd
<LI><a href="#[2c7]">&gt;&gt;</a>&nbsp;&nbsp;&nbsp;PrintPointType
<LI><a href="#[2c9]">&gt;&gt;</a>&nbsp;&nbsp;&nbsp;GetString
<LI><a href="#[2b4]">&gt;&gt;</a>&nbsp;&nbsp;&nbsp;GetIP
<LI><a href="#[2b2]">&gt;&gt;</a>&nbsp;&nbsp;&nbsp;GetHEXValue
<LI><a href="#[c1]">&gt;&gt;</a>&nbsp;&nbsp;&nbsp;_memset$wrapper
<LI><a href="#[bf]">&gt;&gt;</a>&nbsp;&nbsp;&nbsp;__aeabi_memclr
</UL>

<P><STRONG><a name="[433]"></a>__aeabi_memset4</STRONG> (Thumb, 0 bytes, Stack size 0 bytes, memseta.o(.text), UNUSED)

<P><STRONG><a name="[434]"></a>__aeabi_memset8</STRONG> (Thumb, 0 bytes, Stack size 0 bytes, memseta.o(.text), UNUSED)

<P><STRONG><a name="[bf]"></a>__aeabi_memclr</STRONG> (Thumb, 4 bytes, Stack size 0 bytes, memseta.o(.text))
<BR><BR>[Calls]<UL><LI><a href="#[c0]">&gt;&gt;</a>&nbsp;&nbsp;&nbsp;__aeabi_memset
</UL>
<BR>[Called By]<UL><LI><a href="#[105]">&gt;&gt;</a>&nbsp;&nbsp;&nbsp;mClearScreen
<LI><a href="#[12b]">&gt;&gt;</a>&nbsp;&nbsp;&nbsp;RSPrint
<LI><a href="#[102]">&gt;&gt;</a>&nbsp;&nbsp;&nbsp;Subtract
<LI><a href="#[19b]">&gt;&gt;</a>&nbsp;&nbsp;&nbsp;PbTotal
<LI><a href="#[148]">&gt;&gt;</a>&nbsp;&nbsp;&nbsp;Multiply
<LI><a href="#[18d]">&gt;&gt;</a>&nbsp;&nbsp;&nbsp;CompareBCD
<LI><a href="#[14c]">&gt;&gt;</a>&nbsp;&nbsp;&nbsp;CalculateTax
<LI><a href="#[db]">&gt;&gt;</a>&nbsp;&nbsp;&nbsp;Add
<LI><a href="#[100]">&gt;&gt;</a>&nbsp;&nbsp;&nbsp;ReadTotal
<LI><a href="#[123]">&gt;&gt;</a>&nbsp;&nbsp;&nbsp;BcdDiv10
<LI><a href="#[149]">&gt;&gt;</a>&nbsp;&nbsp;&nbsp;Divide
<LI><a href="#[1dc]">&gt;&gt;</a>&nbsp;&nbsp;&nbsp;TransactionVoid
<LI><a href="#[298]">&gt;&gt;</a>&nbsp;&nbsp;&nbsp;Init_Flow
<LI><a href="#[2e3]">&gt;&gt;</a>&nbsp;&nbsp;&nbsp;InitApplication
<LI><a href="#[1b7]">&gt;&gt;</a>&nbsp;&nbsp;&nbsp;GetSystemReport
<LI><a href="#[2c1]">&gt;&gt;</a>&nbsp;&nbsp;&nbsp;GetReport
<LI><a href="#[174]">&gt;&gt;</a>&nbsp;&nbsp;&nbsp;ClearAllReport
<LI><a href="#[16f]">&gt;&gt;</a>&nbsp;&nbsp;&nbsp;CheckRandomPlu
<LI><a href="#[16a]">&gt;&gt;</a>&nbsp;&nbsp;&nbsp;CheckPluFile
<LI><a href="#[1d4]">&gt;&gt;</a>&nbsp;&nbsp;&nbsp;ProcessRecord
<LI><a href="#[14f]">&gt;&gt;</a>&nbsp;&nbsp;&nbsp;Collect_Data
<LI><a href="#[2ff]">&gt;&gt;</a>&nbsp;&nbsp;&nbsp;Recall_ApplRam
<LI><a href="#[2e8]">&gt;&gt;</a>&nbsp;&nbsp;&nbsp;Initial_DateTime
<LI><a href="#[2ec]">&gt;&gt;</a>&nbsp;&nbsp;&nbsp;InitPlu
<LI><a href="#[2fb]">&gt;&gt;</a>&nbsp;&nbsp;&nbsp;InitKeyMacro
<LI><a href="#[2ed]">&gt;&gt;</a>&nbsp;&nbsp;&nbsp;InitDept
<LI><a href="#[1b9]">&gt;&gt;</a>&nbsp;&nbsp;&nbsp;ClearApplMemory
<LI><a href="#[343]">&gt;&gt;</a>&nbsp;&nbsp;&nbsp;PointsByECRVIP
<LI><a href="#[2dc]">&gt;&gt;</a>&nbsp;&nbsp;&nbsp;PrintVersion
<LI><a href="#[89]">&gt;&gt;</a>&nbsp;&nbsp;&nbsp;TestSendMess
<LI><a href="#[279]">&gt;&gt;</a>&nbsp;&nbsp;&nbsp;GPRSConnect_TCPIP
<LI><a href="#[33e]">&gt;&gt;</a>&nbsp;&nbsp;&nbsp;RegiInit
<LI><a href="#[2fe]">&gt;&gt;</a>&nbsp;&nbsp;&nbsp;RecallFlowHead
<LI><a href="#[265]">&gt;&gt;</a>&nbsp;&nbsp;&nbsp;Fixed
<LI><a href="#[177]">&gt;&gt;</a>&nbsp;&nbsp;&nbsp;PrintDept_PLU
<LI><a href="#[17d]">&gt;&gt;</a>&nbsp;&nbsp;&nbsp;ExploreLog
<LI><a href="#[125]">&gt;&gt;</a>&nbsp;&nbsp;&nbsp;BcdMul10
<LI><a href="#[1a8]">&gt;&gt;</a>&nbsp;&nbsp;&nbsp;WritePlu_At
<LI><a href="#[33b]">&gt;&gt;</a>&nbsp;&nbsp;&nbsp;PbBuffer
<LI><a href="#[340]">&gt;&gt;</a>&nbsp;&nbsp;&nbsp;ProcessPbBuffer
<LI><a href="#[1f5]">&gt;&gt;</a>&nbsp;&nbsp;&nbsp;DeleteTrailer
<LI><a href="#[1f4]">&gt;&gt;</a>&nbsp;&nbsp;&nbsp;DeleteSlipHead
<LI><a href="#[1f3]">&gt;&gt;</a>&nbsp;&nbsp;&nbsp;DeleteHeader
<LI><a href="#[376]">&gt;&gt;</a>&nbsp;&nbsp;&nbsp;Print_Initial
<LI><a href="#[33d]">&gt;&gt;</a>&nbsp;&nbsp;&nbsp;PbFunction
<LI><a href="#[1df]">&gt;&gt;</a>&nbsp;&nbsp;&nbsp;Create384Dots
<LI><a href="#[1dd]">&gt;&gt;</a>&nbsp;&nbsp;&nbsp;CreatGraphicWithText
<LI><a href="#[34f]">&gt;&gt;</a>&nbsp;&nbsp;&nbsp;PrintReport
<LI><a href="#[35e]">&gt;&gt;</a>&nbsp;&nbsp;&nbsp;PrintOpenPb
<LI><a href="#[2c9]">&gt;&gt;</a>&nbsp;&nbsp;&nbsp;GetString
</UL>

<P><STRONG><a name="[163]"></a>__aeabi_memclr4</STRONG> (Thumb, 0 bytes, Stack size 0 bytes, memseta.o(.text))
<BR><BR>[Called By]<UL><LI><a href="#[1bf]">&gt;&gt;</a>&nbsp;&nbsp;&nbsp;ClsXRam
<LI><a href="#[148]">&gt;&gt;</a>&nbsp;&nbsp;&nbsp;Multiply
<LI><a href="#[149]">&gt;&gt;</a>&nbsp;&nbsp;&nbsp;Divide
<LI><a href="#[109]">&gt;&gt;</a>&nbsp;&nbsp;&nbsp;CheckError
</UL>

<P><STRONG><a name="[435]"></a>__aeabi_memclr8</STRONG> (Thumb, 0 bytes, Stack size 0 bytes, memseta.o(.text), UNUSED)

<P><STRONG><a name="[c1]"></a>_memset$wrapper</STRONG> (Thumb, 18 bytes, Stack size 8 bytes, memseta.o(.text), UNUSED)
<BR><BR>[Calls]<UL><LI><a href="#[c0]">&gt;&gt;</a>&nbsp;&nbsp;&nbsp;__aeabi_memset
</UL>

<P><STRONG><a name="[1f9]"></a>strncpy</STRONG> (Thumb, 24 bytes, Stack size 8 bytes, strncpy.o(.text))
<BR><BR>[Stack]<UL><LI>Max Depth = 8<LI>Call Chain = strncpy
</UL>
<BR>[Called By]<UL><LI><a href="#[33f]">&gt;&gt;</a>&nbsp;&nbsp;&nbsp;PrintPbHeader
<LI><a href="#[383]">&gt;&gt;</a>&nbsp;&nbsp;&nbsp;ProBuf
<LI><a href="#[1d9]">&gt;&gt;</a>&nbsp;&nbsp;&nbsp;Discount
<LI><a href="#[1a6]">&gt;&gt;</a>&nbsp;&nbsp;&nbsp;Start_When_Ready
<LI><a href="#[2aa]">&gt;&gt;</a>&nbsp;&nbsp;&nbsp;GetBCDValue
<LI><a href="#[6f]">&gt;&gt;</a>&nbsp;&nbsp;&nbsp;DispSubTotalDisc
<LI><a href="#[71]">&gt;&gt;</a>&nbsp;&nbsp;&nbsp;DispSubTotalDirDisc
<LI><a href="#[70]">&gt;&gt;</a>&nbsp;&nbsp;&nbsp;DispDirectDisc
<LI><a href="#[265]">&gt;&gt;</a>&nbsp;&nbsp;&nbsp;Fixed
<LI><a href="#[179]">&gt;&gt;</a>&nbsp;&nbsp;&nbsp;PrintXZMenu
<LI><a href="#[17a]">&gt;&gt;</a>&nbsp;&nbsp;&nbsp;PrintMGMenu
<LI><a href="#[234]">&gt;&gt;</a>&nbsp;&nbsp;&nbsp;PrintECRVIP
<LI><a href="#[224]">&gt;&gt;</a>&nbsp;&nbsp;&nbsp;GetOpt
<LI><a href="#[178]">&gt;&gt;</a>&nbsp;&nbsp;&nbsp;PrintSetupMenu
<LI><a href="#[175]">&gt;&gt;</a>&nbsp;&nbsp;&nbsp;ListItems
<LI><a href="#[176]">&gt;&gt;</a>&nbsp;&nbsp;&nbsp;SetPassword
</UL>

<P><STRONG><a name="[1d3]"></a>strchr</STRONG> (Thumb, 20 bytes, Stack size 0 bytes, strchr.o(.text))
<BR><BR>[Called By]<UL><LI><a href="#[1cf]">&gt;&gt;</a>&nbsp;&nbsp;&nbsp;Computer
</UL>

<P><STRONG><a name="[12c]"></a>strlen</STRONG> (Thumb, 14 bytes, Stack size 0 bytes, strlen.o(.text))
<BR><BR>[Called By]<UL><LI><a href="#[12a]">&gt;&gt;</a>&nbsp;&nbsp;&nbsp;Bios
<LI><a href="#[3da]">&gt;&gt;</a>&nbsp;&nbsp;&nbsp;SuspendScreen
<LI><a href="#[20b]">&gt;&gt;</a>&nbsp;&nbsp;&nbsp;DispStr_Right
<LI><a href="#[34a]">&gt;&gt;</a>&nbsp;&nbsp;&nbsp;PrintQtyAmt
<LI><a href="#[30d]">&gt;&gt;</a>&nbsp;&nbsp;&nbsp;KpHeader
<LI><a href="#[14c]">&gt;&gt;</a>&nbsp;&nbsp;&nbsp;CalculateTax
<LI><a href="#[268]">&gt;&gt;</a>&nbsp;&nbsp;&nbsp;ProcessBuffer
<LI><a href="#[383]">&gt;&gt;</a>&nbsp;&nbsp;&nbsp;ProBuf
<LI><a href="#[1b0]">&gt;&gt;</a>&nbsp;&nbsp;&nbsp;PutsO
<LI><a href="#[386]">&gt;&gt;</a>&nbsp;&nbsp;&nbsp;Tender
<LI><a href="#[1f6]">&gt;&gt;</a>&nbsp;&nbsp;&nbsp;RegiStart
<LI><a href="#[1a9]">&gt;&gt;</a>&nbsp;&nbsp;&nbsp;FormatQtyStr
<LI><a href="#[1fc]">&gt;&gt;</a>&nbsp;&nbsp;&nbsp;DispSubTotal
<LI><a href="#[205]">&gt;&gt;</a>&nbsp;&nbsp;&nbsp;DispQtyStr
<LI><a href="#[171]">&gt;&gt;</a>&nbsp;&nbsp;&nbsp;WaitForYesNo
<LI><a href="#[1fa]">&gt;&gt;</a>&nbsp;&nbsp;&nbsp;FormatAmtStr
<LI><a href="#[1e8]">&gt;&gt;</a>&nbsp;&nbsp;&nbsp;DispAmtStr
<LI><a href="#[1d9]">&gt;&gt;</a>&nbsp;&nbsp;&nbsp;Discount
<LI><a href="#[2c1]">&gt;&gt;</a>&nbsp;&nbsp;&nbsp;GetReport
<LI><a href="#[16f]">&gt;&gt;</a>&nbsp;&nbsp;&nbsp;CheckRandomPlu
<LI><a href="#[16a]">&gt;&gt;</a>&nbsp;&nbsp;&nbsp;CheckPluFile
<LI><a href="#[109]">&gt;&gt;</a>&nbsp;&nbsp;&nbsp;CheckError
<LI><a href="#[3ca]">&gt;&gt;</a>&nbsp;&nbsp;&nbsp;SendString
<LI><a href="#[1d4]">&gt;&gt;</a>&nbsp;&nbsp;&nbsp;ProcessRecord
<LI><a href="#[199]">&gt;&gt;</a>&nbsp;&nbsp;&nbsp;CheckPWD
<LI><a href="#[2ec]">&gt;&gt;</a>&nbsp;&nbsp;&nbsp;InitPlu
<LI><a href="#[2f3]">&gt;&gt;</a>&nbsp;&nbsp;&nbsp;InitPbF
<LI><a href="#[2f6]">&gt;&gt;</a>&nbsp;&nbsp;&nbsp;InitModifier
<LI><a href="#[2ee]">&gt;&gt;</a>&nbsp;&nbsp;&nbsp;InitGroup
<LI><a href="#[2ed]">&gt;&gt;</a>&nbsp;&nbsp;&nbsp;InitDept
<LI><a href="#[2f4]">&gt;&gt;</a>&nbsp;&nbsp;&nbsp;InitClerk
<LI><a href="#[2aa]">&gt;&gt;</a>&nbsp;&nbsp;&nbsp;GetBCDValue
<LI><a href="#[159]">&gt;&gt;</a>&nbsp;&nbsp;&nbsp;CheckBitValue
<LI><a href="#[20d]">&gt;&gt;</a>&nbsp;&nbsp;&nbsp;DisplayECRVIP
<LI><a href="#[1f1]">&gt;&gt;</a>&nbsp;&nbsp;&nbsp;DeCodeProto
<LI><a href="#[2d5]">&gt;&gt;</a>&nbsp;&nbsp;&nbsp;TestRomRam
<LI><a href="#[2dc]">&gt;&gt;</a>&nbsp;&nbsp;&nbsp;PrintVersion
<LI><a href="#[2dd]">&gt;&gt;</a>&nbsp;&nbsp;&nbsp;PrintConfInf
<LI><a href="#[26e]">&gt;&gt;</a>&nbsp;&nbsp;&nbsp;FormPrtConfInf
<LI><a href="#[292]">&gt;&gt;</a>&nbsp;&nbsp;&nbsp;GPRS_DrawSignal
<LI><a href="#[290]">&gt;&gt;</a>&nbsp;&nbsp;&nbsp;GPRSWaitForReady
<LI><a href="#[285]">&gt;&gt;</a>&nbsp;&nbsp;&nbsp;GPRSSend_ATE0
<LI><a href="#[27d]">&gt;&gt;</a>&nbsp;&nbsp;&nbsp;GPRSSendECRData
<LI><a href="#[273]">&gt;&gt;</a>&nbsp;&nbsp;&nbsp;GPRSSendAString
<LI><a href="#[284]">&gt;&gt;</a>&nbsp;&nbsp;&nbsp;GPRSSIM_Exist
<LI><a href="#[283]">&gt;&gt;</a>&nbsp;&nbsp;&nbsp;GPRSReset
<LI><a href="#[282]">&gt;&gt;</a>&nbsp;&nbsp;&nbsp;GPRSRegisterTCPIP
<LI><a href="#[275]">&gt;&gt;</a>&nbsp;&nbsp;&nbsp;GPRSHand
<LI><a href="#[27b]">&gt;&gt;</a>&nbsp;&nbsp;&nbsp;GPRSDownloadEcrPLUData
<LI><a href="#[279]">&gt;&gt;</a>&nbsp;&nbsp;&nbsp;GPRSConnect_TCPIP
<LI><a href="#[277]">&gt;&gt;</a>&nbsp;&nbsp;&nbsp;GPRSConnectAPN
<LI><a href="#[1be]">&gt;&gt;</a>&nbsp;&nbsp;&nbsp;GPRSCloseTCPIP
<LI><a href="#[272]">&gt;&gt;</a>&nbsp;&nbsp;&nbsp;GPRSCheckACK
<LI><a href="#[374]">&gt;&gt;</a>&nbsp;&nbsp;&nbsp;PrintTotal
<LI><a href="#[271]">&gt;&gt;</a>&nbsp;&nbsp;&nbsp;FormatStrQtyPriAmt
<LI><a href="#[201]">&gt;&gt;</a>&nbsp;&nbsp;&nbsp;PrintFlowQtyAmt
<LI><a href="#[7f]">&gt;&gt;</a>&nbsp;&nbsp;&nbsp;DispTAX
<LI><a href="#[6f]">&gt;&gt;</a>&nbsp;&nbsp;&nbsp;DispSubTotalDisc
<LI><a href="#[77]">&gt;&gt;</a>&nbsp;&nbsp;&nbsp;DispRefreshIC
<LI><a href="#[6e]">&gt;&gt;</a>&nbsp;&nbsp;&nbsp;DispPercentDisc
<LI><a href="#[7d]">&gt;&gt;</a>&nbsp;&nbsp;&nbsp;DispPbTransTo
<LI><a href="#[7c]">&gt;&gt;</a>&nbsp;&nbsp;&nbsp;DispPbOpen
<LI><a href="#[6b]">&gt;&gt;</a>&nbsp;&nbsp;&nbsp;DispOperator
<LI><a href="#[6a]">&gt;&gt;</a>&nbsp;&nbsp;&nbsp;DispNonAdd
<LI><a href="#[72]">&gt;&gt;</a>&nbsp;&nbsp;&nbsp;DispNew
<LI><a href="#[200]">&gt;&gt;</a>&nbsp;&nbsp;&nbsp;DispDateRecNo
<LI><a href="#[22d]">&gt;&gt;</a>&nbsp;&nbsp;&nbsp;ProgPrnGraph
<LI><a href="#[23b]">&gt;&gt;</a>&nbsp;&nbsp;&nbsp;ProgPointType
<LI><a href="#[216]">&gt;&gt;</a>&nbsp;&nbsp;&nbsp;ProgDisc
<LI><a href="#[227]">&gt;&gt;</a>&nbsp;&nbsp;&nbsp;ProgDate
<LI><a href="#[22c]">&gt;&gt;</a>&nbsp;&nbsp;&nbsp;ProgBalance
<LI><a href="#[234]">&gt;&gt;</a>&nbsp;&nbsp;&nbsp;PrintECRVIP
<LI><a href="#[177]">&gt;&gt;</a>&nbsp;&nbsp;&nbsp;PrintDept_PLU
<LI><a href="#[224]">&gt;&gt;</a>&nbsp;&nbsp;&nbsp;GetOpt
<LI><a href="#[58]">&gt;&gt;</a>&nbsp;&nbsp;&nbsp;DisplaySetup
<LI><a href="#[169]">&gt;&gt;</a>&nbsp;&nbsp;&nbsp;DisplayOption
<LI><a href="#[190]">&gt;&gt;</a>&nbsp;&nbsp;&nbsp;CheckMode
<LI><a href="#[23e]">&gt;&gt;</a>&nbsp;&nbsp;&nbsp;DisplayPrompt
<LI><a href="#[193]">&gt;&gt;</a>&nbsp;&nbsp;&nbsp;CheckTime
<LI><a href="#[176]">&gt;&gt;</a>&nbsp;&nbsp;&nbsp;SetPassword
<LI><a href="#[20f]">&gt;&gt;</a>&nbsp;&nbsp;&nbsp;SetKeyboard
<LI><a href="#[9a]">&gt;&gt;</a>&nbsp;&nbsp;&nbsp;ReadGraphic
<LI><a href="#[a2]">&gt;&gt;</a>&nbsp;&nbsp;&nbsp;ReadFlagsList
<LI><a href="#[2c3]">&gt;&gt;</a>&nbsp;&nbsp;&nbsp;PrintStr_Center
<LI><a href="#[244]">&gt;&gt;</a>&nbsp;&nbsp;&nbsp;ECRFuncCodeToName
<LI><a href="#[36d]">&gt;&gt;</a>&nbsp;&nbsp;&nbsp;PrintSlipPage
<LI><a href="#[349]">&gt;&gt;</a>&nbsp;&nbsp;&nbsp;PrintRegiInfo
<LI><a href="#[348]">&gt;&gt;</a>&nbsp;&nbsp;&nbsp;PrintAllons
<LI><a href="#[38c]">&gt;&gt;</a>&nbsp;&nbsp;&nbsp;ProcessOnePlu
<LI><a href="#[306]">&gt;&gt;</a>&nbsp;&nbsp;&nbsp;IssueKp
<LI><a href="#[2c6]">&gt;&gt;</a>&nbsp;&nbsp;&nbsp;ReportEnd
<LI><a href="#[2ca]">&gt;&gt;</a>&nbsp;&nbsp;&nbsp;PrintReportHeader
<LI><a href="#[2c7]">&gt;&gt;</a>&nbsp;&nbsp;&nbsp;PrintPointType
<LI><a href="#[392]">&gt;&gt;</a>&nbsp;&nbsp;&nbsp;SelectGraphic
<LI><a href="#[2c9]">&gt;&gt;</a>&nbsp;&nbsp;&nbsp;GetString
<LI><a href="#[2b2]">&gt;&gt;</a>&nbsp;&nbsp;&nbsp;GetHEXValue
</UL>

<P><STRONG><a name="[27f]"></a>strcmp</STRONG> (Thumb, 28 bytes, Stack size 8 bytes, strcmp.o(.text))
<BR><BR>[Stack]<UL><LI>Max Depth = 8<LI>Call Chain = strcmp
</UL>
<BR>[Called By]<UL><LI><a href="#[27b]">&gt;&gt;</a>&nbsp;&nbsp;&nbsp;GPRSDownloadEcrPLUData
</UL>

<P><STRONG><a name="[1ae]"></a>memcmp</STRONG> (Thumb, 26 bytes, Stack size 12 bytes, memcmp.o(.text))
<BR><BR>[Stack]<UL><LI>Max Depth = 12<LI>Call Chain = memcmp
</UL>
<BR>[Called By]<UL><LI><a href="#[239]">&gt;&gt;</a>&nbsp;&nbsp;&nbsp;ProgPLUFields
<LI><a href="#[23a]">&gt;&gt;</a>&nbsp;&nbsp;&nbsp;ProgDEPTFields
<LI><a href="#[193]">&gt;&gt;</a>&nbsp;&nbsp;&nbsp;CheckTime
</UL>

<P><STRONG><a name="[150]"></a>strcpy</STRONG> (Thumb, 18 bytes, Stack size 0 bytes, strcpy.o(.text))
<BR><BR>[Called By]<UL><LI><a href="#[14c]">&gt;&gt;</a>&nbsp;&nbsp;&nbsp;CalculateTax
<LI><a href="#[19f]">&gt;&gt;</a>&nbsp;&nbsp;&nbsp;CheckModifier
<LI><a href="#[35d]">&gt;&gt;</a>&nbsp;&nbsp;&nbsp;PrintModifiers
<LI><a href="#[2c1]">&gt;&gt;</a>&nbsp;&nbsp;&nbsp;GetReport
<LI><a href="#[16f]">&gt;&gt;</a>&nbsp;&nbsp;&nbsp;CheckRandomPlu
<LI><a href="#[1d4]">&gt;&gt;</a>&nbsp;&nbsp;&nbsp;ProcessRecord
<LI><a href="#[2fb]">&gt;&gt;</a>&nbsp;&nbsp;&nbsp;InitKeyMacro
<LI><a href="#[159]">&gt;&gt;</a>&nbsp;&nbsp;&nbsp;CheckBitValue
<LI><a href="#[2db]">&gt;&gt;</a>&nbsp;&nbsp;&nbsp;TestSerial123
<LI><a href="#[2d5]">&gt;&gt;</a>&nbsp;&nbsp;&nbsp;TestRomRam
<LI><a href="#[2d7]">&gt;&gt;</a>&nbsp;&nbsp;&nbsp;TestBEEP
<LI><a href="#[2dc]">&gt;&gt;</a>&nbsp;&nbsp;&nbsp;PrintVersion
<LI><a href="#[279]">&gt;&gt;</a>&nbsp;&nbsp;&nbsp;GPRSConnect_TCPIP
<LI><a href="#[7f]">&gt;&gt;</a>&nbsp;&nbsp;&nbsp;DispTAX
<LI><a href="#[6f]">&gt;&gt;</a>&nbsp;&nbsp;&nbsp;DispSubTotalDisc
<LI><a href="#[77]">&gt;&gt;</a>&nbsp;&nbsp;&nbsp;DispRefreshIC
<LI><a href="#[6e]">&gt;&gt;</a>&nbsp;&nbsp;&nbsp;DispPercentDisc
<LI><a href="#[72]">&gt;&gt;</a>&nbsp;&nbsp;&nbsp;DispNew
<LI><a href="#[21c]">&gt;&gt;</a>&nbsp;&nbsp;&nbsp;ProgZone
<LI><a href="#[213]">&gt;&gt;</a>&nbsp;&nbsp;&nbsp;ProgTend
<LI><a href="#[21a]">&gt;&gt;</a>&nbsp;&nbsp;&nbsp;ProgTax
<LI><a href="#[223]">&gt;&gt;</a>&nbsp;&nbsp;&nbsp;ProgSysFlag
<LI><a href="#[232]">&gt;&gt;</a>&nbsp;&nbsp;&nbsp;ProgSlip
<LI><a href="#[23b]">&gt;&gt;</a>&nbsp;&nbsp;&nbsp;ProgPointType
<LI><a href="#[214]">&gt;&gt;</a>&nbsp;&nbsp;&nbsp;ProgPoRa
<LI><a href="#[107]">&gt;&gt;</a>&nbsp;&nbsp;&nbsp;ProgPlu
<LI><a href="#[225]">&gt;&gt;</a>&nbsp;&nbsp;&nbsp;ProgPbInfo
<LI><a href="#[219]">&gt;&gt;</a>&nbsp;&nbsp;&nbsp;ProgPbF
<LI><a href="#[229]">&gt;&gt;</a>&nbsp;&nbsp;&nbsp;ProgOFF
<LI><a href="#[21d]">&gt;&gt;</a>&nbsp;&nbsp;&nbsp;ProgModi
<LI><a href="#[230]">&gt;&gt;</a>&nbsp;&nbsp;&nbsp;ProgKPrn
<LI><a href="#[212]">&gt;&gt;</a>&nbsp;&nbsp;&nbsp;ProgGroup
<LI><a href="#[231]">&gt;&gt;</a>&nbsp;&nbsp;&nbsp;ProgExtPrinter
<LI><a href="#[237]">&gt;&gt;</a>&nbsp;&nbsp;&nbsp;ProgECRVIPPoints
<LI><a href="#[218]">&gt;&gt;</a>&nbsp;&nbsp;&nbsp;ProgDraw
<LI><a href="#[216]">&gt;&gt;</a>&nbsp;&nbsp;&nbsp;ProgDisc
<LI><a href="#[211]">&gt;&gt;</a>&nbsp;&nbsp;&nbsp;ProgDept
<LI><a href="#[227]">&gt;&gt;</a>&nbsp;&nbsp;&nbsp;ProgDate
<LI><a href="#[217]">&gt;&gt;</a>&nbsp;&nbsp;&nbsp;ProgCurr
<LI><a href="#[215]">&gt;&gt;</a>&nbsp;&nbsp;&nbsp;ProgCorrec
<LI><a href="#[21b]">&gt;&gt;</a>&nbsp;&nbsp;&nbsp;ProgClerk
<LI><a href="#[22c]">&gt;&gt;</a>&nbsp;&nbsp;&nbsp;ProgBalance
<LI><a href="#[179]">&gt;&gt;</a>&nbsp;&nbsp;&nbsp;PrintXZMenu
<LI><a href="#[177]">&gt;&gt;</a>&nbsp;&nbsp;&nbsp;PrintDept_PLU
<LI><a href="#[178]">&gt;&gt;</a>&nbsp;&nbsp;&nbsp;PrintSetupMenu
<LI><a href="#[169]">&gt;&gt;</a>&nbsp;&nbsp;&nbsp;DisplayOption
<LI><a href="#[190]">&gt;&gt;</a>&nbsp;&nbsp;&nbsp;CheckMode
<LI><a href="#[245]">&gt;&gt;</a>&nbsp;&nbsp;&nbsp;ReadItemCaption
<LI><a href="#[176]">&gt;&gt;</a>&nbsp;&nbsp;&nbsp;SetPassword
<LI><a href="#[393]">&gt;&gt;</a>&nbsp;&nbsp;&nbsp;SelectKeyCode
<LI><a href="#[9b]">&gt;&gt;</a>&nbsp;&nbsp;&nbsp;ReadXZReport
<LI><a href="#[98]">&gt;&gt;</a>&nbsp;&nbsp;&nbsp;ReadTrail
<LI><a href="#[99]">&gt;&gt;</a>&nbsp;&nbsp;&nbsp;ReadSlipHeader
<LI><a href="#[9c]">&gt;&gt;</a>&nbsp;&nbsp;&nbsp;ReadRepUnit
<LI><a href="#[a7]">&gt;&gt;</a>&nbsp;&nbsp;&nbsp;ReadKeyMacro
<LI><a href="#[a5]">&gt;&gt;</a>&nbsp;&nbsp;&nbsp;ReadKeyDesList
<LI><a href="#[97]">&gt;&gt;</a>&nbsp;&nbsp;&nbsp;ReadHeader
<LI><a href="#[9a]">&gt;&gt;</a>&nbsp;&nbsp;&nbsp;ReadGraphic
<LI><a href="#[a2]">&gt;&gt;</a>&nbsp;&nbsp;&nbsp;ReadFlagsList
<LI><a href="#[17c]">&gt;&gt;</a>&nbsp;&nbsp;&nbsp;PrintGraphics
<LI><a href="#[246]">&gt;&gt;</a>&nbsp;&nbsp;&nbsp;ECRFuncCodeToTypeName
<LI><a href="#[244]">&gt;&gt;</a>&nbsp;&nbsp;&nbsp;ECRFuncCodeToName
<LI><a href="#[23f]">&gt;&gt;</a>&nbsp;&nbsp;&nbsp;Display_RGBuf
<LI><a href="#[2bb]">&gt;&gt;</a>&nbsp;&nbsp;&nbsp;InvertBit
<LI><a href="#[349]">&gt;&gt;</a>&nbsp;&nbsp;&nbsp;PrintRegiInfo
<LI><a href="#[348]">&gt;&gt;</a>&nbsp;&nbsp;&nbsp;PrintAllons
<LI><a href="#[a9]">&gt;&gt;</a>&nbsp;&nbsp;&nbsp;ReadPluStock
<LI><a href="#[a4]">&gt;&gt;</a>&nbsp;&nbsp;&nbsp;ReadFromMsg
<LI><a href="#[2b9]">&gt;&gt;</a>&nbsp;&nbsp;&nbsp;GetModifier
<LI><a href="#[8d]">&gt;&gt;</a>&nbsp;&nbsp;&nbsp;ReadKP
<LI><a href="#[306]">&gt;&gt;</a>&nbsp;&nbsp;&nbsp;IssueKp
</UL>

<P><STRONG><a name="[1a2]"></a>strncmp</STRONG> (Thumb, 30 bytes, Stack size 12 bytes, strncmp.o(.text))
<BR><BR>[Stack]<UL><LI>Max Depth = 12<LI>Call Chain = strncmp
</UL>
<BR>[Called By]<UL><LI><a href="#[199]">&gt;&gt;</a>&nbsp;&nbsp;&nbsp;CheckPWD
<LI><a href="#[176]">&gt;&gt;</a>&nbsp;&nbsp;&nbsp;SetPassword
</UL>

<P><STRONG><a name="[c2]"></a>atoi</STRONG> (Thumb, 26 bytes, Stack size 16 bytes, atoi.o(.text))
<BR><BR>[Stack]<UL><LI>Max Depth = 88<LI>Call Chain = atoi &rArr; strtol &rArr; _strtoul
</UL>
<BR>[Calls]<UL><LI><a href="#[c4]">&gt;&gt;</a>&nbsp;&nbsp;&nbsp;strtol
<LI><a href="#[c3]">&gt;&gt;</a>&nbsp;&nbsp;&nbsp;__aeabi_errno_addr
</UL>
<BR>[Called By]<UL><LI><a href="#[188]">&gt;&gt;</a>&nbsp;&nbsp;&nbsp;InputEXASCII
</UL>

<P><STRONG><a name="[436]"></a>__aeabi_uidiv</STRONG> (Thumb, 0 bytes, Stack size 12 bytes, uidiv.o(.text), UNUSED)

<P><STRONG><a name="[40b]"></a>__aeabi_uidivmod</STRONG> (Thumb, 44 bytes, Stack size 12 bytes, uidiv.o(.text), UNUSED)
<BR><BR>[Called By]<UL><LI><a href="#[404]">&gt;&gt;</a>&nbsp;&nbsp;&nbsp;_printf_core
</UL>

<P><STRONG><a name="[be]"></a>__aeabi_llsl</STRONG> (Thumb, 30 bytes, Stack size 0 bytes, llshl.o(.text))
<BR><BR>[Called By]<UL><LI><a href="#[bc]">&gt;&gt;</a>&nbsp;&nbsp;&nbsp;__aeabi_uldivmod
<LI><a href="#[c9]">&gt;&gt;</a>&nbsp;&nbsp;&nbsp;_double_epilogue
<LI><a href="#[c7]">&gt;&gt;</a>&nbsp;&nbsp;&nbsp;__aeabi_dadd
<LI><a href="#[cf]">&gt;&gt;</a>&nbsp;&nbsp;&nbsp;__aeabi_d2ulz
</UL>

<P><STRONG><a name="[437]"></a>_ll_shift_l</STRONG> (Thumb, 0 bytes, Stack size 0 bytes, llshl.o(.text), UNUSED)

<P><STRONG><a name="[bd]"></a>__aeabi_llsr</STRONG> (Thumb, 32 bytes, Stack size 0 bytes, llushr.o(.text))
<BR><BR>[Called By]<UL><LI><a href="#[bc]">&gt;&gt;</a>&nbsp;&nbsp;&nbsp;__aeabi_uldivmod
<LI><a href="#[c9]">&gt;&gt;</a>&nbsp;&nbsp;&nbsp;_double_epilogue
<LI><a href="#[cf]">&gt;&gt;</a>&nbsp;&nbsp;&nbsp;__aeabi_d2ulz
</UL>

<P><STRONG><a name="[438]"></a>_ll_ushift_r</STRONG> (Thumb, 0 bytes, Stack size 0 bytes, llushr.o(.text), UNUSED)

<P><STRONG><a name="[c4]"></a>strtol</STRONG> (Thumb, 112 bytes, Stack size 32 bytes, strtol.o(.text))
<BR><BR>[Stack]<UL><LI>Max Depth = 72<LI>Call Chain = strtol &rArr; _strtoul
</UL>
<BR>[Calls]<UL><LI><a href="#[c6]">&gt;&gt;</a>&nbsp;&nbsp;&nbsp;_strtoul
<LI><a href="#[c5]">&gt;&gt;</a>&nbsp;&nbsp;&nbsp;__rt_ctype_table
<LI><a href="#[c3]">&gt;&gt;</a>&nbsp;&nbsp;&nbsp;__aeabi_errno_addr
</UL>
<BR>[Called By]<UL><LI><a href="#[c2]">&gt;&gt;</a>&nbsp;&nbsp;&nbsp;atoi
</UL>

<P><STRONG><a name="[439]"></a>__I$use$fp</STRONG> (Thumb, 0 bytes, Stack size 48 bytes, iusefp.o(.text), UNUSED)

<P><STRONG><a name="[c7]"></a>__aeabi_dadd</STRONG> (Thumb, 322 bytes, Stack size 48 bytes, dadd.o(.text), UNUSED)
<BR><BR>[Calls]<UL><LI><a href="#[c8]">&gt;&gt;</a>&nbsp;&nbsp;&nbsp;__aeabi_lasr
<LI><a href="#[ca]">&gt;&gt;</a>&nbsp;&nbsp;&nbsp;_double_round
<LI><a href="#[c9]">&gt;&gt;</a>&nbsp;&nbsp;&nbsp;_double_epilogue
<LI><a href="#[be]">&gt;&gt;</a>&nbsp;&nbsp;&nbsp;__aeabi_llsl
</UL>
<BR>[Called By]<UL><LI><a href="#[cc]">&gt;&gt;</a>&nbsp;&nbsp;&nbsp;__aeabi_drsub
<LI><a href="#[cb]">&gt;&gt;</a>&nbsp;&nbsp;&nbsp;__aeabi_dsub
<LI><a href="#[405]">&gt;&gt;</a>&nbsp;&nbsp;&nbsp;_fp_digits
</UL>

<P><STRONG><a name="[cb]"></a>__aeabi_dsub</STRONG> (Thumb, 6 bytes, Stack size 0 bytes, dadd.o(.text), UNUSED)
<BR><BR>[Calls]<UL><LI><a href="#[c7]">&gt;&gt;</a>&nbsp;&nbsp;&nbsp;__aeabi_dadd
</UL>

<P><STRONG><a name="[cc]"></a>__aeabi_drsub</STRONG> (Thumb, 6 bytes, Stack size 0 bytes, dadd.o(.text), UNUSED)
<BR><BR>[Calls]<UL><LI><a href="#[c7]">&gt;&gt;</a>&nbsp;&nbsp;&nbsp;__aeabi_dadd
</UL>

<P><STRONG><a name="[cd]"></a>__aeabi_dmul</STRONG> (Thumb, 228 bytes, Stack size 48 bytes, dmul.o(.text), UNUSED)
<BR><BR>[Calls]<UL><LI><a href="#[c9]">&gt;&gt;</a>&nbsp;&nbsp;&nbsp;_double_epilogue
</UL>
<BR>[Called By]<UL><LI><a href="#[405]">&gt;&gt;</a>&nbsp;&nbsp;&nbsp;_fp_digits
</UL>

<P><STRONG><a name="[ce]"></a>__aeabi_ddiv</STRONG> (Thumb, 222 bytes, Stack size 32 bytes, ddiv.o(.text), UNUSED)
<BR><BR>[Calls]<UL><LI><a href="#[ca]">&gt;&gt;</a>&nbsp;&nbsp;&nbsp;_double_round
</UL>
<BR>[Called By]<UL><LI><a href="#[405]">&gt;&gt;</a>&nbsp;&nbsp;&nbsp;_fp_digits
</UL>

<P><STRONG><a name="[cf]"></a>__aeabi_d2ulz</STRONG> (Thumb, 48 bytes, Stack size 0 bytes, dfixul.o(.text), UNUSED)
<BR><BR>[Calls]<UL><LI><a href="#[bd]">&gt;&gt;</a>&nbsp;&nbsp;&nbsp;__aeabi_llsr
<LI><a href="#[be]">&gt;&gt;</a>&nbsp;&nbsp;&nbsp;__aeabi_llsl
</UL>
<BR>[Called By]<UL><LI><a href="#[405]">&gt;&gt;</a>&nbsp;&nbsp;&nbsp;_fp_digits
</UL>

<P><STRONG><a name="[406]"></a>__aeabi_cdrcmple</STRONG> (Thumb, 48 bytes, Stack size 0 bytes, cdrcmple.o(.text), UNUSED)
<BR><BR>[Called By]<UL><LI><a href="#[405]">&gt;&gt;</a>&nbsp;&nbsp;&nbsp;_fp_digits
</UL>

<P><STRONG><a name="[bb]"></a>__scatterload</STRONG> (Thumb, 28 bytes, Stack size 0 bytes, init.o(.text))
<BR><BR>[Calls]<UL><LI><a href="#[d0]">&gt;&gt;</a>&nbsp;&nbsp;&nbsp;__main_after_scatterload
</UL>
<BR>[Called By]<UL><LI><a href="#[ba]">&gt;&gt;</a>&nbsp;&nbsp;&nbsp;_main_scatterload
</UL>

<P><STRONG><a name="[43a]"></a>__scatterload_rt2</STRONG> (Thumb, 0 bytes, Stack size 0 bytes, init.o(.text), UNUSED)

<P><STRONG><a name="[c8]"></a>__aeabi_lasr</STRONG> (Thumb, 36 bytes, Stack size 0 bytes, llsshr.o(.text), UNUSED)
<BR><BR>[Called By]<UL><LI><a href="#[c7]">&gt;&gt;</a>&nbsp;&nbsp;&nbsp;__aeabi_dadd
</UL>

<P><STRONG><a name="[43b]"></a>_ll_sshift_r</STRONG> (Thumb, 0 bytes, Stack size 0 bytes, llsshr.o(.text), UNUSED)

<P><STRONG><a name="[c5]"></a>__rt_ctype_table</STRONG> (Thumb, 4 bytes, Stack size 0 bytes, ctype_o.o(.text))
<BR><BR>[Called By]<UL><LI><a href="#[c4]">&gt;&gt;</a>&nbsp;&nbsp;&nbsp;strtol
</UL>

<P><STRONG><a name="[c6]"></a>_strtoul</STRONG> (Thumb, 158 bytes, Stack size 40 bytes, _strtoul.o(.text))
<BR><BR>[Stack]<UL><LI>Max Depth = 40<LI>Call Chain = _strtoul
</UL>
<BR>[Calls]<UL><LI><a href="#[d1]">&gt;&gt;</a>&nbsp;&nbsp;&nbsp;_chval
<LI><a href="#[c3]">&gt;&gt;</a>&nbsp;&nbsp;&nbsp;__aeabi_errno_addr
</UL>
<BR>[Called By]<UL><LI><a href="#[c4]">&gt;&gt;</a>&nbsp;&nbsp;&nbsp;strtol
</UL>

<P><STRONG><a name="[ca]"></a>_double_round</STRONG> (Thumb, 30 bytes, Stack size 8 bytes, depilogue.o(.text), UNUSED)
<BR><BR>[Called By]<UL><LI><a href="#[c9]">&gt;&gt;</a>&nbsp;&nbsp;&nbsp;_double_epilogue
<LI><a href="#[ce]">&gt;&gt;</a>&nbsp;&nbsp;&nbsp;__aeabi_ddiv
<LI><a href="#[c7]">&gt;&gt;</a>&nbsp;&nbsp;&nbsp;__aeabi_dadd
</UL>

<P><STRONG><a name="[c9]"></a>_double_epilogue</STRONG> (Thumb, 156 bytes, Stack size 32 bytes, depilogue.o(.text), UNUSED)
<BR><BR>[Calls]<UL><LI><a href="#[ca]">&gt;&gt;</a>&nbsp;&nbsp;&nbsp;_double_round
<LI><a href="#[bd]">&gt;&gt;</a>&nbsp;&nbsp;&nbsp;__aeabi_llsr
<LI><a href="#[be]">&gt;&gt;</a>&nbsp;&nbsp;&nbsp;__aeabi_llsl
</UL>
<BR>[Called By]<UL><LI><a href="#[cd]">&gt;&gt;</a>&nbsp;&nbsp;&nbsp;__aeabi_dmul
<LI><a href="#[c7]">&gt;&gt;</a>&nbsp;&nbsp;&nbsp;__aeabi_dadd
</UL>

<P><STRONG><a name="[d1]"></a>_chval</STRONG> (Thumb, 28 bytes, Stack size 0 bytes, _chval.o(.text))
<BR><BR>[Called By]<UL><LI><a href="#[c6]">&gt;&gt;</a>&nbsp;&nbsp;&nbsp;_strtoul
</UL>

<P><STRONG><a name="[43c]"></a>__decompress</STRONG> (Thumb, 0 bytes, Stack size unknown bytes, __dczerorl2.o(.text), UNUSED)

<P><STRONG><a name="[43d]"></a>__decompress1</STRONG> (Thumb, 86 bytes, Stack size unknown bytes, __dczerorl2.o(.text), UNUSED)

<P><STRONG><a name="[d2]"></a>ADC1_DMA_Config</STRONG> (Thumb, 182 bytes, Stack size 72 bytes, pwr_ctrl.o(i.ADC1_DMA_Config))
<BR><BR>[Stack]<UL><LI>Max Depth = 92<LI>Call Chain = ADC1_DMA_Config &rArr; ADC_RegularChannelConfig
</UL>
<BR>[Calls]<UL><LI><a href="#[d3]">&gt;&gt;</a>&nbsp;&nbsp;&nbsp;RCC_APB2PeriphClockCmd
<LI><a href="#[d4]">&gt;&gt;</a>&nbsp;&nbsp;&nbsp;RCC_AHBPeriphClockCmd
<LI><a href="#[d5]">&gt;&gt;</a>&nbsp;&nbsp;&nbsp;RCC_ADCCLKConfig
<LI><a href="#[d7]">&gt;&gt;</a>&nbsp;&nbsp;&nbsp;DMA_Init
<LI><a href="#[d6]">&gt;&gt;</a>&nbsp;&nbsp;&nbsp;DMA_DeInit
<LI><a href="#[d8]">&gt;&gt;</a>&nbsp;&nbsp;&nbsp;DMA_Cmd
<LI><a href="#[da]">&gt;&gt;</a>&nbsp;&nbsp;&nbsp;ADC_RegularChannelConfig
<LI><a href="#[d9]">&gt;&gt;</a>&nbsp;&nbsp;&nbsp;ADC_Init
</UL>
<BR>[Called By]<UL><LI><a href="#[3c3]">&gt;&gt;</a>&nbsp;&nbsp;&nbsp;pwr_Init
</UL>

<P><STRONG><a name="[339]"></a>ADC_Cmd</STRONG> (Thumb, 22 bytes, Stack size 0 bytes, stm32f10x_adc.o(i.ADC_Cmd))
<BR><BR>[Called By]<UL><LI><a href="#[418]">&gt;&gt;</a>&nbsp;&nbsp;&nbsp;pwrADCCtrl
<LI><a href="#[338]">&gt;&gt;</a>&nbsp;&nbsp;&nbsp;PRNTempPort_Init
</UL>

<P><STRONG><a name="[419]"></a>ADC_DMACmd</STRONG> (Thumb, 22 bytes, Stack size 0 bytes, stm32f10x_adc.o(i.ADC_DMACmd))
<BR><BR>[Called By]<UL><LI><a href="#[418]">&gt;&gt;</a>&nbsp;&nbsp;&nbsp;pwrADCCtrl
</UL>

<P><STRONG><a name="[d9]"></a>ADC_Init</STRONG> (Thumb, 70 bytes, Stack size 12 bytes, stm32f10x_adc.o(i.ADC_Init))
<BR><BR>[Stack]<UL><LI>Max Depth = 12<LI>Call Chain = ADC_Init
</UL>
<BR>[Called By]<UL><LI><a href="#[d2]">&gt;&gt;</a>&nbsp;&nbsp;&nbsp;ADC1_DMA_Config
<LI><a href="#[338]">&gt;&gt;</a>&nbsp;&nbsp;&nbsp;PRNTempPort_Init
</UL>

[...]
<BR><BR>[Stack]<UL><LI>Max Depth = 56<LI>Call Chain = rtc_gettime &rArr; to_tm &rArr; GregorianDay
</UL>
<BR>[Calls]<UL><LI><a href="#[424]">&gt;&gt;</a>&nbsp;&nbsp;&nbsp;RTC_GetCounter
<LI><a href="#[425]">&gt;&gt;</a>&nbsp;&nbsp;&nbsp;to_tm
</UL>
<BR>[Called By]<UL><LI><a href="#[12e]">&gt;&gt;</a>&nbsp;&nbsp;&nbsp;Bios_1
</UL>

<P><STRONG><a name="[3c5]"></a>rtc_init</STRONG> (Thumb, 68 bytes, Stack size 8 bytes, rtc.o(i.rtc_init))
<BR><BR>[Stack]<UL><LI>Max Depth = 24<LI>Call Chain = rtc_init &rArr; rtc_Config &rArr; RCC_GetFlagStatus
</UL>
<BR>[Calls]<UL><LI><a href="#[421]">&gt;&gt;</a>&nbsp;&nbsp;&nbsp;RTC_WaitForSynchro
<LI><a href="#[422]">&gt;&gt;</a>&nbsp;&nbsp;&nbsp;RTC_WaitForLastTask
<LI><a href="#[423]">&gt;&gt;</a>&nbsp;&nbsp;&nbsp;RTC_ITConfig
<LI><a href="#[41e]">&gt;&gt;</a>&nbsp;&nbsp;&nbsp;RCC_GetFlagStatus
<LI><a href="#[428]">&gt;&gt;</a>&nbsp;&nbsp;&nbsp;RCC_ClearFlag
<LI><a href="#[41b]">&gt;&gt;</a>&nbsp;&nbsp;&nbsp;rtc_Config
<LI><a href="#[427]">&gt;&gt;</a>&nbsp;&nbsp;&nbsp;BKP_WriteBackupRegister
<LI><a href="#[426]">&gt;&gt;</a>&nbsp;&nbsp;&nbsp;BKP_ReadBackupRegister
</UL>
<BR>[Called By]<UL><LI><a href="#[3c0]">&gt;&gt;</a>&nbsp;&nbsp;&nbsp;STM32_Initial
</UL>

<P><STRONG><a name="[135]"></a>rtc_settime</STRONG> (Thumb, 32 bytes, Stack size 16 bytes, rtc.o(i.rtc_settime))
<BR><BR>[Stack]<UL><LI>Max Depth = 32<LI>Call Chain = rtc_settime &rArr; rtc_Config &rArr; RCC_GetFlagStatus
</UL>
<BR>[Calls]<UL><LI><a href="#[422]">&gt;&gt;</a>&nbsp;&nbsp;&nbsp;RTC_WaitForLastTask
<LI><a href="#[398]">&gt;&gt;</a>&nbsp;&nbsp;&nbsp;RTC_SetCounter
<LI><a href="#[41b]">&gt;&gt;</a>&nbsp;&nbsp;&nbsp;rtc_Config
<LI><a href="#[42a]">&gt;&gt;</a>&nbsp;&nbsp;&nbsp;mktimev
<LI><a href="#[429]">&gt;&gt;</a>&nbsp;&nbsp;&nbsp;GregorianDay
</UL>
<BR>[Called By]<UL><LI><a href="#[12e]">&gt;&gt;</a>&nbsp;&nbsp;&nbsp;Bios_1
</UL>

<P><STRONG><a name="[b0]"></a>sel_print_mode</STRONG> (Thumb, 94 bytes, Stack size 8 bytes, print_main.o(i.sel_print_mode))
<BR><BR>[Stack]<UL><LI>Max Depth = 56<LI>Call Chain = sel_print_mode &rArr; UARTGet &rArr; UARTSend
</UL>
<BR>[Calls]<UL><LI><a href="#[138]">&gt;&gt;</a>&nbsp;&nbsp;&nbsp;UARTGet
</UL>
<BR>[Address Reference Count : 1]<UL><LI> print_main.o(.constdata)
</UL>
<P><STRONG><a name="[b6]"></a>sel_raster_bit_image</STRONG> (Thumb, 256 bytes, Stack size 40 bytes, print_main.o(i.sel_raster_bit_image))
<BR><BR>[Stack]<UL><LI>Max Depth = 312<LI>Call Chain = sel_raster_bit_image &rArr; Excute_CR &rArr; RSPrint &rArr; Check_Paper &rArr; ClsState1 &rArr; DispStrXY &rArr; DispCharXY &rArr; ScrollScreen &rArr; mRefreshLine &rArr; mDispStringXY &rArr; mDispCharXY &rArr; mDrawChar &rArr; st7565SetXY &rArr; ST7565R_WR_CMD &rArr; ST7565R_SendData
</UL>
<BR>[Calls]<UL><LI><a href="#[12b]">&gt;&gt;</a>&nbsp;&nbsp;&nbsp;RSPrint
<LI><a href="#[138]">&gt;&gt;</a>&nbsp;&nbsp;&nbsp;UARTGet
<LI><a href="#[ae]">&gt;&gt;</a>&nbsp;&nbsp;&nbsp;Excute_CR
</UL>
<BR>[Address Reference Count : 1]<UL><LI> print_main.o(.constdata)
</UL>
<P><STRONG><a name="[414]"></a>st7565SetXY</STRONG> (Thumb, 40 bytes, Stack size 12 bytes, lcd_st7565r.o(i.st7565SetXY))
<BR><BR>[Stack]<UL><LI>Max Depth = 28<LI>Call Chain = st7565SetXY &rArr; ST7565R_WR_CMD &rArr; ST7565R_SendData
</UL>
<BR>[Calls]<UL><LI><a href="#[3be]">&gt;&gt;</a>&nbsp;&nbsp;&nbsp;ST7565R_WR_CMD
</UL>
<BR>[Called By]<UL><LI><a href="#[105]">&gt;&gt;</a>&nbsp;&nbsp;&nbsp;mClearScreen
<LI><a href="#[2df]">&gt;&gt;</a>&nbsp;&nbsp;&nbsp;mDrawPower
<LI><a href="#[293]">&gt;&gt;</a>&nbsp;&nbsp;&nbsp;mDrawGPRSSignal
<LI><a href="#[291]">&gt;&gt;</a>&nbsp;&nbsp;&nbsp;mDrawGPRS
<LI><a href="#[415]">&gt;&gt;</a>&nbsp;&nbsp;&nbsp;mDrawChar
<LI><a href="#[160]">&gt;&gt;</a>&nbsp;&nbsp;&nbsp;mDrawABox
<LI><a href="#[2e6]">&gt;&gt;</a>&nbsp;&nbsp;&nbsp;mBalnkScreen
<LI><a href="#[1fe]">&gt;&gt;</a>&nbsp;&nbsp;&nbsp;mDispCursor
</UL>

<P><STRONG><a name="[2bc]"></a>strToBin</STRONG> (Thumb, 78 bytes, Stack size 16 bytes, progopt.o(i.strToBin))
<BR><BR>[Stack]<UL><LI>Max Depth = 16<LI>Call Chain = strToBin
</UL>
<BR>[Called By]<UL><LI><a href="#[224]">&gt;&gt;</a>&nbsp;&nbsp;&nbsp;GetOpt
</UL>

<P><STRONG><a name="[425]"></a>to_tm</STRONG> (Thumb, 190 bytes, Stack size 24 bytes, rtc.o(i.to_tm))
<BR><BR>[Stack]<UL><LI>Max Depth = 40<LI>Call Chain = to_tm &rArr; GregorianDay
</UL>
<BR>[Calls]<UL><LI><a href="#[429]">&gt;&gt;</a>&nbsp;&nbsp;&nbsp;GregorianDay
</UL>
<BR>[Called By]<UL><LI><a href="#[134]">&gt;&gt;</a>&nbsp;&nbsp;&nbsp;rtc_gettime
</UL>

<P><STRONG><a name="[b2]"></a>total_cut</STRONG> (Thumb, 38 bytes, Stack size 8 bytes, print_main.o(i.total_cut))
<BR><BR>[Stack]<UL><LI>Max Depth = 280<LI>Call Chain = total_cut &rArr; Excute_CR &rArr; RSPrint &rArr; Check_Paper &rArr; ClsState1 &rArr; DispStrXY &rArr; DispCharXY &rArr; ScrollScreen &rArr; mRefreshLine &rArr; mDispStringXY &rArr; mDispCharXY &rArr; mDrawChar &rArr; st7565SetXY &rArr; ST7565R_WR_CMD &rArr; ST7565R_SendData
</UL>
<BR>[Calls]<UL><LI><a href="#[12b]">&gt;&gt;</a>&nbsp;&nbsp;&nbsp;RSPrint
<LI><a href="#[ae]">&gt;&gt;</a>&nbsp;&nbsp;&nbsp;Excute_CR
</UL>
<BR>[Address Reference Count : 1]<UL><LI> print_main.o(.constdata)
</UL>
<P><STRONG><a name="[b1]"></a>turn_underline_mode</STRONG> (Thumb, 22 bytes, Stack size 8 bytes, print_main.o(i.turn_underline_mode))
<BR><BR>[Stack]<UL><LI>Max Depth = 56<LI>Call Chain = turn_underline_mode &rArr; UARTGet &rArr; UARTSend
</UL>
<BR>[Calls]<UL><LI><a href="#[138]">&gt;&gt;</a>&nbsp;&nbsp;&nbsp;UARTGet
</UL>
<BR>[Address Reference Count : 1]<UL><LI> print_main.o(.constdata)
</UL>
<P><STRONG><a name="[b4]"></a>tx_printer_status</STRONG> (Thumb, 48 bytes, Stack size 16 bytes, print_main.o(i.tx_printer_status))
<BR><BR>[Stack]<UL><LI>Max Depth = 32<LI>Call Chain = tx_printer_status &rArr; UARTSend
</UL>
<BR>[Calls]<UL><LI><a href="#[12f]">&gt;&gt;</a>&nbsp;&nbsp;&nbsp;Get_Printer_status
<LI><a href="#[13a]">&gt;&gt;</a>&nbsp;&nbsp;&nbsp;UARTSend
</UL>
<BR>[Address Reference Count : 1]<UL><LI> print_main.o(.constdata)
</UL>
<P><STRONG><a name="[b5]"></a>tx_status</STRONG> (Thumb, 108 bytes, Stack size 16 bytes, print_main.o(i.tx_status))
<BR><BR>[Stack]<UL><LI>Max Depth = 64<LI>Call Chain = tx_status &rArr; UARTGet &rArr; UARTSend
</UL>
<BR>[Calls]<UL><LI><a href="#[12f]">&gt;&gt;</a>&nbsp;&nbsp;&nbsp;Get_Printer_status
<LI><a href="#[138]">&gt;&gt;</a>&nbsp;&nbsp;&nbsp;UARTGet
<LI><a href="#[13a]">&gt;&gt;</a>&nbsp;&nbsp;&nbsp;UARTSend
</UL>
<BR>[Address Reference Count : 1]<UL><LI> print_main.o(.constdata)
</UL>
<P><STRONG><a name="[13c]"></a>usDelay</STRONG> (Thumb, 66 bytes, Stack size 8 bytes, interface.o(i.usDelay))
<BR><BR>[Stack]<UL><LI>Max Depth = 8<LI>Call Chain = usDelay
</UL>
<BR>[Calls]<UL><LI><a href="#[3e1]">&gt;&gt;</a>&nbsp;&nbsp;&nbsp;TIM_Cmd
</UL>
<BR>[Called By]<UL><LI><a href="#[13b]">&gt;&gt;</a>&nbsp;&nbsp;&nbsp;Bios_TestMAC
<LI><a href="#[13f]">&gt;&gt;</a>&nbsp;&nbsp;&nbsp;CDC_Send_DATA
</UL>

<P><STRONG><a name="[411]"></a>wFlashProgramAWord</STRONG> (Thumb, 96 bytes, Stack size 16 bytes, flashb.o(i.wFlashProgramAWord))
<BR><BR>[Stack]<UL><LI>Max Depth = 28<LI>Call Chain = wFlashProgramAWord &rArr; bFlashReadReset &rArr; bFlashPause
</UL>
<BR>[Calls]<UL><LI><a href="#[42b]">&gt;&gt;</a>&nbsp;&nbsp;&nbsp;wFlashWrite
<LI><a href="#[40d]">&gt;&gt;</a>&nbsp;&nbsp;&nbsp;bFlashWrite
<LI><a href="#[410]">&gt;&gt;</a>&nbsp;&nbsp;&nbsp;bFlashReadReset
<LI><a href="#[40f]">&gt;&gt;</a>&nbsp;&nbsp;&nbsp;bFlashDataToggle
</UL>
<BR>[Called By]<UL><LI><a href="#[f0]">&gt;&gt;</a>&nbsp;&nbsp;&nbsp;bFlashProgram
</UL>

<P><STRONG><a name="[42b]"></a>wFlashWrite</STRONG> (Thumb, 8 bytes, Stack size 0 bytes, flashb.o(i.wFlashWrite))
<BR><BR>[Called By]<UL><LI><a href="#[411]">&gt;&gt;</a>&nbsp;&nbsp;&nbsp;wFlashProgramAWord
</UL>
<P>
<H3>
Local Symbols
</H3>
<P><STRONG><a name="[1c1]"></a>CmdError</STRONG> (Thumb, 56 bytes, Stack size 8 bytes, sdio_sd.o(i.CmdError))
<BR><BR>[Stack]<UL><LI>Max Depth = 8<LI>Call Chain = CmdError
</UL>
<BR>[Calls]<UL><LI><a href="#[1c2]">&gt;&gt;</a>&nbsp;&nbsp;&nbsp;SDIO_GetFlagStatus
<LI><a href="#[1c3]">&gt;&gt;</a>&nbsp;&nbsp;&nbsp;SDIO_ClearFlag
</UL>
<BR>[Called By]<UL><LI><a href="#[3af]">&gt;&gt;</a>&nbsp;&nbsp;&nbsp;SD_PowerON
</UL>

<P><STRONG><a name="[1c5]"></a>CmdResp1Error</STRONG> (Thumb, 318 bytes, Stack size 16 bytes, sdio_sd.o(i.CmdResp1Error))
<BR><BR>[Stack]<UL><LI>Max Depth = 24<LI>Call Chain = CmdResp1Error &rArr; SDIO_GetResponse
</UL>
<BR>[Calls]<UL><LI><a href="#[1c7]">&gt;&gt;</a>&nbsp;&nbsp;&nbsp;SDIO_GetResponse
<LI><a href="#[1c6]">&gt;&gt;</a>&nbsp;&nbsp;&nbsp;SDIO_GetCommandResponse
<LI><a href="#[1c3]">&gt;&gt;</a>&nbsp;&nbsp;&nbsp;SDIO_ClearFlag
</UL>
<BR>[Called By]<UL><LI><a href="#[3b2]">&gt;&gt;</a>&nbsp;&nbsp;&nbsp;SD_SelectDeselect
<LI><a href="#[3af]">&gt;&gt;</a>&nbsp;&nbsp;&nbsp;SD_PowerON
<LI><a href="#[3a9]">&gt;&gt;</a>&nbsp;&nbsp;&nbsp;SDEnWideBus
<LI><a href="#[261]">&gt;&gt;</a>&nbsp;&nbsp;&nbsp;FindSCR
<LI><a href="#[3aa]">&gt;&gt;</a>&nbsp;&nbsp;&nbsp;SD_ProcessIRQSrc
</UL>

<P><STRONG><a name="[1c8]"></a>CmdResp2Error</STRONG> (Thumb, 86 bytes, Stack size 8 bytes, sdio_sd.o(i.CmdResp2Error))
<BR><BR>[Stack]<UL><LI>Max Depth = 8<LI>Call Chain = CmdResp2Error
</UL>
<BR>[Calls]<UL><LI><a href="#[1c3]">&gt;&gt;</a>&nbsp;&nbsp;&nbsp;SDIO_ClearFlag
</UL>
<BR>[Called By]<UL><LI><a href="#[3b0]">&gt;&gt;</a>&nbsp;&nbsp;&nbsp;SD_InitializeCards
</UL>

<P><STRONG><a name="[1c9]"></a>CmdResp3Error</STRONG> (Thumb, 64 bytes, Stack size 8 bytes, sdio_sd.o(i.CmdResp3Error))
<BR><BR>[Stack]<UL><LI>Max Depth = 8<LI>Call Chain = CmdResp3Error
</UL>
<BR>[Calls]<UL><LI><a href="#[1c3]">&gt;&gt;</a>&nbsp;&nbsp;&nbsp;SDIO_ClearFlag
</UL>
<BR>[Called By]<UL><LI><a href="#[3af]">&gt;&gt;</a>&nbsp;&nbsp;&nbsp;SD_PowerON
</UL>

<P><STRONG><a name="[1ca]"></a>CmdResp6Error</STRONG> (Thumb, 168 bytes, Stack size 24 bytes, sdio_sd.o(i.CmdResp6Error))
<BR><BR>[Stack]<UL><LI>Max Depth = 32<LI>Call Chain = CmdResp6Error &rArr; SDIO_GetResponse
</UL>
<BR>[Calls]<UL><LI><a href="#[1c7]">&gt;&gt;</a>&nbsp;&nbsp;&nbsp;SDIO_GetResponse
<LI><a href="#[1c6]">&gt;&gt;</a>&nbsp;&nbsp;&nbsp;SDIO_GetCommandResponse
<LI><a href="#[1c3]">&gt;&gt;</a>&nbsp;&nbsp;&nbsp;SDIO_ClearFlag
</UL>
<BR>[Called By]<UL><LI><a href="#[3b0]">&gt;&gt;</a>&nbsp;&nbsp;&nbsp;SD_InitializeCards
</UL>

<P><STRONG><a name="[1cb]"></a>CmdResp7Error</STRONG> (Thumb, 90 bytes, Stack size 16 bytes, sdio_sd.o(i.CmdResp7Error))
<BR><BR>[Stack]<UL><LI>Max Depth = 16<LI>Call Chain = CmdResp7Error
</UL>
<BR>[Calls]<UL><LI><a href="#[1c3]">&gt;&gt;</a>&nbsp;&nbsp;&nbsp;SDIO_ClearFlag
</UL>
<BR>[Called By]<UL><LI><a href="#[3af]">&gt;&gt;</a>&nbsp;&nbsp;&nbsp;SD_PowerON
</UL>

<P><STRONG><a name="[261]"></a>FindSCR</STRONG> (Thumb, 434 bytes, Stack size 24 bytes, sdio_sd.o(i.FindSCR))
<BR><BR>[Stack]<UL><LI>Max Depth = 48<LI>Call Chain = FindSCR &rArr; CmdResp1Error &rArr; SDIO_GetResponse
</UL>
<BR>[Calls]<UL><LI><a href="#[262]">&gt;&gt;</a>&nbsp;&nbsp;&nbsp;SDIO_SendCommand
<LI><a href="#[264]">&gt;&gt;</a>&nbsp;&nbsp;&nbsp;SDIO_ReadData
<LI><a href="#[1c2]">&gt;&gt;</a>&nbsp;&nbsp;&nbsp;SDIO_GetFlagStatus
<LI><a href="#[263]">&gt;&gt;</a>&nbsp;&nbsp;&nbsp;SDIO_DataConfig
<LI><a href="#[1c3]">&gt;&gt;</a>&nbsp;&nbsp;&nbsp;SDIO_ClearFlag
<LI><a href="#[1c5]">&gt;&gt;</a>&nbsp;&nbsp;&nbsp;CmdResp1Error
</UL>
<BR>[Called By]<UL><LI><a href="#[3a9]">&gt;&gt;</a>&nbsp;&nbsp;&nbsp;SDEnWideBus
</UL>

<P><STRONG><a name="[3a9]"></a>SDEnWideBus</STRONG> (Thumb, 338 bytes, Stack size 16 bytes, sdio_sd.o(i.SDEnWideBus))
<BR><BR>[Stack]<UL><LI>Max Depth = 64<LI>Call Chain = SDEnWideBus &rArr; FindSCR &rArr; CmdResp1Error &rArr; SDIO_GetResponse
</UL>
<BR>[Calls]<UL><LI><a href="#[262]">&gt;&gt;</a>&nbsp;&nbsp;&nbsp;SDIO_SendCommand
<LI><a href="#[1c7]">&gt;&gt;</a>&nbsp;&nbsp;&nbsp;SDIO_GetResponse
<LI><a href="#[261]">&gt;&gt;</a>&nbsp;&nbsp;&nbsp;FindSCR
<LI><a href="#[1c5]">&gt;&gt;</a>&nbsp;&nbsp;&nbsp;CmdResp1Error
</UL>
<BR>[Called By]<UL><LI><a href="#[3ab]">&gt;&gt;</a>&nbsp;&nbsp;&nbsp;SD_EnableWideBusOperation
</UL>

<P><STRONG><a name="[312]"></a>LED_Delay</STRONG> (Thumb, 14 bytes, Stack size 0 bytes, led_customer.o(i.LED_Delay))
<BR><BR>[Called By]<UL><LI><a href="#[311]">&gt;&gt;</a>&nbsp;&nbsp;&nbsp;LED_SendBit
</UL>

<P><STRONG><a name="[311]"></a>LED_SendBit</STRONG> (Thumb, 56 bytes, Stack size 8 bytes, led_customer.o(i.LED_SendBit))
<BR><BR>[Stack]<UL><LI>Max Depth = 8<LI>Call Chain = LED_SendBit
</UL>
<BR>[Calls]<UL><LI><a href="#[312]">&gt;&gt;</a>&nbsp;&nbsp;&nbsp;LED_Delay
</UL>
<BR>[Called By]<UL><LI><a href="#[30f]">&gt;&gt;</a>&nbsp;&nbsp;&nbsp;LED_SendData
</UL>

<P><STRONG><a name="[30f]"></a>LED_SendData</STRONG> (Thumb, 108 bytes, Stack size 24 bytes, led_customer.o(i.LED_SendData))
<BR><BR>[Stack]<UL><LI>Max Depth = 32<LI>Call Chain = LED_SendData &rArr; LED_SendBit
</UL>
<BR>[Calls]<UL><LI><a href="#[311]">&gt;&gt;</a>&nbsp;&nbsp;&nbsp;LED_SendBit
</UL>
<BR>[Called By]<UL><LI><a href="#[132]">&gt;&gt;</a>&nbsp;&nbsp;&nbsp;LED_Off
<LI><a href="#[30e]">&gt;&gt;</a>&nbsp;&nbsp;&nbsp;LED_Init
<LI><a href="#[310]">&gt;&gt;</a>&nbsp;&nbsp;&nbsp;LED_Refresh
</UL>

<P><STRONG><a name="[3d0]"></a>SetSysClock</STRONG> (Thumb, 8 bytes, Stack size 8 bytes, system_stm32f10x.o(i.SetSysClock))
<BR><BR>[Stack]<UL><LI>Max Depth = 20<LI>Call Chain = SetSysClock &rArr; SetSysClockTo72
</UL>
<BR>[Calls]<UL><LI><a href="#[3d1]">&gt;&gt;</a>&nbsp;&nbsp;&nbsp;SetSysClockTo72
</UL>
<BR>[Called By]<UL><LI><a href="#[56]">&gt;&gt;</a>&nbsp;&nbsp;&nbsp;SystemInit
</UL>

<P><STRONG><a name="[3d1]"></a>SetSysClockTo72</STRONG> (Thumb, 214 bytes, Stack size 12 bytes, system_stm32f10x.o(i.SetSysClockTo72))
<BR><BR>[Stack]<UL><LI>Max Depth = 12<LI>Call Chain = SetSysClockTo72
</UL>
<BR>[Called By]<UL><LI><a href="#[3d0]">&gt;&gt;</a>&nbsp;&nbsp;&nbsp;SetSysClock
</UL>

<P><STRONG><a name="[2d0]"></a>IntToUnicode</STRONG> (Thumb, 62 bytes, Stack size 12 bytes, hw_config.o(i.IntToUnicode))
<BR><BR>[Stack]<UL><LI>Max Depth = 12<LI>Call Chain = IntToUnicode
</UL>
<BR>[Called By]<UL><LI><a href="#[2cf]">&gt;&gt;</a>&nbsp;&nbsp;&nbsp;Get_SerialNum
</UL>

<P><STRONG><a name="[1ea]"></a>DataStageIn</STRONG> (Thumb, 166 bytes, Stack size 32 bytes, usb_core.o(i.DataStageIn))
<BR><BR>[Stack]<UL><LI>Max Depth = 52<LI>Call Chain = DataStageIn &rArr; UserToPMABufferCopy
</UL>
<BR>[Calls]<UL><LI><a href="#[140]">&gt;&gt;</a>&nbsp;&nbsp;&nbsp;UserToPMABufferCopy
<LI><a href="#[141]">&gt;&gt;</a>&nbsp;&nbsp;&nbsp;SetEPTxCount
<LI><a href="#[1eb]">&gt;&gt;</a>&nbsp;&nbsp;&nbsp;GetEPTxAddr
</UL>
<BR>[Called By]<UL><LI><a href="#[144]">&gt;&gt;</a>&nbsp;&nbsp;&nbsp;In0_Process
<LI><a href="#[1ef]">&gt;&gt;</a>&nbsp;&nbsp;&nbsp;Data_Setup0
</UL>

<P><STRONG><a name="[1ec]"></a>DataStageOut</STRONG> (Thumb, 166 bytes, Stack size 24 bytes, usb_core.o(i.DataStageOut))
<BR><BR>[Stack]<UL><LI>Max Depth = 44<LI>Call Chain = DataStageOut &rArr; PMAToUserBufferCopy
</UL>
<BR>[Calls]<UL><LI><a href="#[1ee]">&gt;&gt;</a>&nbsp;&nbsp;&nbsp;PMAToUserBufferCopy
<LI><a href="#[141]">&gt;&gt;</a>&nbsp;&nbsp;&nbsp;SetEPTxCount
<LI><a href="#[1ed]">&gt;&gt;</a>&nbsp;&nbsp;&nbsp;GetEPRxAddr
</UL>
<BR>[Called By]<UL><LI><a href="#[146]">&gt;&gt;</a>&nbsp;&nbsp;&nbsp;Out0_Process
</UL>

<P><STRONG><a name="[1ef]"></a>Data_Setup0</STRONG> (Thumb, 628 bytes, Stack size 40 bytes, usb_core.o(i.Data_Setup0))
<BR><BR>[Stack]<UL><LI>Max Depth = 92<LI>Call Chain = Data_Setup0 &rArr; DataStageIn &rArr; UserToPMABufferCopy
</UL>
<BR>[Calls]<UL><LI><a href="#[1ea]">&gt;&gt;</a>&nbsp;&nbsp;&nbsp;DataStageIn
</UL>
<BR>[Called By]<UL><LI><a href="#[145]">&gt;&gt;</a>&nbsp;&nbsp;&nbsp;Setup0_Process
</UL>

<P><STRONG><a name="[321]"></a>NoData_Setup0</STRONG> (Thumb, 290 bytes, Stack size 16 bytes, usb_core.o(i.NoData_Setup0))
<BR><BR>[Stack]<UL><LI>Max Depth = 60<LI>Call Chain = NoData_Setup0 &rArr; Standard_ClearFeature &rArr; SetEPTxStatus
</UL>
<BR>[Calls]<UL><LI><a href="#[325]">&gt;&gt;</a>&nbsp;&nbsp;&nbsp;Standard_SetInterface
<LI><a href="#[326]">&gt;&gt;</a>&nbsp;&nbsp;&nbsp;Standard_SetEndPointFeature
<LI><a href="#[323]">&gt;&gt;</a>&nbsp;&nbsp;&nbsp;Standard_SetDeviceFeature
<LI><a href="#[322]">&gt;&gt;</a>&nbsp;&nbsp;&nbsp;Standard_SetConfiguration
<LI><a href="#[324]">&gt;&gt;</a>&nbsp;&nbsp;&nbsp;Standard_ClearFeature
</UL>
<BR>[Called By]<UL><LI><a href="#[145]">&gt;&gt;</a>&nbsp;&nbsp;&nbsp;Setup0_Process
</UL>

<P><STRONG><a name="[402]"></a>_printf_core</STRONG> (Thumb, 996 bytes, Stack size 104 bytes, printf8.o(i._printf_core), UNUSED)
<BR><BR>[Calls]<UL><LI><a href="#[bc]">&gt;&gt;</a>&nbsp;&nbsp;&nbsp;__aeabi_uldivmod
<LI><a href="#[407]">&gt;&gt;</a>&nbsp;&nbsp;&nbsp;_printf_pre_padding
<LI><a href="#[408]">&gt;&gt;</a>&nbsp;&nbsp;&nbsp;_printf_post_padding
</UL>
<BR>[Called By]<UL><LI><a href="#[401]">&gt;&gt;</a>&nbsp;&nbsp;&nbsp;__0sprintf$8
</UL>

<P><STRONG><a name="[408]"></a>_printf_post_padding</STRONG> (Thumb, 36 bytes, Stack size 24 bytes, printf8.o(i._printf_post_padding), UNUSED)
<BR><BR>[Called By]<UL><LI><a href="#[402]">&gt;&gt;</a>&nbsp;&nbsp;&nbsp;_printf_core
</UL>

<P><STRONG><a name="[407]"></a>_printf_pre_padding</STRONG> (Thumb, 46 bytes, Stack size 24 bytes, printf8.o(i._printf_pre_padding), UNUSED)
<BR><BR>[Called By]<UL><LI><a href="#[402]">&gt;&gt;</a>&nbsp;&nbsp;&nbsp;_printf_core
</UL>

<P><STRONG><a name="[64]"></a>_sputc</STRONG> (Thumb, 10 bytes, Stack size 0 bytes, printf8.o(i._sputc))
<BR><BR>[Called By]<UL><LI><a href="#[401]">&gt;&gt;</a>&nbsp;&nbsp;&nbsp;__0sprintf$8
</UL>
<BR>[Address Reference Count : 1]<UL><LI> printf8.o(i.__0sprintf$8)
</UL>
<P><STRONG><a name="[405]"></a>_fp_digits</STRONG> (Thumb, 334 bytes, Stack size 56 bytes, printfa.o(i._fp_digits), UNUSED)
<BR><BR>[Calls]<UL><LI><a href="#[bc]">&gt;&gt;</a>&nbsp;&nbsp;&nbsp;__aeabi_uldivmod
<LI><a href="#[cd]">&gt;&gt;</a>&nbsp;&nbsp;&nbsp;__aeabi_dmul
<LI><a href="#[ce]">&gt;&gt;</a>&nbsp;&nbsp;&nbsp;__aeabi_ddiv
<LI><a href="#[c7]">&gt;&gt;</a>&nbsp;&nbsp;&nbsp;__aeabi_dadd
<LI><a href="#[cf]">&gt;&gt;</a>&nbsp;&nbsp;&nbsp;__aeabi_d2ulz
<LI><a href="#[406]">&gt;&gt;</a>&nbsp;&nbsp;&nbsp;__aeabi_cdrcmple
</UL>
<BR>[Called By]<UL><LI><a href="#[404]">&gt;&gt;</a>&nbsp;&nbsp;&nbsp;_printf_core
</UL>

<P><STRONG><a name="[404]"></a>_printf_core</STRONG> (Thumb, 1744 bytes, Stack size 136 bytes, printfa.o(i._printf_core), UNUSED)
<BR><BR>[Calls]<UL><LI><a href="#[bc]">&gt;&gt;</a>&nbsp;&nbsp;&nbsp;__aeabi_uldivmod
<LI><a href="#[40b]">&gt;&gt;</a>&nbsp;&nbsp;&nbsp;__aeabi_uidivmod
<LI><a href="#[409]">&gt;&gt;</a>&nbsp;&nbsp;&nbsp;_printf_pre_padding
<LI><a href="#[40a]">&gt;&gt;</a>&nbsp;&nbsp;&nbsp;_printf_post_padding
<LI><a href="#[405]">&gt;&gt;</a>&nbsp;&nbsp;&nbsp;_fp_digits
</UL>
<BR>[Called By]<UL><LI><a href="#[403]">&gt;&gt;</a>&nbsp;&nbsp;&nbsp;__0vsprintf
</UL>

<P><STRONG><a name="[40a]"></a>_printf_post_padding</STRONG> (Thumb, 36 bytes, Stack size 24 bytes, printfa.o(i._printf_post_padding), UNUSED)
<BR><BR>[Called By]<UL><LI><a href="#[404]">&gt;&gt;</a>&nbsp;&nbsp;&nbsp;_printf_core
</UL>

<P><STRONG><a name="[409]"></a>_printf_pre_padding</STRONG> (Thumb, 46 bytes, Stack size 24 bytes, printfa.o(i._printf_pre_padding), UNUSED)
<BR><BR>[Called By]<UL><LI><a href="#[404]">&gt;&gt;</a>&nbsp;&nbsp;&nbsp;_printf_core
</UL>

<P><STRONG><a name="[65]"></a>_sputc</STRONG> (Thumb, 10 bytes, Stack size 0 bytes, printfa.o(i._sputc))
<BR><BR>[Called By]<UL><LI><a href="#[403]">&gt;&gt;</a>&nbsp;&nbsp;&nbsp;__0vsprintf
</UL>
<BR>[Address Reference Count : 1]<UL><LI> printfa.o(i.__0vsprintf)
</UL><P>
<H3>
Undefined Global Symbols
</H3><HR></body></html>
